<?xml version="1.0" encoding="ISO-8859-1" ?>
<link_info>
   <banner>TI ARM Clang Linker PC v4.0.4.LTS</banner>
   <copyright>Copyright (c) 1996-2018 Texas Instruments Incorporated</copyright>
   <command_line>C:\ti\ccs2040\ccs\tools\compiler\ti-cgt-armllvm_4.0.4.LTS\bin\tiarmlnk -IC:\ti\ccs2040\ccs\tools\compiler\ti-cgt-armllvm_4.0.4.LTS\lib -o ECE319K_Lab9H.out -mECE319K_Lab9H.map --heap_size=512 --stack_size=512 -iC:/Users/kayos/Documents/MSPM0_ValvanoWare/ECE319K_Lab9H/Debug/syscfg -iC:/ti/ccs2040/ccs/tools/compiler/ti-cgt-armllvm_4.0.4.LTS/lib --diag_wrap=off --display_error_number --warn_sections --xml_link_info=ECE319K_Lab9H_linkInfo.xml --rom_model ./ADC.o ./ADC1.o ./Clock.o ./DAC5.o ./JoyStick.o ./LED.o ./Lab9HMain.o ./LaunchPad.o ./SPI.o ./ST7735.o ./SlidePot.o ./SmallFont.o ./Sound.o ./Switch.o ./TExaS.o ./Timer.o ./images/pipedreams/PipeSound.o ./ticlang/startup_mspm0g3507_ticlang.o ../mspm0g3507.cmd -lC:/ti/mspm0_sdk_2_09_00_01/source/ti/driverlib/lib/ticlang/m0p/mspm0g1x0x_g3x0x/driverlib.a -llibc.a --start-group -llibc++.a -llibc++abi.a -llibc.a -llibsys.a -llibsysbm.a -llibclang_rt.builtins.a -llibclang_rt.profile.a --end-group --cg_opt_level=0</command_line>
   <link_time>0x69e85cbf</link_time>
   <link_errors>0x0</link_errors>
   <output_file>C:\Users\kayos\Documents\MSPM0_ValvanoWare\ECE319K_Lab9H\Debug\ECE319K_Lab9H.out</output_file>
   <entry_point>
      <name>_c_int00_noargs</name>
      <address>0x1a555</address>
   </entry_point>
   <input_file_list>
      <input_file id="fl-1">
         <path>C:\Users\kayos\Documents\MSPM0_ValvanoWare\ECE319K_Lab9H\Debug\.\</path>
         <kind>object</kind>
         <file>ADC.o</file>
         <name>ADC.o</name>
      </input_file>
      <input_file id="fl-2">
         <path>C:\Users\kayos\Documents\MSPM0_ValvanoWare\ECE319K_Lab9H\Debug\.\</path>
         <kind>object</kind>
         <file>ADC1.o</file>
         <name>ADC1.o</name>
      </input_file>
      <input_file id="fl-3">
         <path>C:\Users\kayos\Documents\MSPM0_ValvanoWare\ECE319K_Lab9H\Debug\.\</path>
         <kind>object</kind>
         <file>Clock.o</file>
         <name>Clock.o</name>
      </input_file>
      <input_file id="fl-4">
         <path>C:\Users\kayos\Documents\MSPM0_ValvanoWare\ECE319K_Lab9H\Debug\.\</path>
         <kind>object</kind>
         <file>DAC5.o</file>
         <name>DAC5.o</name>
      </input_file>
      <input_file id="fl-5">
         <path>C:\Users\kayos\Documents\MSPM0_ValvanoWare\ECE319K_Lab9H\Debug\.\</path>
         <kind>object</kind>
         <file>JoyStick.o</file>
         <name>JoyStick.o</name>
      </input_file>
      <input_file id="fl-6">
         <path>C:\Users\kayos\Documents\MSPM0_ValvanoWare\ECE319K_Lab9H\Debug\.\</path>
         <kind>object</kind>
         <file>LED.o</file>
         <name>LED.o</name>
      </input_file>
      <input_file id="fl-7">
         <path>C:\Users\kayos\Documents\MSPM0_ValvanoWare\ECE319K_Lab9H\Debug\.\</path>
         <kind>object</kind>
         <file>Lab9HMain.o</file>
         <name>Lab9HMain.o</name>
      </input_file>
      <input_file id="fl-8">
         <path>C:\Users\kayos\Documents\MSPM0_ValvanoWare\ECE319K_Lab9H\Debug\.\</path>
         <kind>object</kind>
         <file>LaunchPad.o</file>
         <name>LaunchPad.o</name>
      </input_file>
      <input_file id="fl-9">
         <path>C:\Users\kayos\Documents\MSPM0_ValvanoWare\ECE319K_Lab9H\Debug\.\</path>
         <kind>object</kind>
         <file>SPI.o</file>
         <name>SPI.o</name>
      </input_file>
      <input_file id="fl-a">
         <path>C:\Users\kayos\Documents\MSPM0_ValvanoWare\ECE319K_Lab9H\Debug\.\</path>
         <kind>object</kind>
         <file>ST7735.o</file>
         <name>ST7735.o</name>
      </input_file>
      <input_file id="fl-b">
         <path>C:\Users\kayos\Documents\MSPM0_ValvanoWare\ECE319K_Lab9H\Debug\.\</path>
         <kind>object</kind>
         <file>SlidePot.o</file>
         <name>SlidePot.o</name>
      </input_file>
      <input_file id="fl-c">
         <path>C:\Users\kayos\Documents\MSPM0_ValvanoWare\ECE319K_Lab9H\Debug\.\</path>
         <kind>object</kind>
         <file>SmallFont.o</file>
         <name>SmallFont.o</name>
      </input_file>
      <input_file id="fl-d">
         <path>C:\Users\kayos\Documents\MSPM0_ValvanoWare\ECE319K_Lab9H\Debug\.\</path>
         <kind>object</kind>
         <file>Sound.o</file>
         <name>Sound.o</name>
      </input_file>
      <input_file id="fl-e">
         <path>C:\Users\kayos\Documents\MSPM0_ValvanoWare\ECE319K_Lab9H\Debug\.\</path>
         <kind>object</kind>
         <file>Switch.o</file>
         <name>Switch.o</name>
      </input_file>
      <input_file id="fl-f">
         <path>C:\Users\kayos\Documents\MSPM0_ValvanoWare\ECE319K_Lab9H\Debug\.\</path>
         <kind>object</kind>
         <file>TExaS.o</file>
         <name>TExaS.o</name>
      </input_file>
      <input_file id="fl-10">
         <path>C:\Users\kayos\Documents\MSPM0_ValvanoWare\ECE319K_Lab9H\Debug\.\</path>
         <kind>object</kind>
         <file>Timer.o</file>
         <name>Timer.o</name>
      </input_file>
      <input_file id="fl-11">
         <path>C:\Users\kayos\Documents\MSPM0_ValvanoWare\ECE319K_Lab9H\Debug\.\images\pipedreams\</path>
         <kind>object</kind>
         <file>PipeSound.o</file>
         <name>PipeSound.o</name>
      </input_file>
      <input_file id="fl-12">
         <path>C:\Users\kayos\Documents\MSPM0_ValvanoWare\ECE319K_Lab9H\Debug\.\ticlang\</path>
         <kind>object</kind>
         <file>startup_mspm0g3507_ticlang.o</file>
         <name>startup_mspm0g3507_ticlang.o</name>
      </input_file>
      <input_file id="fl-1e">
         <path>C:\Users\kayos\Documents\MSPM0_ValvanoWare\ECE319K_Lab9H\Debug\</path>
         <kind>object</kind>
         <file>&lt;internal&gt;</file>
         <name>&lt;internal&gt;</name>
      </input_file>
      <input_file id="fl-35">
         <path>C:\ti\ccs2040\ccs\tools\compiler\ti-cgt-armllvm_4.0.4.LTS\lib\armv6m-ti-none-eabi\c\</path>
         <kind>archive</kind>
         <file>libc.a</file>
         <name>fopen.c.obj</name>
      </input_file>
      <input_file id="fl-36">
         <path>C:\ti\ccs2040\ccs\tools\compiler\ti-cgt-armllvm_4.0.4.LTS\lib\armv6m-ti-none-eabi\c\</path>
         <kind>archive</kind>
         <file>libc.a</file>
         <name>setvbuf.c.obj</name>
      </input_file>
      <input_file id="fl-37">
         <path>C:\ti\ccs2040\ccs\tools\compiler\ti-cgt-armllvm_4.0.4.LTS\lib\armv6m-ti-none-eabi\c\</path>
         <kind>archive</kind>
         <file>libc.a</file>
         <name>aeabi_portable.c.obj</name>
      </input_file>
      <input_file id="fl-38">
         <path>C:\ti\ccs2040\ccs\tools\compiler\ti-cgt-armllvm_4.0.4.LTS\lib\armv6m-ti-none-eabi\c\</path>
         <kind>archive</kind>
         <file>libc.a</file>
         <name>exit.c.obj</name>
      </input_file>
      <input_file id="fl-39">
         <path>C:\ti\ccs2040\ccs\tools\compiler\ti-cgt-armllvm_4.0.4.LTS\lib\armv6m-ti-none-eabi\c\</path>
         <kind>archive</kind>
         <file>libc.a</file>
         <name>_lock.c.obj</name>
      </input_file>
      <input_file id="fl-3a">
         <path>C:\ti\ccs2040\ccs\tools\compiler\ti-cgt-armllvm_4.0.4.LTS\lib\armv6m-ti-none-eabi\c\</path>
         <kind>archive</kind>
         <file>libc.a</file>
         <name>assert.c.obj</name>
      </input_file>
      <input_file id="fl-3b">
         <path>C:\ti\ccs2040\ccs\tools\compiler\ti-cgt-armllvm_4.0.4.LTS\lib\armv6m-ti-none-eabi\c\</path>
         <kind>archive</kind>
         <file>libc.a</file>
         <name>defs.c.obj</name>
      </input_file>
      <input_file id="fl-3c">
         <path>C:\ti\ccs2040\ccs\tools\compiler\ti-cgt-armllvm_4.0.4.LTS\lib\armv6m-ti-none-eabi\c\</path>
         <kind>archive</kind>
         <file>libc.a</file>
         <name>memory.c.obj</name>
      </input_file>
      <input_file id="fl-3d">
         <path>C:\ti\ccs2040\ccs\tools\compiler\ti-cgt-armllvm_4.0.4.LTS\lib\armv6m-ti-none-eabi\c\</path>
         <kind>archive</kind>
         <file>libc.a</file>
         <name>boot_cortex_m.c.obj</name>
      </input_file>
      <input_file id="fl-3e">
         <path>C:\ti\ccs2040\ccs\tools\compiler\ti-cgt-armllvm_4.0.4.LTS\lib\armv6m-ti-none-eabi\c\</path>
         <kind>archive</kind>
         <file>libc.a</file>
         <name>mathacl_init.c.obj</name>
      </input_file>
      <input_file id="fl-3f">
         <path>C:\ti\ccs2040\ccs\tools\compiler\ti-cgt-armllvm_4.0.4.LTS\lib\armv6m-ti-none-eabi\c\</path>
         <kind>archive</kind>
         <file>libc.a</file>
         <name>autoinit.c.obj</name>
      </input_file>
      <input_file id="fl-40">
         <path>C:\ti\ccs2040\ccs\tools\compiler\ti-cgt-armllvm_4.0.4.LTS\lib\armv6m-ti-none-eabi\c\</path>
         <kind>archive</kind>
         <file>libc.a</file>
         <name>pre_init.c.obj</name>
      </input_file>
      <input_file id="fl-41">
         <path>C:\ti\ccs2040\ccs\tools\compiler\ti-cgt-armllvm_4.0.4.LTS\lib\armv6m-ti-none-eabi\c\</path>
         <kind>archive</kind>
         <file>libc.a</file>
         <name>cpy_tbl.c.obj</name>
      </input_file>
      <input_file id="fl-42">
         <path>C:\ti\ccs2040\ccs\tools\compiler\ti-cgt-armllvm_4.0.4.LTS\lib\armv6m-ti-none-eabi\c\</path>
         <kind>archive</kind>
         <file>libc.a</file>
         <name>copy_zero_init.c.obj</name>
      </input_file>
      <input_file id="fl-43">
         <path>C:\ti\ccs2040\ccs\tools\compiler\ti-cgt-armllvm_4.0.4.LTS\lib\armv6m-ti-none-eabi\c\</path>
         <kind>archive</kind>
         <file>libc.a</file>
         <name>copy_decompress_none.c.obj</name>
      </input_file>
      <input_file id="fl-44">
         <path>C:\ti\ccs2040\ccs\tools\compiler\ti-cgt-armllvm_4.0.4.LTS\lib\armv6m-ti-none-eabi\c\</path>
         <kind>archive</kind>
         <file>libc.a</file>
         <name>copy_decompress_lzss.c.obj</name>
      </input_file>
      <input_file id="fl-45">
         <path>C:\ti\ccs2040\ccs\tools\compiler\ti-cgt-armllvm_4.0.4.LTS\lib\armv6m-ti-none-eabi\c\</path>
         <kind>archive</kind>
         <file>libc.a</file>
         <name>sprintf.c.obj</name>
      </input_file>
      <input_file id="fl-46">
         <path>C:\ti\ccs2040\ccs\tools\compiler\ti-cgt-armllvm_4.0.4.LTS\lib\armv6m-ti-none-eabi\c\</path>
         <kind>archive</kind>
         <file>libc.a</file>
         <name>fclose.c.obj</name>
      </input_file>
      <input_file id="fl-47">
         <path>C:\ti\ccs2040\ccs\tools\compiler\ti-cgt-armllvm_4.0.4.LTS\lib\armv6m-ti-none-eabi\c\</path>
         <kind>archive</kind>
         <file>libc.a</file>
         <name>fflush.c.obj</name>
      </input_file>
      <input_file id="fl-48">
         <path>C:\ti\ccs2040\ccs\tools\compiler\ti-cgt-armllvm_4.0.4.LTS\lib\armv6m-ti-none-eabi\c\</path>
         <kind>archive</kind>
         <file>libc.a</file>
         <name>fputs.c.obj</name>
      </input_file>
      <input_file id="fl-49">
         <path>C:\ti\ccs2040\ccs\tools\compiler\ti-cgt-armllvm_4.0.4.LTS\lib\armv6m-ti-none-eabi\c\</path>
         <kind>archive</kind>
         <file>libc.a</file>
         <name>_io_perm.c.obj</name>
      </input_file>
      <input_file id="fl-4a">
         <path>C:\ti\ccs2040\ccs\tools\compiler\ti-cgt-armllvm_4.0.4.LTS\lib\armv6m-ti-none-eabi\c\</path>
         <kind>archive</kind>
         <file>libc.a</file>
         <name>args_main.c.obj</name>
      </input_file>
      <input_file id="fl-4b">
         <path>C:\ti\ccs2040\ccs\tools\compiler\ti-cgt-armllvm_4.0.4.LTS\lib\armv6m-ti-none-eabi\c\</path>
         <kind>archive</kind>
         <file>libc.a</file>
         <name>_printfi.c.obj</name>
      </input_file>
      <input_file id="fl-4c">
         <path>C:\ti\ccs2040\ccs\tools\compiler\ti-cgt-armllvm_4.0.4.LTS\lib\armv6m-ti-none-eabi\c\</path>
         <kind>archive</kind>
         <file>libc.a</file>
         <name>fseek.c.obj</name>
      </input_file>
      <input_file id="fl-4d">
         <path>C:\ti\ccs2040\ccs\tools\compiler\ti-cgt-armllvm_4.0.4.LTS\lib\armv6m-ti-none-eabi\c\</path>
         <kind>archive</kind>
         <file>libc.a</file>
         <name>_ltoa.c.obj</name>
      </input_file>
      <input_file id="fl-4e">
         <path>C:\ti\ccs2040\ccs\tools\compiler\ti-cgt-armllvm_4.0.4.LTS\lib\armv6m-ti-none-eabi\c\</path>
         <kind>archive</kind>
         <file>libc.a</file>
         <name>atoi.c.obj</name>
      </input_file>
      <input_file id="fl-4f">
         <path>C:\ti\ccs2040\ccs\tools\compiler\ti-cgt-armllvm_4.0.4.LTS\lib\armv6m-ti-none-eabi\c\</path>
         <kind>archive</kind>
         <file>libc.a</file>
         <name>memccpy.c.obj</name>
      </input_file>
      <input_file id="fl-50">
         <path>C:\ti\ccs2040\ccs\tools\compiler\ti-cgt-armllvm_4.0.4.LTS\lib\armv6m-ti-none-eabi\c\</path>
         <kind>archive</kind>
         <file>libc.a</file>
         <name>s_frexp.c.obj</name>
      </input_file>
      <input_file id="fl-51">
         <path>C:\ti\ccs2040\ccs\tools\compiler\ti-cgt-armllvm_4.0.4.LTS\lib\armv6m-ti-none-eabi\c\</path>
         <kind>archive</kind>
         <file>libc.a</file>
         <name>s_scalbn.c.obj</name>
      </input_file>
      <input_file id="fl-52">
         <path>C:\ti\ccs2040\ccs\tools\compiler\ti-cgt-armllvm_4.0.4.LTS\lib\armv6m-ti-none-eabi\c\</path>
         <kind>archive</kind>
         <file>libc.a</file>
         <name>wcslen.c.obj</name>
      </input_file>
      <input_file id="fl-53">
         <path>C:\ti\ccs2040\ccs\tools\compiler\ti-cgt-armllvm_4.0.4.LTS\lib\armv6m-ti-none-eabi\c\</path>
         <kind>archive</kind>
         <file>libc.a</file>
         <name>aeabi_ctype.S.obj</name>
      </input_file>
      <input_file id="fl-f3">
         <path>C:\ti\ccs2040\ccs\tools\compiler\ti-cgt-armllvm_4.0.4.LTS\lib\armv6m-ti-none-eabi\c\</path>
         <kind>archive</kind>
         <file>libsysbm.a</file>
         <name>hostexit.c.obj</name>
      </input_file>
      <input_file id="fl-f4">
         <path>C:\ti\ccs2040\ccs\tools\compiler\ti-cgt-armllvm_4.0.4.LTS\lib\armv6m-ti-none-eabi\c\</path>
         <kind>archive</kind>
         <file>libsysbm.a</file>
         <name>write.c.obj</name>
      </input_file>
      <input_file id="fl-f5">
         <path>C:\ti\ccs2040\ccs\tools\compiler\ti-cgt-armllvm_4.0.4.LTS\lib\armv6m-ti-none-eabi\c\</path>
         <kind>archive</kind>
         <file>libsysbm.a</file>
         <name>host_device.c.obj</name>
      </input_file>
      <input_file id="fl-f6">
         <path>C:\ti\ccs2040\ccs\tools\compiler\ti-cgt-armllvm_4.0.4.LTS\lib\armv6m-ti-none-eabi\c\</path>
         <kind>archive</kind>
         <file>libsysbm.a</file>
         <name>remove.c.obj</name>
      </input_file>
      <input_file id="fl-f7">
         <path>C:\ti\ccs2040\ccs\tools\compiler\ti-cgt-armllvm_4.0.4.LTS\lib\armv6m-ti-none-eabi\c\</path>
         <kind>archive</kind>
         <file>libsysbm.a</file>
         <name>open.c.obj</name>
      </input_file>
      <input_file id="fl-f8">
         <path>C:\ti\ccs2040\ccs\tools\compiler\ti-cgt-armllvm_4.0.4.LTS\lib\armv6m-ti-none-eabi\c\</path>
         <kind>archive</kind>
         <file>libsysbm.a</file>
         <name>lseek.c.obj</name>
      </input_file>
      <input_file id="fl-f9">
         <path>C:\ti\ccs2040\ccs\tools\compiler\ti-cgt-armllvm_4.0.4.LTS\lib\armv6m-ti-none-eabi\c\</path>
         <kind>archive</kind>
         <file>libsysbm.a</file>
         <name>close.c.obj</name>
      </input_file>
      <input_file id="fl-fa">
         <path>C:\ti\ccs2040\ccs\tools\compiler\ti-cgt-armllvm_4.0.4.LTS\lib\armv6m-ti-none-eabi\c\</path>
         <kind>archive</kind>
         <file>libsysbm.a</file>
         <name>add_device.c.obj</name>
      </input_file>
      <input_file id="fl-fb">
         <path>C:\ti\ccs2040\ccs\tools\compiler\ti-cgt-armllvm_4.0.4.LTS\lib\armv6m-ti-none-eabi\c\</path>
         <kind>archive</kind>
         <file>libsysbm.a</file>
         <name>unlink.c.obj</name>
      </input_file>
      <input_file id="fl-fc">
         <path>C:\ti\ccs2040\ccs\tools\compiler\ti-cgt-armllvm_4.0.4.LTS\lib\armv6m-ti-none-eabi\c\</path>
         <kind>archive</kind>
         <file>libsysbm.a</file>
         <name>hostclose.c.obj</name>
      </input_file>
      <input_file id="fl-fd">
         <path>C:\ti\ccs2040\ccs\tools\compiler\ti-cgt-armllvm_4.0.4.LTS\lib\armv6m-ti-none-eabi\c\</path>
         <kind>archive</kind>
         <file>libsysbm.a</file>
         <name>hostlseek.c.obj</name>
      </input_file>
      <input_file id="fl-fe">
         <path>C:\ti\ccs2040\ccs\tools\compiler\ti-cgt-armllvm_4.0.4.LTS\lib\armv6m-ti-none-eabi\c\</path>
         <kind>archive</kind>
         <file>libsysbm.a</file>
         <name>hostopen.c.obj</name>
      </input_file>
      <input_file id="fl-ff">
         <path>C:\ti\ccs2040\ccs\tools\compiler\ti-cgt-armllvm_4.0.4.LTS\lib\armv6m-ti-none-eabi\c\</path>
         <kind>archive</kind>
         <file>libsysbm.a</file>
         <name>hostread.c.obj</name>
      </input_file>
      <input_file id="fl-100">
         <path>C:\ti\ccs2040\ccs\tools\compiler\ti-cgt-armllvm_4.0.4.LTS\lib\armv6m-ti-none-eabi\c\</path>
         <kind>archive</kind>
         <file>libsysbm.a</file>
         <name>hostrename.c.obj</name>
      </input_file>
      <input_file id="fl-101">
         <path>C:\ti\ccs2040\ccs\tools\compiler\ti-cgt-armllvm_4.0.4.LTS\lib\armv6m-ti-none-eabi\c\</path>
         <kind>archive</kind>
         <file>libsysbm.a</file>
         <name>hostunlink.c.obj</name>
      </input_file>
      <input_file id="fl-102">
         <path>C:\ti\ccs2040\ccs\tools\compiler\ti-cgt-armllvm_4.0.4.LTS\lib\armv6m-ti-none-eabi\c\</path>
         <kind>archive</kind>
         <file>libsysbm.a</file>
         <name>hostwrite.c.obj</name>
      </input_file>
      <input_file id="fl-103">
         <path>C:\ti\ccs2040\ccs\tools\compiler\ti-cgt-armllvm_4.0.4.LTS\lib\armv6m-ti-none-eabi\c\</path>
         <kind>archive</kind>
         <file>libsysbm.a</file>
         <name>trgmsg.c.obj</name>
      </input_file>
      <input_file id="fl-104">
         <path>C:\ti\ccs2040\ccs\tools\compiler\ti-cgt-armllvm_4.0.4.LTS\lib\armv6m-ti-none-eabi\</path>
         <kind>archive</kind>
         <file>libclang_rt.builtins.a</file>
         <name>adddf3.S.obj</name>
      </input_file>
      <input_file id="fl-105">
         <path>C:\ti\ccs2040\ccs\tools\compiler\ti-cgt-armllvm_4.0.4.LTS\lib\armv6m-ti-none-eabi\</path>
         <kind>archive</kind>
         <file>libclang_rt.builtins.a</file>
         <name>muldf3.S.obj</name>
      </input_file>
      <input_file id="fl-106">
         <path>C:\ti\ccs2040\ccs\tools\compiler\ti-cgt-armllvm_4.0.4.LTS\lib\armv6m-ti-none-eabi\</path>
         <kind>archive</kind>
         <file>libclang_rt.builtins.a</file>
         <name>muldsi3.S.obj</name>
      </input_file>
      <input_file id="fl-107">
         <path>C:\ti\ccs2040\ccs\tools\compiler\ti-cgt-armllvm_4.0.4.LTS\lib\armv6m-ti-none-eabi\</path>
         <kind>archive</kind>
         <file>libclang_rt.builtins.a</file>
         <name>divdf3.S.obj</name>
      </input_file>
      <input_file id="fl-108">
         <path>C:\ti\ccs2040\ccs\tools\compiler\ti-cgt-armllvm_4.0.4.LTS\lib\armv6m-ti-none-eabi\</path>
         <kind>archive</kind>
         <file>libclang_rt.builtins.a</file>
         <name>fixdfsi.S.obj</name>
      </input_file>
      <input_file id="fl-109">
         <path>C:\ti\ccs2040\ccs\tools\compiler\ti-cgt-armllvm_4.0.4.LTS\lib\armv6m-ti-none-eabi\</path>
         <kind>archive</kind>
         <file>libclang_rt.builtins.a</file>
         <name>floatsidf.S.obj</name>
      </input_file>
      <input_file id="fl-10a">
         <path>C:\ti\ccs2040\ccs\tools\compiler\ti-cgt-armllvm_4.0.4.LTS\lib\armv6m-ti-none-eabi\</path>
         <kind>archive</kind>
         <file>libclang_rt.builtins.a</file>
         <name>floatunsidf.S.obj</name>
      </input_file>
      <input_file id="fl-10b">
         <path>C:\ti\ccs2040\ccs\tools\compiler\ti-cgt-armllvm_4.0.4.LTS\lib\armv6m-ti-none-eabi\</path>
         <kind>archive</kind>
         <file>libclang_rt.builtins.a</file>
         <name>muldi3.S.obj</name>
      </input_file>
      <input_file id="fl-10c">
         <path>C:\ti\ccs2040\ccs\tools\compiler\ti-cgt-armllvm_4.0.4.LTS\lib\armv6m-ti-none-eabi\</path>
         <kind>archive</kind>
         <file>libclang_rt.builtins.a</file>
         <name>truncdfsf2.S.obj</name>
      </input_file>
      <input_file id="fl-10d">
         <path>C:\ti\ccs2040\ccs\tools\compiler\ti-cgt-armllvm_4.0.4.LTS\lib\armv6m-ti-none-eabi\</path>
         <kind>archive</kind>
         <file>libclang_rt.builtins.a</file>
         <name>aeabi_dcmp.S.obj</name>
      </input_file>
      <input_file id="fl-10e">
         <path>C:\ti\ccs2040\ccs\tools\compiler\ti-cgt-armllvm_4.0.4.LTS\lib\armv6m-ti-none-eabi\</path>
         <kind>archive</kind>
         <file>libclang_rt.builtins.a</file>
         <name>aeabi_idivmod.S.obj</name>
      </input_file>
      <input_file id="fl-10f">
         <path>C:\ti\ccs2040\ccs\tools\compiler\ti-cgt-armllvm_4.0.4.LTS\lib\armv6m-ti-none-eabi\</path>
         <kind>archive</kind>
         <file>libclang_rt.builtins.a</file>
         <name>aeabi_memcpy.S.obj</name>
      </input_file>
      <input_file id="fl-110">
         <path>C:\ti\ccs2040\ccs\tools\compiler\ti-cgt-armllvm_4.0.4.LTS\lib\armv6m-ti-none-eabi\</path>
         <kind>archive</kind>
         <file>libclang_rt.builtins.a</file>
         <name>aeabi_memset.S.obj</name>
      </input_file>
      <input_file id="fl-111">
         <path>C:\ti\ccs2040\ccs\tools\compiler\ti-cgt-armllvm_4.0.4.LTS\lib\armv6m-ti-none-eabi\</path>
         <kind>archive</kind>
         <file>libclang_rt.builtins.a</file>
         <name>aeabi_uidivmod.S.obj</name>
      </input_file>
      <input_file id="fl-112">
         <path>C:\ti\ccs2040\ccs\tools\compiler\ti-cgt-armllvm_4.0.4.LTS\lib\armv6m-ti-none-eabi\</path>
         <kind>archive</kind>
         <file>libclang_rt.builtins.a</file>
         <name>aeabi_uldivmod.S.obj</name>
      </input_file>
      <input_file id="fl-113">
         <path>C:\ti\ccs2040\ccs\tools\compiler\ti-cgt-armllvm_4.0.4.LTS\lib\armv6m-ti-none-eabi\</path>
         <kind>archive</kind>
         <file>libclang_rt.builtins.a</file>
         <name>udivmoddi4.S.obj</name>
      </input_file>
      <input_file id="fl-114">
         <path>C:\ti\ccs2040\ccs\tools\compiler\ti-cgt-armllvm_4.0.4.LTS\lib\armv6m-ti-none-eabi\</path>
         <kind>archive</kind>
         <file>libclang_rt.builtins.a</file>
         <name>ashldi3.S.obj</name>
      </input_file>
      <input_file id="fl-115">
         <path>C:\ti\ccs2040\ccs\tools\compiler\ti-cgt-armllvm_4.0.4.LTS\lib\armv6m-ti-none-eabi\</path>
         <kind>archive</kind>
         <file>libclang_rt.builtins.a</file>
         <name>comparedf2.c.obj</name>
      </input_file>
      <input_file id="fl-116">
         <path>C:\ti\ccs2040\ccs\tools\compiler\ti-cgt-armllvm_4.0.4.LTS\lib\armv6m-ti-none-eabi\</path>
         <kind>archive</kind>
         <file>libclang_rt.builtins.a</file>
         <name>aeabi_div0.c.obj</name>
      </input_file>
      <input_file id="fl-117">
         <path>C:\ti\ccs2040\ccs\tools\compiler\ti-cgt-armllvm_4.0.4.LTS\lib\armv6m-ti-none-eabi\c\</path>
         <kind>archive</kind>
         <file>libc.a</file>
         <name>getdevice.c.obj</name>
      </input_file>
      <input_file id="fl-118">
         <path>C:\ti\ccs2040\ccs\tools\compiler\ti-cgt-armllvm_4.0.4.LTS\lib\armv6m-ti-none-eabi\c\</path>
         <kind>archive</kind>
         <file>libc.a</file>
         <name>memcpy16.S.obj</name>
      </input_file>
      <input_file id="fl-119">
         <path>C:\ti\ccs2040\ccs\tools\compiler\ti-cgt-armllvm_4.0.4.LTS\lib\armv6m-ti-none-eabi\c\</path>
         <kind>archive</kind>
         <file>libc.a</file>
         <name>memset16.S.obj</name>
      </input_file>
      <input_file id="fl-11a">
         <path>C:\ti\ccs2040\ccs\tools\compiler\ti-cgt-armllvm_4.0.4.LTS\lib\armv6m-ti-none-eabi\c\</path>
         <kind>archive</kind>
         <file>libc.a</file>
         <name>strcmp-armv6m.S.obj</name>
      </input_file>
   </input_file_list>
   <object_component_list>
      <object_component id="oc-18">
         <name>.intvecs</name>
         <load_address>0x0</load_address>
         <readonly>true</readonly>
         <run_address>0x0</run_address>
         <size>0xc0</size>
         <alignment>0x4</alignment>
         <input_file_ref idref="fl-12"/>
      </object_component>
      <object_component id="oc-d8">
         <name>.text._ZL9Game_Tickjjj</name>
         <load_address>0x16bc0</load_address>
         <readonly>true</readonly>
         <executable>true</executable>
         <run_address>0x16bc0</run_address>
         <size>0x7a4</size>
         <alignment>0x4</alignment>
         <input_file_ref idref="fl-7"/>
      </object_component>
      <object_component id="oc-97">
         <name>.text.main</name>
         <load_address>0x17364</load_address>
         <readonly>true</readonly>
         <executable>true</executable>
         <run_address>0x17364</run_address>
         <size>0x434</size>
         <alignment>0x4</alignment>
         <input_file_ref idref="fl-7"/>
      </object_component>
      <object_component id="oc-d1">
         <name>.text._Z17ST7735_DrawBitmapssPKtss</name>
         <load_address>0x17798</load_address>
         <readonly>true</readonly>
         <executable>true</executable>
         <run_address>0x17798</run_address>
         <size>0x210</size>
         <alignment>0x4</alignment>
         <input_file_ref idref="fl-a"/>
      </object_component>
      <object_component id="oc-16c">
         <name>.text._ZL18checkAndClearLinesv</name>
         <load_address>0x179a8</load_address>
         <readonly>true</readonly>
         <executable>true</executable>
         <run_address>0x179a8</run_address>
         <size>0x1c0</size>
         <alignment>0x4</alignment>
         <input_file_ref idref="fl-7"/>
      </object_component>
      <object_component id="oc-10b">
         <name>.text._Z15Clock_Init80MHzi</name>
         <load_address>0x17b68</load_address>
         <readonly>true</readonly>
         <executable>true</executable>
         <run_address>0x17b68</run_address>
         <size>0x1b4</size>
         <alignment>0x4</alignment>
         <input_file_ref idref="fl-3"/>
      </object_component>
      <object_component id="oc-157">
         <name>.text._Z16ST7735_DrawCharSsscssh</name>
         <load_address>0x17d1c</load_address>
         <readonly>true</readonly>
         <executable>true</executable>
         <run_address>0x17d1c</run_address>
         <size>0x1a0</size>
         <alignment>0x4</alignment>
         <input_file_ref idref="fl-a"/>
      </object_component>
      <object_component id="oc-1a2">
         <name>.text._openfile</name>
         <load_address>0x17ebc</load_address>
         <readonly>true</readonly>
         <executable>true</executable>
         <run_address>0x17ebc</run_address>
         <size>0x154</size>
         <alignment>0x4</alignment>
         <input_file_ref idref="fl-35"/>
      </object_component>
      <object_component id="oc-134">
         <name>.text._Z8ADC_InitP10ADC12_Regsjj</name>
         <load_address>0x18010</load_address>
         <readonly>true</readonly>
         <executable>true</executable>
         <run_address>0x18010</run_address>
         <size>0x128</size>
         <alignment>0x4</alignment>
         <input_file_ref idref="fl-f"/>
      </object_component>
      <object_component id="oc-12e">
         <name>.text.ADC_InitDual</name>
         <load_address>0x18138</load_address>
         <readonly>true</readonly>
         <executable>true</executable>
         <run_address>0x18138</run_address>
         <size>0x124</size>
         <alignment>0x4</alignment>
         <input_file_ref idref="fl-1"/>
      </object_component>
      <object_component id="oc-158">
         <name>.text._Z15ST7735_FillRectsssst</name>
         <load_address>0x1825c</load_address>
         <readonly>true</readonly>
         <executable>true</executable>
         <run_address>0x1825c</run_address>
         <size>0x118</size>
         <alignment>0x4</alignment>
         <input_file_ref idref="fl-a"/>
      </object_component>
      <object_component id="oc-227">
         <name>.text.aligned_alloc</name>
         <load_address>0x18374</load_address>
         <readonly>true</readonly>
         <executable>true</executable>
         <run_address>0x18374</run_address>
         <size>0x114</size>
         <alignment>0x4</alignment>
         <input_file_ref idref="fl-3c"/>
      </object_component>
      <object_component id="oc-169">
         <name>.text._ZL8canPlacehaa</name>
         <load_address>0x18488</load_address>
         <readonly>true</readonly>
         <executable>true</executable>
         <run_address>0x18488</run_address>
         <size>0x110</size>
         <alignment>0x4</alignment>
         <input_file_ref idref="fl-7"/>
      </object_component>
      <object_component id="oc-1e6">
         <name>.text._Z8SPI_Initv</name>
         <load_address>0x18598</load_address>
         <readonly>true</readonly>
         <executable>true</executable>
         <run_address>0x18598</run_address>
         <size>0xf8</size>
         <alignment>0x4</alignment>
         <input_file_ref idref="fl-9"/>
      </object_component>
      <object_component id="oc-110">
         <name>.text.add_device</name>
         <load_address>0x18690</load_address>
         <readonly>true</readonly>
         <executable>true</executable>
         <run_address>0x18690</run_address>
         <size>0xec</size>
         <alignment>0x4</alignment>
         <input_file_ref idref="fl-fa"/>
      </object_component>
      <object_component id="oc-136">
         <name>.text._Z9UART_Initv</name>
         <load_address>0x1877c</load_address>
         <readonly>true</readonly>
         <executable>true</executable>
         <run_address>0x1877c</run_address>
         <size>0xe8</size>
         <alignment>0x4</alignment>
         <input_file_ref idref="fl-f"/>
      </object_component>
      <object_component id="oc-16e">
         <name>.text._ZL12showGameOverv</name>
         <load_address>0x18864</load_address>
         <readonly>true</readonly>
         <executable>true</executable>
         <run_address>0x18864</run_address>
         <size>0xe8</size>
         <alignment>0x4</alignment>
         <input_file_ref idref="fl-7"/>
      </object_component>
      <object_component id="oc-1ab">
         <name>.text.free</name>
         <load_address>0x1894c</load_address>
         <readonly>true</readonly>
         <executable>true</executable>
         <run_address>0x1894c</run_address>
         <size>0xe8</size>
         <alignment>0x4</alignment>
         <input_file_ref idref="fl-3c"/>
      </object_component>
      <object_component id="oc-11b">
         <name>.text.setvbuf</name>
         <load_address>0x18a34</load_address>
         <readonly>true</readonly>
         <executable>true</executable>
         <run_address>0x18a34</run_address>
         <size>0xe0</size>
         <alignment>0x4</alignment>
         <input_file_ref idref="fl-36"/>
      </object_component>
      <object_component id="oc-15c">
         <name>.text._Z14ST7735_OutCharc</name>
         <load_address>0x18b14</load_address>
         <readonly>true</readonly>
         <executable>true</executable>
         <run_address>0x18b14</run_address>
         <size>0xd8</size>
         <alignment>0x4</alignment>
         <input_file_ref idref="fl-a"/>
      </object_component>
      <object_component id="oc-d0">
         <name>.text._ZL9Game_Initv</name>
         <load_address>0x18bec</load_address>
         <readonly>true</readonly>
         <executable>true</executable>
         <run_address>0x18bec</run_address>
         <size>0xd8</size>
         <alignment>0x4</alignment>
         <input_file_ref idref="fl-7"/>
      </object_component>
      <object_component id="oc-161">
         <name>.text._ZL13drawHeldBlockssh</name>
         <load_address>0x18cc4</load_address>
         <readonly>true</readonly>
         <executable>true</executable>
         <run_address>0x18cc4</run_address>
         <size>0xd0</size>
         <alignment>0x4</alignment>
         <input_file_ref idref="fl-7"/>
      </object_component>
      <object_component id="oc-d4">
         <name>.text._Z20ST7735_DrawFastHLinessst</name>
         <load_address>0x18d94</load_address>
         <readonly>true</readonly>
         <executable>true</executable>
         <run_address>0x18d94</run_address>
         <size>0xb0</size>
         <alignment>0x4</alignment>
         <input_file_ref idref="fl-a"/>
      </object_component>
      <object_component id="oc-16a">
         <name>.text._ZL10stampBlockhaa</name>
         <load_address>0x18e44</load_address>
         <readonly>true</readonly>
         <executable>true</executable>
         <run_address>0x18e44</run_address>
         <size>0xac</size>
         <alignment>0x4</alignment>
         <input_file_ref idref="fl-7"/>
      </object_component>
      <object_component id="oc-1d4">
         <name>.text._ZL19canBlockFitAnywhereh</name>
         <load_address>0x18ef0</load_address>
         <readonly>true</readonly>
         <executable>true</executable>
         <run_address>0x18ef0</run_address>
         <size>0xac</size>
         <alignment>0x4</alignment>
         <input_file_ref idref="fl-7"/>
      </object_component>
      <object_component id="oc-13c">
         <name>.text._Z14TimerG7_IntArmtjj</name>
         <load_address>0x18f9c</load_address>
         <readonly>true</readonly>
         <executable>true</executable>
         <run_address>0x18f9c</run_address>
         <size>0xa8</size>
         <alignment>0x4</alignment>
         <input_file_ref idref="fl-10"/>
      </object_component>
      <object_component id="oc-18c">
         <name>.text._ZL11commandListPKh</name>
         <load_address>0x19044</load_address>
         <readonly>true</readonly>
         <executable>true</executable>
         <run_address>0x19044</run_address>
         <size>0xa2</size>
         <alignment>0x2</alignment>
         <input_file_ref idref="fl-a"/>
      </object_component>
      <object_component id="oc-1b5">
         <name>.text.__aeabi_idiv0</name>
         <load_address>0x190e6</load_address>
         <readonly>true</readonly>
         <executable>true</executable>
         <run_address>0x190e6</run_address>
         <size>0x2</size>
         <alignment>0x2</alignment>
         <input_file_ref idref="fl-116"/>
      </object_component>
      <object_component id="oc-bd">
         <name>.text._Z17ST7735_InitPrintf10initRFlags</name>
         <load_address>0x190e8</load_address>
         <readonly>true</readonly>
         <executable>true</executable>
         <run_address>0x190e8</run_address>
         <size>0xa0</size>
         <alignment>0x4</alignment>
         <input_file_ref idref="fl-a"/>
      </object_component>
      <object_component id="oc-20f">
         <name>.text.open</name>
         <load_address>0x19188</load_address>
         <readonly>true</readonly>
         <executable>true</executable>
         <run_address>0x19188</run_address>
         <size>0xa0</size>
         <alignment>0x4</alignment>
         <input_file_ref idref="fl-f7"/>
      </object_component>
      <object_component id="oc-10f">
         <name>.text._Z12ST7735_InitR10initRFlags</name>
         <load_address>0x19228</load_address>
         <readonly>true</readonly>
         <executable>true</executable>
         <run_address>0x19228</run_address>
         <size>0x98</size>
         <alignment>0x4</alignment>
         <input_file_ref idref="fl-a"/>
      </object_component>
      <object_component id="oc-cb">
         <name>.text._Z15TimerG12_IntArmjj</name>
         <load_address>0x192c0</load_address>
         <readonly>true</readonly>
         <executable>true</executable>
         <run_address>0x192c0</run_address>
         <size>0x94</size>
         <alignment>0x4</alignment>
         <input_file_ref idref="fl-10"/>
      </object_component>
      <object_component id="oc-14f">
         <name>.text._ZL13setAddrWindowhhhh</name>
         <load_address>0x19354</load_address>
         <readonly>true</readonly>
         <executable>true</executable>
         <run_address>0x19354</run_address>
         <size>0x88</size>
         <alignment>0x4</alignment>
         <input_file_ref idref="fl-a"/>
      </object_component>
      <object_component id="oc-17a">
         <name>.text.HOSTexit</name>
         <load_address>0x193dc</load_address>
         <readonly>true</readonly>
         <executable>true</executable>
         <run_address>0x193dc</run_address>
         <size>0x4</size>
         <alignment>0x2</alignment>
         <input_file_ref idref="fl-f3"/>
      </object_component>
      <object_component id="oc-1e7">
         <name>.text:strcmp</name>
         <load_address>0x193e0</load_address>
         <readonly>true</readonly>
         <executable>true</executable>
         <run_address>0x193e0</run_address>
         <size>0x88</size>
         <alignment>0x10</alignment>
         <input_file_ref idref="fl-11a"/>
      </object_component>
      <object_component id="oc-1be">
         <name>.text._Z14ST7735_OutUDecj</name>
         <load_address>0x19468</load_address>
         <readonly>true</readonly>
         <executable>true</executable>
         <run_address>0x19468</run_address>
         <size>0x84</size>
         <alignment>0x4</alignment>
         <input_file_ref idref="fl-a"/>
      </object_component>
      <object_component id="oc-d2">
         <name>.text._Z17ST7735_DrawStringttPcs</name>
         <load_address>0x194ec</load_address>
         <readonly>true</readonly>
         <executable>true</executable>
         <run_address>0x194ec</run_address>
         <size>0x84</size>
         <alignment>0x2</alignment>
         <input_file_ref idref="fl-a"/>
      </object_component>
      <object_component id="oc-b8">
         <name>.text._Z14LaunchPad_Initv</name>
         <load_address>0x19570</load_address>
         <readonly>true</readonly>
         <executable>true</executable>
         <run_address>0x19570</run_address>
         <size>0x7c</size>
         <alignment>0x4</alignment>
         <input_file_ref idref="fl-8"/>
      </object_component>
      <object_component id="oc-15d">
         <name>.text._ZL10updateLEDsv</name>
         <load_address>0x195ec</load_address>
         <readonly>true</readonly>
         <executable>true</executable>
         <run_address>0x195ec</run_address>
         <size>0x7c</size>
         <alignment>0x4</alignment>
         <input_file_ref idref="fl-7"/>
      </object_component>
      <object_component id="oc-143">
         <name>.text._ZL9drawScorev</name>
         <load_address>0x19668</load_address>
         <readonly>true</readonly>
         <executable>true</executable>
         <run_address>0x19668</run_address>
         <size>0x7c</size>
         <alignment>0x4</alignment>
         <input_file_ref idref="fl-7"/>
      </object_component>
      <object_component id="oc-1a5">
         <name>.text.__TI_closefile</name>
         <load_address>0x196e4</load_address>
         <readonly>true</readonly>
         <executable>true</executable>
         <run_address>0x196e4</run_address>
         <size>0x7c</size>
         <alignment>0x4</alignment>
         <input_file_ref idref="fl-46"/>
      </object_component>
      <object_component id="oc-1c">
         <name>.text:decompress:lzss</name>
         <load_address>0x19760</load_address>
         <readonly>true</readonly>
         <executable>true</executable>
         <run_address>0x19760</run_address>
         <size>0x7c</size>
         <alignment>0x4</alignment>
         <input_file_ref idref="fl-44"/>
      </object_component>
      <object_component id="oc-162">
         <name>.text._Z16ST7735_DrawPixelsst</name>
         <load_address>0x197dc</load_address>
         <readonly>true</readonly>
         <executable>true</executable>
         <run_address>0x197dc</run_address>
         <size>0x70</size>
         <alignment>0x4</alignment>
         <input_file_ref idref="fl-a"/>
      </object_component>
      <object_component id="oc-1fd">
         <name>.text.HOSTlseek</name>
         <load_address>0x1984c</load_address>
         <readonly>true</readonly>
         <executable>true</executable>
         <run_address>0x1984c</run_address>
         <size>0x6c</size>
         <alignment>0x4</alignment>
         <input_file_ref idref="fl-fd"/>
      </object_component>
      <object_component id="oc-205">
         <name>.text.HOSTrename</name>
         <load_address>0x198b8</load_address>
         <readonly>true</readonly>
         <executable>true</executable>
         <run_address>0x198b8</run_address>
         <size>0x6c</size>
         <alignment>0x4</alignment>
         <input_file_ref idref="fl-100"/>
      </object_component>
      <object_component id="oc-141">
         <name>.text._ZL8drawTrayv</name>
         <load_address>0x19924</load_address>
         <readonly>true</readonly>
         <executable>true</executable>
         <run_address>0x19924</run_address>
         <size>0x6c</size>
         <alignment>0x4</alignment>
         <input_file_ref idref="fl-7"/>
      </object_component>
      <object_component id="oc-250">
         <name>.text.getdevice</name>
         <load_address>0x19990</load_address>
         <readonly>true</readonly>
         <executable>true</executable>
         <run_address>0x19990</run_address>
         <size>0x6c</size>
         <alignment>0x4</alignment>
         <input_file_ref idref="fl-117"/>
      </object_component>
      <object_component id="oc-a4">
         <name>.text.ADC_InDual</name>
         <load_address>0x199fc</load_address>
         <readonly>true</readonly>
         <executable>true</executable>
         <run_address>0x199fc</run_address>
         <size>0x64</size>
         <alignment>0x4</alignment>
         <input_file_ref idref="fl-1"/>
      </object_component>
      <object_component id="oc-267">
         <name>.text.split</name>
         <load_address>0x19a60</load_address>
         <readonly>true</readonly>
         <executable>true</executable>
         <run_address>0x19a60</run_address>
         <size>0x64</size>
         <alignment>0x4</alignment>
         <input_file_ref idref="fl-3c"/>
      </object_component>
      <object_component id="oc-1ed">
         <name>.text.HOSTopen</name>
         <load_address>0x19ac4</load_address>
         <readonly>true</readonly>
         <executable>true</executable>
         <run_address>0x19ac4</run_address>
         <size>0x60</size>
         <alignment>0x4</alignment>
         <input_file_ref idref="fl-fe"/>
      </object_component>
      <object_component id="oc-16d">
         <name>.text._ZL10isGameOverv</name>
         <load_address>0x19b24</load_address>
         <readonly>true</readonly>
         <executable>true</executable>
         <run_address>0x19b24</run_address>
         <size>0x5c</size>
         <alignment>0x4</alignment>
         <input_file_ref idref="fl-7"/>
      </object_component>
      <object_component id="oc-1f5">
         <name>.text.HOSTread</name>
         <load_address>0x19b80</load_address>
         <readonly>true</readonly>
         <executable>true</executable>
         <run_address>0x19b80</run_address>
         <size>0x58</size>
         <alignment>0x4</alignment>
         <input_file_ref idref="fl-ff"/>
      </object_component>
      <object_component id="oc-1f9">
         <name>.text.HOSTwrite</name>
         <load_address>0x19bd8</load_address>
         <readonly>true</readonly>
         <executable>true</executable>
         <run_address>0x19bd8</run_address>
         <size>0x58</size>
         <alignment>0x4</alignment>
         <input_file_ref idref="fl-102"/>
      </object_component>
      <object_component id="oc-ca">
         <name>.text._Z10TExaS_InitP10ADC12_RegsjPFhvE</name>
         <load_address>0x19c30</load_address>
         <readonly>true</readonly>
         <executable>true</executable>
         <run_address>0x19c30</run_address>
         <size>0x58</size>
         <alignment>0x4</alignment>
         <input_file_ref idref="fl-f"/>
      </object_component>
      <object_component id="oc-22c">
         <name>.text._Z11fillmessagej</name>
         <load_address>0x19c88</load_address>
         <readonly>true</readonly>
         <executable>true</executable>
         <run_address>0x19c88</run_address>
         <size>0x54</size>
         <alignment>0x4</alignment>
         <input_file_ref idref="fl-a"/>
      </object_component>
      <object_component id="oc-213">
         <name>.text.__TI_doflush</name>
         <load_address>0x19cdc</load_address>
         <readonly>true</readonly>
         <executable>true</executable>
         <run_address>0x19cdc</run_address>
         <size>0x52</size>
         <alignment>0x2</alignment>
         <input_file_ref idref="fl-47"/>
      </object_component>
      <object_component id="oc-1dd">
         <name>.text._nop</name>
         <load_address>0x19d2e</load_address>
         <readonly>true</readonly>
         <executable>true</executable>
         <run_address>0x19d2e</run_address>
         <size>0x2</size>
         <alignment>0x2</alignment>
         <input_file_ref idref="fl-39"/>
      </object_component>
      <object_component id="oc-41">
         <name>.text.TIMG12_IRQHandler</name>
         <load_address>0x19d30</load_address>
         <readonly>true</readonly>
         <executable>true</executable>
         <run_address>0x19d30</run_address>
         <size>0x50</size>
         <alignment>0x4</alignment>
         <input_file_ref idref="fl-7"/>
      </object_component>
      <object_component id="oc-219">
         <name>.text.close</name>
         <load_address>0x19d80</load_address>
         <readonly>true</readonly>
         <executable>true</executable>
         <run_address>0x19d80</run_address>
         <size>0x50</size>
         <alignment>0x4</alignment>
         <input_file_ref idref="fl-f9"/>
      </object_component>
      <object_component id="oc-1f1">
         <name>.text.HOSTclose</name>
         <load_address>0x19dd0</load_address>
         <readonly>true</readonly>
         <executable>true</executable>
         <run_address>0x19dd0</run_address>
         <size>0x48</size>
         <alignment>0x4</alignment>
         <input_file_ref idref="fl-fc"/>
      </object_component>
      <object_component id="oc-201">
         <name>.text.HOSTunlink</name>
         <load_address>0x19e18</load_address>
         <readonly>true</readonly>
         <executable>true</executable>
         <run_address>0x19e18</run_address>
         <size>0x48</size>
         <alignment>0x4</alignment>
         <input_file_ref idref="fl-101"/>
      </object_component>
      <object_component id="oc-37">
         <name>.text.SysTick_Handler</name>
         <load_address>0x19e60</load_address>
         <readonly>true</readonly>
         <executable>true</executable>
         <run_address>0x19e60</run_address>
         <size>0x48</size>
         <alignment>0x4</alignment>
         <input_file_ref idref="fl-d"/>
      </object_component>
      <object_component id="oc-18d">
         <name>.text._Z14SPI_OutCommandc</name>
         <load_address>0x19ea8</load_address>
         <readonly>true</readonly>
         <executable>true</executable>
         <run_address>0x19ea8</run_address>
         <size>0x48</size>
         <alignment>0x4</alignment>
         <input_file_ref idref="fl-9"/>
      </object_component>
      <object_component id="oc-132">
         <name>.text._Z14SysTick_IntArmjj</name>
         <load_address>0x19ef0</load_address>
         <readonly>true</readonly>
         <executable>true</executable>
         <run_address>0x19ef0</run_address>
         <size>0x44</size>
         <alignment>0x4</alignment>
         <input_file_ref idref="fl-d"/>
      </object_component>
      <object_component id="oc-3c">
         <name>.text.TIMG7_IRQHandler</name>
         <load_address>0x19f34</load_address>
         <readonly>true</readonly>
         <executable>true</executable>
         <run_address>0x19f34</run_address>
         <size>0x40</size>
         <alignment>0x4</alignment>
         <input_file_ref idref="fl-f"/>
      </object_component>
      <object_component id="oc-230">
         <name>.text._Z9SPI_Resetv</name>
         <load_address>0x19f74</load_address>
         <readonly>true</readonly>
         <executable>true</executable>
         <run_address>0x19f74</run_address>
         <size>0x40</size>
         <alignment>0x4</alignment>
         <input_file_ref idref="fl-9"/>
      </object_component>
      <object_component id="oc-140">
         <name>.text._ZL11respawnTrayv</name>
         <load_address>0x19fb4</load_address>
         <readonly>true</readonly>
         <executable>true</executable>
         <run_address>0x19fb4</run_address>
         <size>0x40</size>
         <alignment>0x4</alignment>
         <input_file_ref idref="fl-7"/>
      </object_component>
      <object_component id="oc-138">
         <name>.text.__aeabi_uidivmod</name>
         <load_address>0x19ff4</load_address>
         <readonly>true</readonly>
         <executable>true</executable>
         <run_address>0x19ff4</run_address>
         <size>0x40</size>
         <alignment>0x4</alignment>
         <input_file_ref idref="fl-111"/>
      </object_component>
      <object_component id="oc-1a1">
         <name>.text._search_fp</name>
         <load_address>0x1a034</load_address>
         <readonly>true</readonly>
         <executable>true</executable>
         <run_address>0x1a034</run_address>
         <size>0x40</size>
         <alignment>0x4</alignment>
         <input_file_ref idref="fl-35"/>
      </object_component>
      <object_component id="oc-133">
         <name>.text._Z9DAC5_Initv</name>
         <load_address>0x1a074</load_address>
         <readonly>true</readonly>
         <executable>true</executable>
         <run_address>0x1a074</run_address>
         <size>0x3c</size>
         <alignment>0x4</alignment>
         <input_file_ref idref="fl-4"/>
      </object_component>
      <object_component id="oc-f0">
         <name>.text:__TI_auto_init_nobinit_nopinit</name>
         <load_address>0x1a0b0</load_address>
         <readonly>true</readonly>
         <executable>true</executable>
         <run_address>0x1a0b0</run_address>
         <size>0x3c</size>
         <alignment>0x4</alignment>
         <input_file_ref idref="fl-3f"/>
      </object_component>
      <object_component id="oc-c2">
         <name>.text.JoyStick_Init</name>
         <load_address>0x1a0ec</load_address>
         <readonly>true</readonly>
         <executable>true</executable>
         <run_address>0x1a0ec</run_address>
         <size>0x38</size>
         <alignment>0x4</alignment>
         <input_file_ref idref="fl-5"/>
      </object_component>
      <object_component id="oc-150">
         <name>.text._Z11SPI_OutDatac</name>
         <load_address>0x1a124</load_address>
         <readonly>true</readonly>
         <executable>true</executable>
         <run_address>0x1a124</run_address>
         <size>0x38</size>
         <alignment>0x4</alignment>
         <input_file_ref idref="fl-9"/>
      </object_component>
      <object_component id="oc-1c8">
         <name>.text._Z11Sound_StartPKhj</name>
         <load_address>0x1a15c</load_address>
         <readonly>true</readonly>
         <executable>true</executable>
         <run_address>0x1a15c</run_address>
         <size>0x38</size>
         <alignment>0x4</alignment>
         <input_file_ref idref="fl-d"/>
      </object_component>
      <object_component id="oc-10c">
         <name>.text._Z15ActivatePortA_Bv</name>
         <load_address>0x1a194</load_address>
         <readonly>true</readonly>
         <executable>true</executable>
         <run_address>0x1a194</run_address>
         <size>0x38</size>
         <alignment>0x4</alignment>
         <input_file_ref idref="fl-8"/>
      </object_component>
      <object_component id="oc-122">
         <name>.text._Z12ST7735_writeiPKcj</name>
         <load_address>0x1a1cc</load_address>
         <readonly>true</readonly>
         <executable>true</executable>
         <run_address>0x1a1cc</run_address>
         <size>0x34</size>
         <alignment>0x2</alignment>
         <input_file_ref idref="fl-a"/>
      </object_component>
      <object_component id="oc-da">
         <name>.text._Z14Clock_Delay1msj</name>
         <load_address>0x1a200</load_address>
         <readonly>true</readonly>
         <executable>true</executable>
         <run_address>0x1a200</run_address>
         <size>0x34</size>
         <alignment>0x4</alignment>
         <input_file_ref idref="fl-3"/>
      </object_component>
      <object_component id="oc-d6">
         <name>.text._Z16ST7735_SetCursorjj</name>
         <load_address>0x1a234</load_address>
         <readonly>true</readonly>
         <executable>true</executable>
         <run_address>0x1a234</run_address>
         <size>0x34</size>
         <alignment>0x4</alignment>
         <input_file_ref idref="fl-a"/>
      </object_component>
      <object_component id="oc-c4">
         <name>.text._Z8LED_Initv</name>
         <load_address>0x1a268</load_address>
         <readonly>true</readonly>
         <executable>true</executable>
         <run_address>0x1a268</run_address>
         <size>0x34</size>
         <alignment>0x4</alignment>
         <input_file_ref idref="fl-6"/>
      </object_component>
      <object_component id="oc-1ae">
         <name>.text.__TI_cleanup</name>
         <load_address>0x1a29c</load_address>
         <readonly>true</readonly>
         <executable>true</executable>
         <run_address>0x1a29c</run_address>
         <size>0x34</size>
         <alignment>0x4</alignment>
         <input_file_ref idref="fl-35"/>
      </object_component>
      <object_component id="oc-238">
         <name>.text.__TI_readmsg</name>
         <load_address>0x1a2d0</load_address>
         <readonly>true</readonly>
         <executable>true</executable>
         <run_address>0x1a2d0</run_address>
         <size>0x34</size>
         <alignment>0x4</alignment>
         <input_file_ref idref="fl-103"/>
      </object_component>
      <object_component id="oc-232">
         <name>.text.__TI_writemsg</name>
         <load_address>0x1a304</load_address>
         <readonly>true</readonly>
         <executable>true</executable>
         <run_address>0x1a304</run_address>
         <size>0x34</size>
         <alignment>0x4</alignment>
         <input_file_ref idref="fl-103"/>
      </object_component>
      <object_component id="oc-ee">
         <name>.text.exit</name>
         <load_address>0x1a338</load_address>
         <readonly>true</readonly>
         <executable>true</executable>
         <run_address>0x1a338</run_address>
         <size>0x34</size>
         <alignment>0x4</alignment>
         <input_file_ref idref="fl-38"/>
      </object_component>
      <object_component id="oc-195">
         <name>.text.finddevice</name>
         <load_address>0x1a36c</load_address>
         <readonly>true</readonly>
         <executable>true</executable>
         <run_address>0x1a36c</run_address>
         <size>0x34</size>
         <alignment>0x4</alignment>
         <input_file_ref idref="fl-117"/>
      </object_component>
      <object_component id="oc-11a">
         <name>.text.freopen</name>
         <load_address>0x1a3a0</load_address>
         <readonly>true</readonly>
         <executable>true</executable>
         <run_address>0x1a3a0</run_address>
         <size>0x34</size>
         <alignment>0x4</alignment>
         <input_file_ref idref="fl-35"/>
      </object_component>
      <object_component id="oc-18b">
         <name>.text._ZL10commonInitPKh</name>
         <load_address>0x1a3d4</load_address>
         <readonly>true</readonly>
         <executable>true</executable>
         <run_address>0x1a3d4</run_address>
         <size>0x30</size>
         <alignment>0x4</alignment>
         <input_file_ref idref="fl-a"/>
      </object_component>
      <object_component id="oc-114">
         <name>.text.fopen</name>
         <load_address>0x1a404</load_address>
         <readonly>true</readonly>
         <executable>true</executable>
         <run_address>0x1a404</run_address>
         <size>0x30</size>
         <alignment>0x4</alignment>
         <input_file_ref idref="fl-35"/>
      </object_component>
      <object_component id="oc-d3">
         <name>.text._Z17ST7735_FillScreent</name>
         <load_address>0x1a434</load_address>
         <readonly>true</readonly>
         <executable>true</executable>
         <run_address>0x1a434</run_address>
         <size>0x2c</size>
         <alignment>0x4</alignment>
         <input_file_ref idref="fl-a"/>
      </object_component>
      <object_component id="oc-25f">
         <name>.text.unlink</name>
         <load_address>0x1a460</load_address>
         <readonly>true</readonly>
         <executable>true</executable>
         <run_address>0x1a460</run_address>
         <size>0x2c</size>
         <alignment>0x4</alignment>
         <input_file_ref idref="fl-fb"/>
      </object_component>
      <object_component id="oc-c3">
         <name>.text._Z11Switch_Initv</name>
         <load_address>0x1a48c</load_address>
         <readonly>true</readonly>
         <executable>true</executable>
         <run_address>0x1a48c</run_address>
         <size>0x28</size>
         <alignment>0x4</alignment>
         <input_file_ref idref="fl-e"/>
      </object_component>
      <object_component id="oc-135">
         <name>.text._Z9ADC_StartP10ADC12_Regs</name>
         <load_address>0x1a4b4</load_address>
         <readonly>true</readonly>
         <executable>true</executable>
         <run_address>0x1a4b4</run_address>
         <size>0x28</size>
         <alignment>0x4</alignment>
         <input_file_ref idref="fl-f"/>
      </object_component>
      <object_component id="oc-80">
         <name>.text._Z9Switch_Inv</name>
         <load_address>0x1a4dc</load_address>
         <readonly>true</readonly>
         <executable>true</executable>
         <run_address>0x1a4dc</run_address>
         <size>0x28</size>
         <alignment>0x4</alignment>
         <input_file_ref idref="fl-e"/>
      </object_component>
      <object_component id="oc-226">
         <name>.text.free_list_insert</name>
         <load_address>0x1a504</load_address>
         <readonly>true</readonly>
         <executable>true</executable>
         <run_address>0x1a504</run_address>
         <size>0x28</size>
         <alignment>0x4</alignment>
         <input_file_ref idref="fl-3c"/>
      </object_component>
      <object_component id="oc-256">
         <name>.text.write</name>
         <load_address>0x1a52c</load_address>
         <readonly>true</readonly>
         <executable>true</executable>
         <run_address>0x1a52c</run_address>
         <size>0x28</size>
         <alignment>0x4</alignment>
         <input_file_ref idref="fl-f4"/>
      </object_component>
      <object_component id="oc-61">
         <name>.text:_c_int00_noargs</name>
         <load_address>0x1a554</load_address>
         <readonly>true</readonly>
         <executable>true</executable>
         <run_address>0x1a554</run_address>
         <size>0x28</size>
         <alignment>0x4</alignment>
         <input_file_ref idref="fl-3d"/>
      </object_component>
      <object_component id="oc-d7">
         <name>.text._Z16ST7735_OutStringPc</name>
         <load_address>0x1a57c</load_address>
         <readonly>true</readonly>
         <executable>true</executable>
         <run_address>0x1a57c</run_address>
         <size>0x26</size>
         <alignment>0x2</alignment>
         <input_file_ref idref="fl-a"/>
      </object_component>
      <object_component id="oc-22b">
         <name>.text._Z8Random32v</name>
         <load_address>0x1a5a4</load_address>
         <readonly>true</readonly>
         <executable>true</executable>
         <run_address>0x1a5a4</run_address>
         <size>0x20</size>
         <alignment>0x4</alignment>
         <input_file_ref idref="fl-7"/>
      </object_component>
      <object_component id="oc-1ca">
         <name>.text._ZL9pushColort</name>
         <load_address>0x1a5c4</load_address>
         <readonly>true</readonly>
         <executable>true</executable>
         <run_address>0x1a5c4</run_address>
         <size>0x1e</size>
         <alignment>0x2</alignment>
         <input_file_ref idref="fl-a"/>
      </object_component>
      <object_component id="oc-35">
         <name>.text.Default_Handler</name>
         <load_address>0x1a5e4</load_address>
         <readonly>true</readonly>
         <executable>true</executable>
         <run_address>0x1a5e4</run_address>
         <size>0x1c</size>
         <alignment>0x4</alignment>
         <input_file_ref idref="fl-12"/>
      </object_component>
      <object_component id="oc-36">
         <name>.text.HardFault_Handler</name>
         <load_address>0x1a600</load_address>
         <readonly>true</readonly>
         <executable>true</executable>
         <run_address>0x1a600</run_address>
         <size>0x1c</size>
         <alignment>0x4</alignment>
         <input_file_ref idref="fl-12"/>
      </object_component>
      <object_component id="oc-7b">
         <name>.text.JoyStick_In</name>
         <load_address>0x1a61c</load_address>
         <readonly>true</readonly>
         <executable>true</executable>
         <run_address>0x1a61c</run_address>
         <size>0x1c</size>
         <alignment>0x4</alignment>
         <input_file_ref idref="fl-5"/>
      </object_component>
      <object_component id="oc-6d">
         <name>.text._Z8DAC5_Outj</name>
         <load_address>0x1a638</load_address>
         <readonly>true</readonly>
         <executable>true</executable>
         <run_address>0x1a638</run_address>
         <size>0x1c</size>
         <alignment>0x4</alignment>
         <input_file_ref idref="fl-4"/>
      </object_component>
      <object_component id="oc-224">
         <name>.text.free_list_remove</name>
         <load_address>0x1a654</load_address>
         <readonly>true</readonly>
         <executable>true</executable>
         <run_address>0x1a654</run_address>
         <size>0x1c</size>
         <alignment>0x4</alignment>
         <input_file_ref idref="fl-3c"/>
      </object_component>
      <object_component id="oc-142">
         <name>.text._Z6LED_Onj</name>
         <load_address>0x1a670</load_address>
         <readonly>true</readonly>
         <executable>true</executable>
         <run_address>0x1a670</run_address>
         <size>0x18</size>
         <alignment>0x4</alignment>
         <input_file_ref idref="fl-6"/>
      </object_component>
      <object_component id="oc-d9">
         <name>.text._Z7LED_Offj</name>
         <load_address>0x1a688</load_address>
         <readonly>true</readonly>
         <executable>true</executable>
         <run_address>0x1a688</run_address>
         <size>0x18</size>
         <alignment>0x4</alignment>
         <input_file_ref idref="fl-6"/>
      </object_component>
      <object_component id="oc-125">
         <name>.text._Z11ST7735_openPKcji</name>
         <load_address>0x1a6a0</load_address>
         <readonly>true</readonly>
         <executable>true</executable>
         <run_address>0x1a6a0</run_address>
         <size>0x16</size>
         <alignment>0x2</alignment>
         <input_file_ref idref="fl-a"/>
      </object_component>
      <object_component id="oc-123">
         <name>.text._Z11ST7735_readiPcj</name>
         <load_address>0x1a6b6</load_address>
         <readonly>true</readonly>
         <executable>true</executable>
         <run_address>0x1a6b6</run_address>
         <size>0x16</size>
         <alignment>0x2</alignment>
         <input_file_ref idref="fl-a"/>
      </object_component>
      <object_component id="oc-58">
         <name>.text:decompress:ZI:__TI_zero_init_nomemset</name>
         <load_address>0x1a6cc</load_address>
         <readonly>true</readonly>
         <executable>true</executable>
         <run_address>0x1a6cc</run_address>
         <size>0x16</size>
         <alignment>0x2</alignment>
         <input_file_ref idref="fl-42"/>
      </object_component>
      <object_component id="oc-c9">
         <name>.text._Z10Sound_Initv</name>
         <load_address>0x1a6e4</load_address>
         <readonly>true</readonly>
         <executable>true</executable>
         <run_address>0x1a6e4</run_address>
         <size>0x14</size>
         <alignment>0x4</alignment>
         <input_file_ref idref="fl-d"/>
      </object_component>
      <object_component id="oc-1d3">
         <name>.text._Z11Block_Clearv</name>
         <load_address>0x1a6f8</load_address>
         <readonly>true</readonly>
         <executable>true</executable>
         <run_address>0x1a6f8</run_address>
         <size>0x14</size>
         <alignment>0x4</alignment>
         <input_file_ref idref="fl-d"/>
      </object_component>
      <object_component id="oc-16b">
         <name>.text._Z11Block_Placev</name>
         <load_address>0x1a70c</load_address>
         <readonly>true</readonly>
         <executable>true</executable>
         <run_address>0x1a70c</run_address>
         <size>0x14</size>
         <alignment>0x4</alignment>
         <input_file_ref idref="fl-d"/>
      </object_component>
      <object_component id="oc-15e">
         <name>.text._Z12Block_Pickupv</name>
         <load_address>0x1a720</load_address>
         <readonly>true</readonly>
         <executable>true</executable>
         <run_address>0x1a720</run_address>
         <size>0x14</size>
         <alignment>0x4</alignment>
         <input_file_ref idref="fl-d"/>
      </object_component>
      <object_component id="oc-16f">
         <name>.text._Z12Block_Rejectv</name>
         <load_address>0x1a734</load_address>
         <readonly>true</readonly>
         <executable>true</executable>
         <run_address>0x1a734</run_address>
         <size>0x14</size>
         <alignment>0x4</alignment>
         <input_file_ref idref="fl-d"/>
      </object_component>
      <object_component id="oc-d5">
         <name>.text._Z19ST7735_SetTextColort</name>
         <load_address>0x1a748</load_address>
         <readonly>true</readonly>
         <executable>true</executable>
         <run_address>0x1a748</run_address>
         <size>0x14</size>
         <alignment>0x4</alignment>
         <input_file_ref idref="fl-a"/>
      </object_component>
      <object_component id="oc-15f">
         <name>.text._ZL10cellToPixXa</name>
         <load_address>0x1a75c</load_address>
         <readonly>true</readonly>
         <executable>true</executable>
         <run_address>0x1a75c</run_address>
         <size>0x14</size>
         <alignment>0x2</alignment>
         <input_file_ref idref="fl-7"/>
      </object_component>
      <object_component id="oc-160">
         <name>.text._ZL10cellToPixYa</name>
         <load_address>0x1a770</load_address>
         <readonly>true</readonly>
         <executable>true</executable>
         <run_address>0x1a770</run_address>
         <size>0x14</size>
         <alignment>0x2</alignment>
         <input_file_ref idref="fl-7"/>
      </object_component>
      <object_component id="oc-1bb">
         <name>.text._ZL10RandomTypev</name>
         <load_address>0x1a784</load_address>
         <readonly>true</readonly>
         <executable>true</executable>
         <run_address>0x1a784</run_address>
         <size>0x12</size>
         <alignment>0x2</alignment>
         <input_file_ref idref="fl-7"/>
      </object_component>
      <object_component id="oc-ad">
         <name>.text:TI_memcpy_small</name>
         <load_address>0x1a796</load_address>
         <readonly>true</readonly>
         <executable>true</executable>
         <run_address>0x1a796</run_address>
         <size>0x12</size>
         <alignment>0x1</alignment>
         <input_file_ref idref="fl-118"/>
      </object_component>
      <object_component id="oc-20">
         <name>.text:decompress:none</name>
         <load_address>0x1a7a8</load_address>
         <readonly>true</readonly>
         <executable>true</executable>
         <run_address>0x1a7a8</run_address>
         <size>0x12</size>
         <alignment>0x2</alignment>
         <input_file_ref idref="fl-43"/>
      </object_component>
      <object_component id="oc-12f">
         <name>.text.Clock_Delay</name>
         <load_address>0x1a7ba</load_address>
         <readonly>true</readonly>
         <executable>true</executable>
         <run_address>0x1a7ba</run_address>
         <size>0x10</size>
         <alignment>0x2</alignment>
         <input_file_ref idref="fl-1"/>
      </object_component>
      <object_component id="oc-13d">
         <name>.text._Z11Clock_Delayj</name>
         <load_address>0x1a7ca</load_address>
         <readonly>true</readonly>
         <executable>true</executable>
         <run_address>0x1a7ca</run_address>
         <size>0x10</size>
         <alignment>0x2</alignment>
         <input_file_ref idref="fl-3"/>
      </object_component>
      <object_component id="oc-df">
         <name>.text._Z28TExaS_LaunchPadLogicPB27PB26v</name>
         <load_address>0x1a7dc</load_address>
         <readonly>true</readonly>
         <executable>true</executable>
         <run_address>0x1a7dc</run_address>
         <size>0x10</size>
         <alignment>0x4</alignment>
         <input_file_ref idref="fl-7"/>
      </object_component>
      <object_component id="oc-225">
         <name>.text.OUTLINED_FUNCTION_0</name>
         <load_address>0x1a7ec</load_address>
         <readonly>true</readonly>
         <executable>true</executable>
         <run_address>0x1a7ec</run_address>
         <size>0xe</size>
         <alignment>0x2</alignment>
         <input_file_ref idref="fl-3c"/>
      </object_component>
      <object_component id="oc-121">
         <name>.text._Z12ST7735_lseekili</name>
         <load_address>0x1a7fa</load_address>
         <readonly>true</readonly>
         <executable>true</executable>
         <run_address>0x1a7fa</run_address>
         <size>0xe</size>
         <alignment>0x2</alignment>
         <input_file_ref idref="fl-a"/>
      </object_component>
      <object_component id="oc-24c">
         <name>.text.strcpy</name>
         <load_address>0x1a808</load_address>
         <readonly>true</readonly>
         <executable>true</executable>
         <run_address>0x1a808</run_address>
         <size>0xe</size>
         <alignment>0x2</alignment>
         <input_file_ref idref="fl-100"/>
      </object_component>
      <object_component id="oc-24d">
         <name>.text.strlen</name>
         <load_address>0x1a816</load_address>
         <readonly>true</readonly>
         <executable>true</executable>
         <run_address>0x1a816</run_address>
         <size>0xe</size>
         <alignment>0x2</alignment>
         <input_file_ref idref="fl-100"/>
      </object_component>
      <object_component id="oc-105">
         <name>.text:TI_memset_small</name>
         <load_address>0x1a824</load_address>
         <readonly>true</readonly>
         <executable>true</executable>
         <run_address>0x1a824</run_address>
         <size>0xe</size>
         <alignment>0x1</alignment>
         <input_file_ref idref="fl-119"/>
      </object_component>
      <object_component id="oc-137">
         <name>.text._Z10Clock_Freqv</name>
         <load_address>0x1a834</load_address>
         <readonly>true</readonly>
         <executable>true</executable>
         <run_address>0x1a834</run_address>
         <size>0xc</size>
         <alignment>0x4</alignment>
         <input_file_ref idref="fl-3"/>
      </object_component>
      <object_component id="oc-11f">
         <name>.text._Z13ST7735_renamePKcS0_</name>
         <load_address>0x1a840</load_address>
         <readonly>true</readonly>
         <executable>true</executable>
         <run_address>0x1a840</run_address>
         <size>0xc</size>
         <alignment>0x2</alignment>
         <input_file_ref idref="fl-a"/>
      </object_component>
      <object_component id="oc-8e">
         <name>.text.__aeabi_memclr</name>
         <load_address>0x1a84c</load_address>
         <readonly>true</readonly>
         <executable>true</executable>
         <run_address>0x1a84c</run_address>
         <size>0xc</size>
         <alignment>0x4</alignment>
         <input_file_ref idref="fl-110"/>
      </object_component>
      <object_component id="oc-1ad">
         <name>.text.malloc</name>
         <load_address>0x1a858</load_address>
         <readonly>true</readonly>
         <executable>true</executable>
         <run_address>0x1a858</run_address>
         <size>0xc</size>
         <alignment>0x2</alignment>
         <input_file_ref idref="fl-3c"/>
      </object_component>
      <object_component id="oc-126">
         <name>.text._Z12ST7735_closei</name>
         <load_address>0x1a864</load_address>
         <readonly>true</readonly>
         <executable>true</executable>
         <run_address>0x1a864</run_address>
         <size>0xa</size>
         <alignment>0x2</alignment>
         <input_file_ref idref="fl-a"/>
      </object_component>
      <object_component id="oc-120">
         <name>.text._Z13ST7735_unlinkPKc</name>
         <load_address>0x1a86e</load_address>
         <readonly>true</readonly>
         <executable>true</executable>
         <run_address>0x1a86e</run_address>
         <size>0xa</size>
         <alignment>0x2</alignment>
         <input_file_ref idref="fl-a"/>
      </object_component>
      <object_component id="oc-b7">
         <name>.text._Z8PLL_Initv</name>
         <load_address>0x1a878</load_address>
         <readonly>true</readonly>
         <executable>true</executable>
         <run_address>0x1a878</run_address>
         <size>0xa</size>
         <alignment>0x2</alignment>
         <input_file_ref idref="fl-7"/>
      </object_component>
      <object_component id="oc-51">
         <name>.text.__aeabi_memcpy</name>
         <load_address>0x1a884</load_address>
         <readonly>true</readonly>
         <executable>true</executable>
         <run_address>0x1a884</run_address>
         <size>0x8</size>
         <alignment>0x4</alignment>
         <input_file_ref idref="fl-10f"/>
      </object_component>
      <object_component id="oc-21d">
         <name>.text.remove</name>
         <load_address>0x1a88c</load_address>
         <readonly>true</readonly>
         <executable>true</executable>
         <run_address>0x1a88c</run_address>
         <size>0x8</size>
         <alignment>0x2</alignment>
         <input_file_ref idref="fl-f6"/>
      </object_component>
      <object_component id="oc-e9">
         <name>.text:abort</name>
         <load_address>0x1a894</load_address>
         <readonly>true</readonly>
         <executable>true</executable>
         <run_address>0x1a894</run_address>
         <size>0x6</size>
         <alignment>0x2</alignment>
         <input_file_ref idref="fl-38"/>
      </object_component>
      <object_component id="oc-31">
         <name>.text.Reset_Handler</name>
         <load_address>0x1a89a</load_address>
         <readonly>true</readonly>
         <executable>true</executable>
         <run_address>0x1a89a</run_address>
         <size>0x4</size>
         <alignment>0x2</alignment>
         <input_file_ref idref="fl-12"/>
      </object_component>
      <object_component id="oc-93">
         <name>.text._system_pre_init</name>
         <load_address>0x1a89e</load_address>
         <readonly>true</readonly>
         <executable>true</executable>
         <run_address>0x1a89e</run_address>
         <size>0x4</size>
         <alignment>0x2</alignment>
         <input_file_ref idref="fl-40"/>
      </object_component>
      <object_component id="oc-2b3">
         <name>.cinit..data.load</name>
         <load_address>0x1a8b0</load_address>
         <readonly>true</readonly>
         <run_address>0x1a8b0</run_address>
         <size>0x70</size>
         <alignment>0x1</alignment>
      </object_component>
      <object_component id="oc-2b1">
         <name>__TI_handler_table</name>
         <load_address>0x1a920</load_address>
         <readonly>true</readonly>
         <run_address>0x1a920</run_address>
         <size>0xc</size>
         <alignment>0x4</alignment>
      </object_component>
      <object_component id="oc-2b4">
         <name>.cinit..bss.load</name>
         <load_address>0x1a92c</load_address>
         <readonly>true</readonly>
         <run_address>0x1a92c</run_address>
         <size>0x8</size>
         <alignment>0x4</alignment>
      </object_component>
      <object_component id="oc-2b2">
         <name>__TI_cinit_table</name>
         <load_address>0x1a934</load_address>
         <readonly>true</readonly>
         <run_address>0x1a934</run_address>
         <size>0x10</size>
         <alignment>0x4</alignment>
      </object_component>
      <object_component id="oc-e6">
         <name>.rodata._ZL4Home</name>
         <load_address>0xc0</load_address>
         <readonly>true</readonly>
         <run_address>0xc0</run_address>
         <size>0xa000</size>
         <alignment>0x2</alignment>
         <input_file_ref idref="fl-7"/>
      </object_component>
      <object_component id="oc-14d">
         <name>.rodata._ZL4grid</name>
         <load_address>0xa0c0</load_address>
         <readonly>true</readonly>
         <run_address>0xa0c0</run_address>
         <size>0xa000</size>
         <alignment>0x2</alignment>
         <input_file_ref idref="fl-7"/>
      </object_component>
      <object_component id="oc-1d1">
         <name>.rodata._ZL6square</name>
         <load_address>0x140c0</load_address>
         <readonly>true</readonly>
         <run_address>0x140c0</run_address>
         <size>0xa20</size>
         <alignment>0x2</alignment>
         <input_file_ref idref="fl-7"/>
      </object_component>
      <object_component id="oc-1c6">
         <name>.rodata._ZL4Font</name>
         <load_address>0x14ae0</load_address>
         <readonly>true</readonly>
         <run_address>0x14ae0</run_address>
         <size>0x4fb</size>
         <alignment>0x1</alignment>
         <input_file_ref idref="fl-a"/>
      </object_component>
      <object_component id="oc-1ce">
         <name>.rodata._ZL10minisquare</name>
         <load_address>0x14fdc</load_address>
         <readonly>true</readonly>
         <run_address>0x14fdc</run_address>
         <size>0x480</size>
         <alignment>0x2</alignment>
         <input_file_ref idref="fl-7"/>
      </object_component>
      <object_component id="oc-1d0">
         <name>.rodata._ZL4tall</name>
         <load_address>0x1545c</load_address>
         <readonly>true</readonly>
         <run_address>0x1545c</run_address>
         <size>0x360</size>
         <alignment>0x2</alignment>
         <input_file_ref idref="fl-7"/>
      </object_component>
      <object_component id="oc-1cf">
         <name>.rodata._ZL4wide</name>
         <load_address>0x157bc</load_address>
         <readonly>true</readonly>
         <run_address>0x157bc</run_address>
         <size>0x360</size>
         <alignment>0x2</alignment>
         <input_file_ref idref="fl-7"/>
      </object_component>
      <object_component id="oc-1da">
         <name>.rodata._ZL6reject</name>
         <load_address>0x15b1c</load_address>
         <readonly>true</readonly>
[...]
         <value>0x190e9</value>
         <object_component_ref idref="oc-bd"/>
      </symbol>
      <symbol id="sm-1f8">
         <name>_Z14SysTick_IntArmjj</name>
         <value>0x19ef1</value>
         <object_component_ref idref="oc-132"/>
      </symbol>
      <symbol id="sm-1f9">
         <name>_Z10Sound_Initv</name>
         <value>0x1a6e5</value>
         <object_component_ref idref="oc-c9"/>
      </symbol>
      <symbol id="sm-1fa">
         <name>SysTick_Handler</name>
         <value>0x19e61</value>
         <object_component_ref idref="oc-37"/>
      </symbol>
      <symbol id="sm-1fb">
         <name>arrayIndex</name>
         <value>0x20200628</value>
         <object_component_ref idref="oc-72"/>
      </symbol>
      <symbol id="sm-1fc">
         <name>arrayCount</name>
         <value>0x20200624</value>
         <object_component_ref idref="oc-73"/>
      </symbol>
      <symbol id="sm-1fd">
         <name>pointer</name>
         <value>0x20200630</value>
         <object_component_ref idref="oc-74"/>
      </symbol>
      <symbol id="sm-1fe">
         <name>_Z11Sound_StartPKhj</name>
         <value>0x1a15d</value>
         <object_component_ref idref="oc-1c8"/>
      </symbol>
      <symbol id="sm-1ff">
         <name>_Z12Block_Pickupv</name>
         <value>0x1a721</value>
         <object_component_ref idref="oc-15e"/>
      </symbol>
      <symbol id="sm-200">
         <name>_Z11Block_Placev</name>
         <value>0x1a70d</value>
         <object_component_ref idref="oc-16b"/>
      </symbol>
      <symbol id="sm-201">
         <name>_Z12Block_Rejectv</name>
         <value>0x1a735</value>
         <object_component_ref idref="oc-16f"/>
      </symbol>
      <symbol id="sm-202">
         <name>_Z11Block_Clearv</name>
         <value>0x1a6f9</value>
         <object_component_ref idref="oc-1d3"/>
      </symbol>
      <symbol id="sm-20f">
         <name>_Z11Switch_Initv</name>
         <value>0x1a48d</value>
         <object_component_ref idref="oc-c3"/>
      </symbol>
      <symbol id="sm-210">
         <name>_Z9Switch_Inv</name>
         <value>0x1a4dd</value>
         <object_component_ref idref="oc-80"/>
      </symbol>
      <symbol id="sm-226">
         <name>_Z8ADC_InitP10ADC12_Regsjj</name>
         <value>0x18011</value>
         <object_component_ref idref="oc-134"/>
      </symbol>
      <symbol id="sm-227">
         <name>_Z9ADC_StartP10ADC12_Regs</name>
         <value>0x1a4b5</value>
         <object_component_ref idref="oc-135"/>
      </symbol>
      <symbol id="sm-228">
         <name>_Z9UART_Initv</name>
         <value>0x1877d</value>
         <object_component_ref idref="oc-136"/>
      </symbol>
      <symbol id="sm-229">
         <name>TIMG7_IRQHandler</name>
         <value>0x19f35</value>
         <object_component_ref idref="oc-3c"/>
      </symbol>
      <symbol id="sm-22a">
         <name>TExaSadc</name>
         <value>0x20200224</value>
         <object_component_ref idref="oc-77"/>
      </symbol>
      <symbol id="sm-22b">
         <name>TExaSLogic</name>
         <value>0x20200220</value>
         <object_component_ref idref="oc-78"/>
      </symbol>
      <symbol id="sm-22c">
         <name>_Z10TExaS_InitP10ADC12_RegsjPFhvE</name>
         <value>0x19c31</value>
         <object_component_ref idref="oc-ca"/>
      </symbol>
      <symbol id="sm-239">
         <name>_Z14TimerG7_IntArmtjj</name>
         <value>0x18f9d</value>
         <object_component_ref idref="oc-13c"/>
      </symbol>
      <symbol id="sm-23a">
         <name>_Z15TimerG12_IntArmjj</name>
         <value>0x192c1</value>
         <object_component_ref idref="oc-cb"/>
      </symbol>
      <symbol id="sm-24c">
         <name>Default_Handler</name>
         <value>0x1a5e5</value>
         <object_component_ref idref="oc-35"/>
      </symbol>
      <symbol id="sm-24d">
         <name>Reset_Handler</name>
         <value>0x1a89b</value>
         <object_component_ref idref="oc-31"/>
      </symbol>
      <symbol id="sm-24e">
         <name>HardFault_Handler</name>
         <value>0x1a601</value>
         <object_component_ref idref="oc-36"/>
      </symbol>
      <symbol id="sm-24f">
         <name>interruptVectors</name>
         <value>0x0</value>
         <object_component_ref idref="oc-18"/>
      </symbol>
      <symbol id="sm-250">
         <name>NMI_Handler</name>
         <value>0x1a5e5</value>
         <object_component_ref idref="oc-35"/>
      </symbol>
      <symbol id="sm-251">
         <name>SVC_Handler</name>
         <value>0x1a5e5</value>
         <object_component_ref idref="oc-35"/>
      </symbol>
      <symbol id="sm-252">
         <name>PendSV_Handler</name>
         <value>0x1a5e5</value>
         <object_component_ref idref="oc-35"/>
      </symbol>
      <symbol id="sm-253">
         <name>GROUP0_IRQHandler</name>
         <value>0x1a5e5</value>
         <object_component_ref idref="oc-35"/>
      </symbol>
      <symbol id="sm-254">
         <name>GROUP1_IRQHandler</name>
         <value>0x1a5e5</value>
         <object_component_ref idref="oc-35"/>
      </symbol>
      <symbol id="sm-255">
         <name>TIMG8_IRQHandler</name>
         <value>0x1a5e5</value>
         <object_component_ref idref="oc-35"/>
      </symbol>
      <symbol id="sm-256">
         <name>UART3_IRQHandler</name>
         <value>0x1a5e5</value>
         <object_component_ref idref="oc-35"/>
      </symbol>
      <symbol id="sm-257">
         <name>ADC0_IRQHandler</name>
         <value>0x1a5e5</value>
         <object_component_ref idref="oc-35"/>
      </symbol>
      <symbol id="sm-258">
         <name>ADC1_IRQHandler</name>
         <value>0x1a5e5</value>
         <object_component_ref idref="oc-35"/>
      </symbol>
      <symbol id="sm-259">
         <name>CANFD0_IRQHandler</name>
         <value>0x1a5e5</value>
         <object_component_ref idref="oc-35"/>
      </symbol>
      <symbol id="sm-25a">
         <name>DAC0_IRQHandler</name>
         <value>0x1a5e5</value>
         <object_component_ref idref="oc-35"/>
      </symbol>
      <symbol id="sm-25b">
         <name>SPI0_IRQHandler</name>
         <value>0x1a5e5</value>
         <object_component_ref idref="oc-35"/>
      </symbol>
      <symbol id="sm-25c">
         <name>SPI1_IRQHandler</name>
         <value>0x1a5e5</value>
         <object_component_ref idref="oc-35"/>
      </symbol>
      <symbol id="sm-25d">
         <name>UART1_IRQHandler</name>
         <value>0x1a5e5</value>
         <object_component_ref idref="oc-35"/>
      </symbol>
      <symbol id="sm-25e">
         <name>UART2_IRQHandler</name>
         <value>0x1a5e5</value>
         <object_component_ref idref="oc-35"/>
      </symbol>
      <symbol id="sm-25f">
         <name>UART0_IRQHandler</name>
         <value>0x1a5e5</value>
         <object_component_ref idref="oc-35"/>
      </symbol>
      <symbol id="sm-260">
         <name>TIMG0_IRQHandler</name>
         <value>0x1a5e5</value>
         <object_component_ref idref="oc-35"/>
      </symbol>
      <symbol id="sm-261">
         <name>TIMG6_IRQHandler</name>
         <value>0x1a5e5</value>
         <object_component_ref idref="oc-35"/>
      </symbol>
      <symbol id="sm-262">
         <name>TIMA0_IRQHandler</name>
         <value>0x1a5e5</value>
         <object_component_ref idref="oc-35"/>
      </symbol>
      <symbol id="sm-263">
         <name>TIMA1_IRQHandler</name>
         <value>0x1a5e5</value>
         <object_component_ref idref="oc-35"/>
      </symbol>
      <symbol id="sm-264">
         <name>I2C0_IRQHandler</name>
         <value>0x1a5e5</value>
         <object_component_ref idref="oc-35"/>
      </symbol>
      <symbol id="sm-265">
         <name>I2C1_IRQHandler</name>
         <value>0x1a5e5</value>
         <object_component_ref idref="oc-35"/>
      </symbol>
      <symbol id="sm-266">
         <name>AES_IRQHandler</name>
         <value>0x1a5e5</value>
         <object_component_ref idref="oc-35"/>
      </symbol>
      <symbol id="sm-267">
         <name>RTC_IRQHandler</name>
         <value>0x1a5e5</value>
         <object_component_ref idref="oc-35"/>
      </symbol>
      <symbol id="sm-268">
         <name>DMA_IRQHandler</name>
         <value>0x1a5e5</value>
         <object_component_ref idref="oc-35"/>
      </symbol>
      <symbol id="sm-269">
         <name>__TI_ATRegion0_src_addr</name>
         <value>0x0</value>
      </symbol>
      <symbol id="sm-26a">
         <name>__TI_ATRegion0_trg_addr</name>
         <value>0x0</value>
      </symbol>
      <symbol id="sm-26b">
         <name>__TI_ATRegion0_region_sz</name>
         <value>0x0</value>
      </symbol>
      <symbol id="sm-26c">
         <name>__TI_ATRegion1_src_addr</name>
         <value>0x0</value>
      </symbol>
      <symbol id="sm-26d">
         <name>__TI_ATRegion1_trg_addr</name>
         <value>0x0</value>
      </symbol>
      <symbol id="sm-26e">
         <name>__TI_ATRegion1_region_sz</name>
         <value>0x0</value>
      </symbol>
      <symbol id="sm-26f">
         <name>__TI_ATRegion2_src_addr</name>
         <value>0x0</value>
      </symbol>
      <symbol id="sm-270">
         <name>__TI_ATRegion2_trg_addr</name>
         <value>0x0</value>
      </symbol>
      <symbol id="sm-271">
         <name>__TI_ATRegion2_region_sz</name>
         <value>0x0</value>
      </symbol>
      <symbol id="sm-28a">
         <name>fopen</name>
         <value>0x1a405</value>
         <object_component_ref idref="oc-114"/>
      </symbol>
      <symbol id="sm-28b">
         <name>__TI_cleanup</name>
         <value>0x1a29d</value>
         <object_component_ref idref="oc-1ae"/>
      </symbol>
      <symbol id="sm-28c">
         <name>freopen</name>
         <value>0x1a3a1</value>
         <object_component_ref idref="oc-11a"/>
      </symbol>
      <symbol id="sm-296">
         <name>setvbuf</name>
         <value>0x18a35</value>
         <object_component_ref idref="oc-11b"/>
      </symbol>
      <symbol id="sm-2a5">
         <name>abort</name>
         <value>0x1a895</value>
         <object_component_ref idref="oc-e9"/>
      </symbol>
      <symbol id="sm-2a6">
         <name>__TI_cleanup_ptr</name>
         <value>0x20200600</value>
         <object_component_ref idref="oc-182"/>
      </symbol>
      <symbol id="sm-2a7">
         <name>__TI_dtors_ptr</name>
         <value>0x20200604</value>
         <object_component_ref idref="oc-182"/>
      </symbol>
      <symbol id="sm-2a8">
         <name>exit</name>
         <value>0x1a339</value>
         <object_component_ref idref="oc-ee"/>
      </symbol>
      <symbol id="sm-2b1">
         <name>_nop</name>
         <value>0x19d2f</value>
         <object_component_ref idref="oc-1dd"/>
      </symbol>
      <symbol id="sm-2b2">
         <name>_lock</name>
         <value>0x2020061c</value>
         <object_component_ref idref="oc-180"/>
      </symbol>
      <symbol id="sm-2b3">
         <name>_unlock</name>
         <value>0x20200620</value>
         <object_component_ref idref="oc-183"/>
      </symbol>
      <symbol id="sm-2b9">
         <name>_ftable</name>
         <value>0x20200448</value>
         <object_component_ref idref="oc-129"/>
      </symbol>
      <symbol id="sm-2ba">
         <name>__TI_ft_end</name>
         <value>0x20200618</value>
         <object_component_ref idref="oc-20e"/>
      </symbol>
      <symbol id="sm-2bb">
         <name>__TI_tmpnams</name>
         <value>0x20200120</value>
         <object_component_ref idref="oc-221"/>
      </symbol>
      <symbol id="sm-2de">
         <name>malloc</name>
         <value>0x1a859</value>
         <object_component_ref idref="oc-1ad"/>
      </symbol>
      <symbol id="sm-2df">
         <name>aligned_alloc</name>
         <value>0x18375</value>
         <object_component_ref idref="oc-227"/>
      </symbol>
      <symbol id="sm-2e0">
         <name>free</name>
         <value>0x1894d</value>
         <object_component_ref idref="oc-1ab"/>
      </symbol>
      <symbol id="sm-2e1">
         <name>_sys_memory</name>
         <value>0x20200248</value>
         <object_component_ref idref="oc-2f"/>
      </symbol>
      <symbol id="sm-2e2">
         <name>memalign</name>
         <value>0x18375</value>
         <object_component_ref idref="oc-227"/>
      </symbol>
      <symbol id="sm-2ed">
         <name>_c_int00_noargs</name>
         <value>0x1a555</value>
         <object_component_ref idref="oc-61"/>
      </symbol>
      <symbol id="sm-2ee">
         <name>__stack</name>
         <value>0x20207e00</value>
         <object_component_ref idref="oc-1a"/>
      </symbol>
      <symbol id="sm-2fa">
         <name>__TI_auto_init_nobinit_nopinit</name>
         <value>0x1a0b1</value>
         <object_component_ref idref="oc-f0"/>
      </symbol>
      <symbol id="sm-302">
         <name>_system_pre_init</name>
         <value>0x1a89f</value>
         <object_component_ref idref="oc-93"/>
      </symbol>
      <symbol id="sm-30d">
         <name>__TI_zero_init_nomemset</name>
         <value>0x1a6cd</value>
         <object_component_ref idref="oc-58"/>
      </symbol>
      <symbol id="sm-316">
         <name>__TI_decompress_none</name>
         <value>0x1a7a9</value>
         <object_component_ref idref="oc-20"/>
      </symbol>
      <symbol id="sm-321">
         <name>__TI_decompress_lzss</name>
         <value>0x19761</value>
         <object_component_ref idref="oc-1c"/>
      </symbol>
      <symbol id="sm-32d">
         <name>__TI_closefile</name>
         <value>0x196e5</value>
         <object_component_ref idref="oc-1a5"/>
      </symbol>
      <symbol id="sm-337">
         <name>__TI_doflush</name>
         <value>0x19cdd</value>
         <object_component_ref idref="oc-213"/>
      </symbol>
      <symbol id="sm-34a">
         <name>HOSTexit</name>
         <value>0x193dd</value>
         <object_component_ref idref="oc-17a"/>
      </symbol>
      <symbol id="sm-34b">
         <name>C$$EXIT</name>
         <value>0x193dc</value>
         <object_component_ref idref="oc-17a"/>
      </symbol>
      <symbol id="sm-355">
         <name>write</name>
         <value>0x1a52d</value>
         <object_component_ref idref="oc-256"/>
      </symbol>
      <symbol id="sm-35a">
         <name>_device</name>
         <value>0x20200538</value>
         <object_component_ref idref="oc-19c"/>
      </symbol>
      <symbol id="sm-35b">
         <name>_stream</name>
         <value>0x202005b0</value>
         <object_component_ref idref="oc-252"/>
      </symbol>
      <symbol id="sm-364">
         <name>remove</name>
         <value>0x1a88d</value>
         <object_component_ref idref="oc-21d"/>
      </symbol>
      <symbol id="sm-370">
         <name>open</name>
         <value>0x19189</value>
         <object_component_ref idref="oc-20f"/>
      </symbol>
      <symbol id="sm-37b">
         <name>close</name>
         <value>0x19d81</value>
         <object_component_ref idref="oc-219"/>
      </symbol>
      <symbol id="sm-387">
         <name>add_device</name>
         <value>0x18691</value>
         <object_component_ref idref="oc-110"/>
      </symbol>
      <symbol id="sm-391">
         <name>unlink</name>
         <value>0x1a461</value>
         <object_component_ref idref="oc-25f"/>
      </symbol>
      <symbol id="sm-39b">
         <name>HOSTclose</name>
         <value>0x19dd1</value>
         <object_component_ref idref="oc-1f1"/>
      </symbol>
      <symbol id="sm-3a5">
         <name>HOSTlseek</name>
         <value>0x1984d</value>
         <object_component_ref idref="oc-1fd"/>
      </symbol>
      <symbol id="sm-3af">
         <name>HOSTopen</name>
         <value>0x19ac5</value>
         <object_component_ref idref="oc-1ed"/>
      </symbol>
      <symbol id="sm-3b0">
         <name>parmbuf</name>
         <value>0x2020020c</value>
         <object_component_ref idref="oc-239"/>
      </symbol>
      <symbol id="sm-3ba">
         <name>HOSTread</name>
         <value>0x19b81</value>
         <object_component_ref idref="oc-1f5"/>
      </symbol>
      <symbol id="sm-3cb">
         <name>HOSTrename</name>
         <value>0x198b9</value>
         <object_component_ref idref="oc-205"/>
      </symbol>
      <symbol id="sm-3d5">
         <name>HOSTunlink</name>
         <value>0x19e19</value>
         <object_component_ref idref="oc-201"/>
      </symbol>
      <symbol id="sm-3df">
         <name>HOSTwrite</name>
         <value>0x19bd9</value>
         <object_component_ref idref="oc-1f9"/>
      </symbol>
      <symbol id="sm-3ed">
         <name>C$$IO$$</name>
         <value>0x1a331</value>
         <object_component_ref idref="oc-232"/>
      </symbol>
      <symbol id="sm-3ee">
         <name>__TI_writemsg</name>
         <value>0x1a305</value>
         <object_component_ref idref="oc-232"/>
      </symbol>
      <symbol id="sm-3ef">
         <name>__CIOBUF_</name>
         <value>0x20200000</value>
         <object_component_ref idref="oc-269"/>
      </symbol>
      <symbol id="sm-3f0">
         <name>__TI_readmsg</name>
         <value>0x1a2d1</value>
         <object_component_ref idref="oc-238"/>
      </symbol>
      <symbol id="sm-3f1">
         <name>_CIOBUF_</name>
         <value>0x20200000</value>
         <object_component_ref idref="oc-269"/>
      </symbol>
      <symbol id="sm-3f7">
         <name>__aeabi_memcpy</name>
         <value>0x1a885</value>
         <object_component_ref idref="oc-51"/>
      </symbol>
      <symbol id="sm-3f8">
         <name>__aeabi_memcpy4</name>
         <value>0x1a885</value>
         <object_component_ref idref="oc-51"/>
      </symbol>
      <symbol id="sm-3f9">
         <name>__aeabi_memcpy8</name>
         <value>0x1a885</value>
         <object_component_ref idref="oc-51"/>
      </symbol>
      <symbol id="sm-400">
         <name>__aeabi_memclr</name>
         <value>0x1a84d</value>
         <object_component_ref idref="oc-8e"/>
      </symbol>
      <symbol id="sm-401">
         <name>__aeabi_memclr4</name>
         <value>0x1a84d</value>
         <object_component_ref idref="oc-8e"/>
      </symbol>
      <symbol id="sm-402">
         <name>__aeabi_memclr8</name>
         <value>0x1a84d</value>
         <object_component_ref idref="oc-8e"/>
      </symbol>
      <symbol id="sm-408">
         <name>__aeabi_uidiv</name>
         <value>0x19ff5</value>
         <object_component_ref idref="oc-138"/>
      </symbol>
      <symbol id="sm-409">
         <name>__aeabi_uidivmod</name>
         <value>0x19ff5</value>
         <object_component_ref idref="oc-138"/>
      </symbol>
      <symbol id="sm-414">
         <name>__aeabi_idiv0</name>
         <value>0x190e7</value>
         <object_component_ref idref="oc-1b5"/>
      </symbol>
      <symbol id="sm-422">
         <name>finddevice</name>
         <value>0x1a36d</value>
         <object_component_ref idref="oc-195"/>
      </symbol>
      <symbol id="sm-423">
         <name>getdevice</name>
         <value>0x19991</value>
         <object_component_ref idref="oc-250"/>
      </symbol>
      <symbol id="sm-42c">
         <name>TI_memcpy_small</name>
         <value>0x1a797</value>
         <object_component_ref idref="oc-ad"/>
      </symbol>
      <symbol id="sm-435">
         <name>TI_memset_small</name>
         <value>0x1a825</value>
         <object_component_ref idref="oc-105"/>
      </symbol>
      <symbol id="sm-43d">
         <name>strcmp</name>
         <value>0x193e1</value>
         <object_component_ref idref="oc-1e7"/>
      </symbol>
      <symbol id="sm-43e">
         <name>__TI_static_base__</name>
         <value>0x0</value>
      </symbol>
      <symbol id="sm-441">
         <name>__mpu_init</name>
         <value>0x0</value>
      </symbol>
      <symbol id="sm-442">
         <name>_system_post_cinit</name>
         <value>0x0</value>
      </symbol>
   </symbol_table>
   <title>Link successful</title>
</link_info>
