<?xml version="1.0" encoding="ISO-8859-1" ?>
<link_info>
   <banner>TI ARM Clang Linker PC v4.0.4.LTS</banner>
   <copyright>Copyright (c) 1996-2018 Texas Instruments Incorporated</copyright>
   <command_line>C:\ti\ccs2040\ccs\tools\compiler\ti-cgt-armllvm_4.0.4.LTS\bin\tiarmlnk -IC:\ti\ccs2040\ccs\tools\compiler\ti-cgt-armllvm_4.0.4.LTS\lib -o ECE319K_Lab9H.out -mECE319K_Lab9H.map --heap_size=512 --stack_size=512 -iC:/Users/kayos/Documents/MSPM0_ValvanoWare/ECE319K_Lab9H/Debug/syscfg -iC:/ti/ccs2040/ccs/tools/compiler/ti-cgt-armllvm_4.0.4.LTS/lib --diag_wrap=off --display_error_number --warn_sections --xml_link_info=ECE319K_Lab9H_linkInfo.xml --rom_model ./Clock.o ./DAC5.o ./LED.o ./Lab9HMain.o ./LaunchPad.o ./SPI.o ./ST7735.o ./SlidePot.o ./SmallFont.o ./Sound.o ./Switch.o ./TExaS.o ./Timer.o ./images/pipedreams/PipeSound.o ./ticlang/startup_mspm0g3507_ticlang.o ../mspm0g3507.cmd -lC:/ti/mspm0_sdk_2_09_00_01/source/ti/driverlib/lib/ticlang/m0p/mspm0g1x0x_g3x0x/driverlib.a -llibc.a --start-group -llibc++.a -llibc++abi.a -llibc.a -llibsys.a -llibsysbm.a -llibclang_rt.builtins.a -llibclang_rt.profile.a --end-group --cg_opt_level=0</command_line>
   <link_time>0x69e03127</link_time>
   <link_errors>0x0</link_errors>
   <output_file>C:\Users\kayos\Documents\MSPM0_ValvanoWare\ECE319K_Lab9H\Debug\ECE319K_Lab9H.out</output_file>
   <entry_point>
      <name>_c_int00_noargs</name>
      <address>0x20e5</address>
   </entry_point>
   <input_file_list>
      <input_file id="fl-1">
         <path>C:\Users\kayos\Documents\MSPM0_ValvanoWare\ECE319K_Lab9H\Debug\.\</path>
         <kind>object</kind>
         <file>Clock.o</file>
         <name>Clock.o</name>
      </input_file>
      <input_file id="fl-2">
         <path>C:\Users\kayos\Documents\MSPM0_ValvanoWare\ECE319K_Lab9H\Debug\.\</path>
         <kind>object</kind>
         <file>DAC5.o</file>
         <name>DAC5.o</name>
      </input_file>
      <input_file id="fl-3">
         <path>C:\Users\kayos\Documents\MSPM0_ValvanoWare\ECE319K_Lab9H\Debug\.\</path>
         <kind>object</kind>
         <file>LED.o</file>
         <name>LED.o</name>
      </input_file>
      <input_file id="fl-4">
         <path>C:\Users\kayos\Documents\MSPM0_ValvanoWare\ECE319K_Lab9H\Debug\.\</path>
         <kind>object</kind>
         <file>Lab9HMain.o</file>
         <name>Lab9HMain.o</name>
      </input_file>
      <input_file id="fl-5">
         <path>C:\Users\kayos\Documents\MSPM0_ValvanoWare\ECE319K_Lab9H\Debug\.\</path>
         <kind>object</kind>
         <file>LaunchPad.o</file>
         <name>LaunchPad.o</name>
      </input_file>
      <input_file id="fl-6">
         <path>C:\Users\kayos\Documents\MSPM0_ValvanoWare\ECE319K_Lab9H\Debug\.\</path>
         <kind>object</kind>
         <file>SPI.o</file>
         <name>SPI.o</name>
      </input_file>
      <input_file id="fl-7">
         <path>C:\Users\kayos\Documents\MSPM0_ValvanoWare\ECE319K_Lab9H\Debug\.\</path>
         <kind>object</kind>
         <file>ST7735.o</file>
         <name>ST7735.o</name>
      </input_file>
      <input_file id="fl-8">
         <path>C:\Users\kayos\Documents\MSPM0_ValvanoWare\ECE319K_Lab9H\Debug\.\</path>
         <kind>object</kind>
         <file>SlidePot.o</file>
         <name>SlidePot.o</name>
      </input_file>
      <input_file id="fl-9">
         <path>C:\Users\kayos\Documents\MSPM0_ValvanoWare\ECE319K_Lab9H\Debug\.\</path>
         <kind>object</kind>
         <file>SmallFont.o</file>
         <name>SmallFont.o</name>
      </input_file>
      <input_file id="fl-a">
         <path>C:\Users\kayos\Documents\MSPM0_ValvanoWare\ECE319K_Lab9H\Debug\.\</path>
         <kind>object</kind>
         <file>Sound.o</file>
         <name>Sound.o</name>
      </input_file>
      <input_file id="fl-b">
         <path>C:\Users\kayos\Documents\MSPM0_ValvanoWare\ECE319K_Lab9H\Debug\.\</path>
         <kind>object</kind>
         <file>Switch.o</file>
         <name>Switch.o</name>
      </input_file>
      <input_file id="fl-c">
         <path>C:\Users\kayos\Documents\MSPM0_ValvanoWare\ECE319K_Lab9H\Debug\.\</path>
         <kind>object</kind>
         <file>TExaS.o</file>
         <name>TExaS.o</name>
      </input_file>
      <input_file id="fl-d">
         <path>C:\Users\kayos\Documents\MSPM0_ValvanoWare\ECE319K_Lab9H\Debug\.\</path>
         <kind>object</kind>
         <file>Timer.o</file>
         <name>Timer.o</name>
      </input_file>
      <input_file id="fl-e">
         <path>C:\Users\kayos\Documents\MSPM0_ValvanoWare\ECE319K_Lab9H\Debug\.\images\pipedreams\</path>
         <kind>object</kind>
         <file>PipeSound.o</file>
         <name>PipeSound.o</name>
      </input_file>
      <input_file id="fl-f">
         <path>C:\Users\kayos\Documents\MSPM0_ValvanoWare\ECE319K_Lab9H\Debug\.\ticlang\</path>
         <kind>object</kind>
         <file>startup_mspm0g3507_ticlang.o</file>
         <name>startup_mspm0g3507_ticlang.o</name>
      </input_file>
      <input_file id="fl-1b">
         <path>C:\Users\kayos\Documents\MSPM0_ValvanoWare\ECE319K_Lab9H\Debug\</path>
         <kind>object</kind>
         <file>&lt;internal&gt;</file>
         <name>&lt;internal&gt;</name>
      </input_file>
      <input_file id="fl-32">
         <path>C:\ti\ccs2040\ccs\tools\compiler\ti-cgt-armllvm_4.0.4.LTS\lib\armv6m-ti-none-eabi\c\</path>
         <kind>archive</kind>
         <file>libc.a</file>
         <name>fopen.c.obj</name>
      </input_file>
      <input_file id="fl-33">
         <path>C:\ti\ccs2040\ccs\tools\compiler\ti-cgt-armllvm_4.0.4.LTS\lib\armv6m-ti-none-eabi\c\</path>
         <kind>archive</kind>
         <file>libc.a</file>
         <name>setvbuf.c.obj</name>
      </input_file>
      <input_file id="fl-34">
         <path>C:\ti\ccs2040\ccs\tools\compiler\ti-cgt-armllvm_4.0.4.LTS\lib\armv6m-ti-none-eabi\c\</path>
         <kind>archive</kind>
         <file>libc.a</file>
         <name>aeabi_portable.c.obj</name>
      </input_file>
      <input_file id="fl-35">
         <path>C:\ti\ccs2040\ccs\tools\compiler\ti-cgt-armllvm_4.0.4.LTS\lib\armv6m-ti-none-eabi\c\</path>
         <kind>archive</kind>
         <file>libc.a</file>
         <name>exit.c.obj</name>
      </input_file>
      <input_file id="fl-36">
         <path>C:\ti\ccs2040\ccs\tools\compiler\ti-cgt-armllvm_4.0.4.LTS\lib\armv6m-ti-none-eabi\c\</path>
         <kind>archive</kind>
         <file>libc.a</file>
         <name>_lock.c.obj</name>
      </input_file>
      <input_file id="fl-37">
         <path>C:\ti\ccs2040\ccs\tools\compiler\ti-cgt-armllvm_4.0.4.LTS\lib\armv6m-ti-none-eabi\c\</path>
         <kind>archive</kind>
         <file>libc.a</file>
         <name>assert.c.obj</name>
      </input_file>
      <input_file id="fl-38">
         <path>C:\ti\ccs2040\ccs\tools\compiler\ti-cgt-armllvm_4.0.4.LTS\lib\armv6m-ti-none-eabi\c\</path>
         <kind>archive</kind>
         <file>libc.a</file>
         <name>defs.c.obj</name>
      </input_file>
      <input_file id="fl-39">
         <path>C:\ti\ccs2040\ccs\tools\compiler\ti-cgt-armllvm_4.0.4.LTS\lib\armv6m-ti-none-eabi\c\</path>
         <kind>archive</kind>
         <file>libc.a</file>
         <name>memory.c.obj</name>
      </input_file>
      <input_file id="fl-3a">
         <path>C:\ti\ccs2040\ccs\tools\compiler\ti-cgt-armllvm_4.0.4.LTS\lib\armv6m-ti-none-eabi\c\</path>
         <kind>archive</kind>
         <file>libc.a</file>
         <name>boot_cortex_m.c.obj</name>
      </input_file>
      <input_file id="fl-3b">
         <path>C:\ti\ccs2040\ccs\tools\compiler\ti-cgt-armllvm_4.0.4.LTS\lib\armv6m-ti-none-eabi\c\</path>
         <kind>archive</kind>
         <file>libc.a</file>
         <name>mathacl_init.c.obj</name>
      </input_file>
      <input_file id="fl-3c">
         <path>C:\ti\ccs2040\ccs\tools\compiler\ti-cgt-armllvm_4.0.4.LTS\lib\armv6m-ti-none-eabi\c\</path>
         <kind>archive</kind>
         <file>libc.a</file>
         <name>autoinit.c.obj</name>
      </input_file>
      <input_file id="fl-3d">
         <path>C:\ti\ccs2040\ccs\tools\compiler\ti-cgt-armllvm_4.0.4.LTS\lib\armv6m-ti-none-eabi\c\</path>
         <kind>archive</kind>
         <file>libc.a</file>
         <name>pre_init.c.obj</name>
      </input_file>
      <input_file id="fl-3e">
         <path>C:\ti\ccs2040\ccs\tools\compiler\ti-cgt-armllvm_4.0.4.LTS\lib\armv6m-ti-none-eabi\c\</path>
         <kind>archive</kind>
         <file>libc.a</file>
         <name>cpy_tbl.c.obj</name>
      </input_file>
      <input_file id="fl-3f">
         <path>C:\ti\ccs2040\ccs\tools\compiler\ti-cgt-armllvm_4.0.4.LTS\lib\armv6m-ti-none-eabi\c\</path>
         <kind>archive</kind>
         <file>libc.a</file>
         <name>copy_zero_init.c.obj</name>
      </input_file>
      <input_file id="fl-40">
         <path>C:\ti\ccs2040\ccs\tools\compiler\ti-cgt-armllvm_4.0.4.LTS\lib\armv6m-ti-none-eabi\c\</path>
         <kind>archive</kind>
         <file>libc.a</file>
         <name>copy_decompress_none.c.obj</name>
      </input_file>
      <input_file id="fl-41">
         <path>C:\ti\ccs2040\ccs\tools\compiler\ti-cgt-armllvm_4.0.4.LTS\lib\armv6m-ti-none-eabi\c\</path>
         <kind>archive</kind>
         <file>libc.a</file>
         <name>copy_decompress_lzss.c.obj</name>
      </input_file>
      <input_file id="fl-42">
         <path>C:\ti\ccs2040\ccs\tools\compiler\ti-cgt-armllvm_4.0.4.LTS\lib\armv6m-ti-none-eabi\c\</path>
         <kind>archive</kind>
         <file>libc.a</file>
         <name>sprintf.c.obj</name>
      </input_file>
      <input_file id="fl-43">
         <path>C:\ti\ccs2040\ccs\tools\compiler\ti-cgt-armllvm_4.0.4.LTS\lib\armv6m-ti-none-eabi\c\</path>
         <kind>archive</kind>
         <file>libc.a</file>
         <name>fclose.c.obj</name>
      </input_file>
      <input_file id="fl-44">
         <path>C:\ti\ccs2040\ccs\tools\compiler\ti-cgt-armllvm_4.0.4.LTS\lib\armv6m-ti-none-eabi\c\</path>
         <kind>archive</kind>
         <file>libc.a</file>
         <name>fflush.c.obj</name>
      </input_file>
      <input_file id="fl-45">
         <path>C:\ti\ccs2040\ccs\tools\compiler\ti-cgt-armllvm_4.0.4.LTS\lib\armv6m-ti-none-eabi\c\</path>
         <kind>archive</kind>
         <file>libc.a</file>
         <name>fputs.c.obj</name>
      </input_file>
      <input_file id="fl-46">
         <path>C:\ti\ccs2040\ccs\tools\compiler\ti-cgt-armllvm_4.0.4.LTS\lib\armv6m-ti-none-eabi\c\</path>
         <kind>archive</kind>
         <file>libc.a</file>
         <name>_io_perm.c.obj</name>
      </input_file>
      <input_file id="fl-47">
         <path>C:\ti\ccs2040\ccs\tools\compiler\ti-cgt-armllvm_4.0.4.LTS\lib\armv6m-ti-none-eabi\c\</path>
         <kind>archive</kind>
         <file>libc.a</file>
         <name>args_main.c.obj</name>
      </input_file>
      <input_file id="fl-48">
         <path>C:\ti\ccs2040\ccs\tools\compiler\ti-cgt-armllvm_4.0.4.LTS\lib\armv6m-ti-none-eabi\c\</path>
         <kind>archive</kind>
         <file>libc.a</file>
         <name>_printfi.c.obj</name>
      </input_file>
      <input_file id="fl-49">
         <path>C:\ti\ccs2040\ccs\tools\compiler\ti-cgt-armllvm_4.0.4.LTS\lib\armv6m-ti-none-eabi\c\</path>
         <kind>archive</kind>
         <file>libc.a</file>
         <name>fseek.c.obj</name>
      </input_file>
      <input_file id="fl-4a">
         <path>C:\ti\ccs2040\ccs\tools\compiler\ti-cgt-armllvm_4.0.4.LTS\lib\armv6m-ti-none-eabi\c\</path>
         <kind>archive</kind>
         <file>libc.a</file>
         <name>_ltoa.c.obj</name>
      </input_file>
      <input_file id="fl-4b">
         <path>C:\ti\ccs2040\ccs\tools\compiler\ti-cgt-armllvm_4.0.4.LTS\lib\armv6m-ti-none-eabi\c\</path>
         <kind>archive</kind>
         <file>libc.a</file>
         <name>atoi.c.obj</name>
      </input_file>
      <input_file id="fl-4c">
         <path>C:\ti\ccs2040\ccs\tools\compiler\ti-cgt-armllvm_4.0.4.LTS\lib\armv6m-ti-none-eabi\c\</path>
         <kind>archive</kind>
         <file>libc.a</file>
         <name>memccpy.c.obj</name>
      </input_file>
      <input_file id="fl-4d">
         <path>C:\ti\ccs2040\ccs\tools\compiler\ti-cgt-armllvm_4.0.4.LTS\lib\armv6m-ti-none-eabi\c\</path>
         <kind>archive</kind>
         <file>libc.a</file>
         <name>s_frexp.c.obj</name>
      </input_file>
      <input_file id="fl-4e">
         <path>C:\ti\ccs2040\ccs\tools\compiler\ti-cgt-armllvm_4.0.4.LTS\lib\armv6m-ti-none-eabi\c\</path>
         <kind>archive</kind>
         <file>libc.a</file>
         <name>s_scalbn.c.obj</name>
      </input_file>
      <input_file id="fl-4f">
         <path>C:\ti\ccs2040\ccs\tools\compiler\ti-cgt-armllvm_4.0.4.LTS\lib\armv6m-ti-none-eabi\c\</path>
         <kind>archive</kind>
         <file>libc.a</file>
         <name>wcslen.c.obj</name>
      </input_file>
      <input_file id="fl-50">
         <path>C:\ti\ccs2040\ccs\tools\compiler\ti-cgt-armllvm_4.0.4.LTS\lib\armv6m-ti-none-eabi\c\</path>
         <kind>archive</kind>
         <file>libc.a</file>
         <name>aeabi_ctype.S.obj</name>
      </input_file>
      <input_file id="fl-f0">
         <path>C:\ti\ccs2040\ccs\tools\compiler\ti-cgt-armllvm_4.0.4.LTS\lib\armv6m-ti-none-eabi\c\</path>
         <kind>archive</kind>
         <file>libsysbm.a</file>
         <name>hostexit.c.obj</name>
      </input_file>
      <input_file id="fl-f1">
         <path>C:\ti\ccs2040\ccs\tools\compiler\ti-cgt-armllvm_4.0.4.LTS\lib\armv6m-ti-none-eabi\c\</path>
         <kind>archive</kind>
         <file>libsysbm.a</file>
         <name>write.c.obj</name>
      </input_file>
      <input_file id="fl-f2">
         <path>C:\ti\ccs2040\ccs\tools\compiler\ti-cgt-armllvm_4.0.4.LTS\lib\armv6m-ti-none-eabi\c\</path>
         <kind>archive</kind>
         <file>libsysbm.a</file>
         <name>host_device.c.obj</name>
      </input_file>
      <input_file id="fl-f3">
         <path>C:\ti\ccs2040\ccs\tools\compiler\ti-cgt-armllvm_4.0.4.LTS\lib\armv6m-ti-none-eabi\c\</path>
         <kind>archive</kind>
         <file>libsysbm.a</file>
         <name>remove.c.obj</name>
      </input_file>
      <input_file id="fl-f4">
         <path>C:\ti\ccs2040\ccs\tools\compiler\ti-cgt-armllvm_4.0.4.LTS\lib\armv6m-ti-none-eabi\c\</path>
         <kind>archive</kind>
         <file>libsysbm.a</file>
         <name>open.c.obj</name>
      </input_file>
      <input_file id="fl-f5">
         <path>C:\ti\ccs2040\ccs\tools\compiler\ti-cgt-armllvm_4.0.4.LTS\lib\armv6m-ti-none-eabi\c\</path>
         <kind>archive</kind>
         <file>libsysbm.a</file>
         <name>lseek.c.obj</name>
      </input_file>
      <input_file id="fl-f6">
         <path>C:\ti\ccs2040\ccs\tools\compiler\ti-cgt-armllvm_4.0.4.LTS\lib\armv6m-ti-none-eabi\c\</path>
         <kind>archive</kind>
         <file>libsysbm.a</file>
         <name>close.c.obj</name>
      </input_file>
      <input_file id="fl-f7">
         <path>C:\ti\ccs2040\ccs\tools\compiler\ti-cgt-armllvm_4.0.4.LTS\lib\armv6m-ti-none-eabi\c\</path>
         <kind>archive</kind>
         <file>libsysbm.a</file>
         <name>add_device.c.obj</name>
      </input_file>
      <input_file id="fl-f8">
         <path>C:\ti\ccs2040\ccs\tools\compiler\ti-cgt-armllvm_4.0.4.LTS\lib\armv6m-ti-none-eabi\c\</path>
         <kind>archive</kind>
         <file>libsysbm.a</file>
         <name>unlink.c.obj</name>
      </input_file>
      <input_file id="fl-f9">
         <path>C:\ti\ccs2040\ccs\tools\compiler\ti-cgt-armllvm_4.0.4.LTS\lib\armv6m-ti-none-eabi\c\</path>
         <kind>archive</kind>
         <file>libsysbm.a</file>
         <name>hostclose.c.obj</name>
      </input_file>
      <input_file id="fl-fa">
         <path>C:\ti\ccs2040\ccs\tools\compiler\ti-cgt-armllvm_4.0.4.LTS\lib\armv6m-ti-none-eabi\c\</path>
         <kind>archive</kind>
         <file>libsysbm.a</file>
         <name>hostlseek.c.obj</name>
      </input_file>
      <input_file id="fl-fb">
         <path>C:\ti\ccs2040\ccs\tools\compiler\ti-cgt-armllvm_4.0.4.LTS\lib\armv6m-ti-none-eabi\c\</path>
         <kind>archive</kind>
         <file>libsysbm.a</file>
         <name>hostopen.c.obj</name>
      </input_file>
      <input_file id="fl-fc">
         <path>C:\ti\ccs2040\ccs\tools\compiler\ti-cgt-armllvm_4.0.4.LTS\lib\armv6m-ti-none-eabi\c\</path>
         <kind>archive</kind>
         <file>libsysbm.a</file>
         <name>hostread.c.obj</name>
      </input_file>
      <input_file id="fl-fd">
         <path>C:\ti\ccs2040\ccs\tools\compiler\ti-cgt-armllvm_4.0.4.LTS\lib\armv6m-ti-none-eabi\c\</path>
         <kind>archive</kind>
         <file>libsysbm.a</file>
         <name>hostrename.c.obj</name>
      </input_file>
      <input_file id="fl-fe">
         <path>C:\ti\ccs2040\ccs\tools\compiler\ti-cgt-armllvm_4.0.4.LTS\lib\armv6m-ti-none-eabi\c\</path>
         <kind>archive</kind>
         <file>libsysbm.a</file>
         <name>hostunlink.c.obj</name>
      </input_file>
      <input_file id="fl-ff">
         <path>C:\ti\ccs2040\ccs\tools\compiler\ti-cgt-armllvm_4.0.4.LTS\lib\armv6m-ti-none-eabi\c\</path>
         <kind>archive</kind>
         <file>libsysbm.a</file>
         <name>hostwrite.c.obj</name>
      </input_file>
      <input_file id="fl-100">
         <path>C:\ti\ccs2040\ccs\tools\compiler\ti-cgt-armllvm_4.0.4.LTS\lib\armv6m-ti-none-eabi\c\</path>
         <kind>archive</kind>
         <file>libsysbm.a</file>
         <name>trgmsg.c.obj</name>
      </input_file>
      <input_file id="fl-101">
         <path>C:\ti\ccs2040\ccs\tools\compiler\ti-cgt-armllvm_4.0.4.LTS\lib\armv6m-ti-none-eabi\</path>
         <kind>archive</kind>
         <file>libclang_rt.builtins.a</file>
         <name>adddf3.S.obj</name>
      </input_file>
      <input_file id="fl-102">
         <path>C:\ti\ccs2040\ccs\tools\compiler\ti-cgt-armllvm_4.0.4.LTS\lib\armv6m-ti-none-eabi\</path>
         <kind>archive</kind>
         <file>libclang_rt.builtins.a</file>
         <name>muldf3.S.obj</name>
      </input_file>
      <input_file id="fl-103">
         <path>C:\ti\ccs2040\ccs\tools\compiler\ti-cgt-armllvm_4.0.4.LTS\lib\armv6m-ti-none-eabi\</path>
         <kind>archive</kind>
         <file>libclang_rt.builtins.a</file>
         <name>muldsi3.S.obj</name>
      </input_file>
      <input_file id="fl-104">
         <path>C:\ti\ccs2040\ccs\tools\compiler\ti-cgt-armllvm_4.0.4.LTS\lib\armv6m-ti-none-eabi\</path>
         <kind>archive</kind>
         <file>libclang_rt.builtins.a</file>
         <name>divdf3.S.obj</name>
      </input_file>
      <input_file id="fl-105">
         <path>C:\ti\ccs2040\ccs\tools\compiler\ti-cgt-armllvm_4.0.4.LTS\lib\armv6m-ti-none-eabi\</path>
         <kind>archive</kind>
         <file>libclang_rt.builtins.a</file>
         <name>fixdfsi.S.obj</name>
      </input_file>
      <input_file id="fl-106">
         <path>C:\ti\ccs2040\ccs\tools\compiler\ti-cgt-armllvm_4.0.4.LTS\lib\armv6m-ti-none-eabi\</path>
         <kind>archive</kind>
         <file>libclang_rt.builtins.a</file>
         <name>floatsidf.S.obj</name>
      </input_file>
      <input_file id="fl-107">
         <path>C:\ti\ccs2040\ccs\tools\compiler\ti-cgt-armllvm_4.0.4.LTS\lib\armv6m-ti-none-eabi\</path>
         <kind>archive</kind>
         <file>libclang_rt.builtins.a</file>
         <name>floatunsidf.S.obj</name>
      </input_file>
      <input_file id="fl-108">
         <path>C:\ti\ccs2040\ccs\tools\compiler\ti-cgt-armllvm_4.0.4.LTS\lib\armv6m-ti-none-eabi\</path>
         <kind>archive</kind>
         <file>libclang_rt.builtins.a</file>
         <name>muldi3.S.obj</name>
      </input_file>
      <input_file id="fl-109">
         <path>C:\ti\ccs2040\ccs\tools\compiler\ti-cgt-armllvm_4.0.4.LTS\lib\armv6m-ti-none-eabi\</path>
         <kind>archive</kind>
         <file>libclang_rt.builtins.a</file>
         <name>truncdfsf2.S.obj</name>
      </input_file>
      <input_file id="fl-10a">
         <path>C:\ti\ccs2040\ccs\tools\compiler\ti-cgt-armllvm_4.0.4.LTS\lib\armv6m-ti-none-eabi\</path>
         <kind>archive</kind>
         <file>libclang_rt.builtins.a</file>
         <name>aeabi_dcmp.S.obj</name>
      </input_file>
      <input_file id="fl-10b">
         <path>C:\ti\ccs2040\ccs\tools\compiler\ti-cgt-armllvm_4.0.4.LTS\lib\armv6m-ti-none-eabi\</path>
         <kind>archive</kind>
         <file>libclang_rt.builtins.a</file>
         <name>aeabi_idivmod.S.obj</name>
      </input_file>
      <input_file id="fl-10c">
         <path>C:\ti\ccs2040\ccs\tools\compiler\ti-cgt-armllvm_4.0.4.LTS\lib\armv6m-ti-none-eabi\</path>
         <kind>archive</kind>
         <file>libclang_rt.builtins.a</file>
         <name>aeabi_memcpy.S.obj</name>
      </input_file>
      <input_file id="fl-10d">
         <path>C:\ti\ccs2040\ccs\tools\compiler\ti-cgt-armllvm_4.0.4.LTS\lib\armv6m-ti-none-eabi\</path>
         <kind>archive</kind>
         <file>libclang_rt.builtins.a</file>
         <name>aeabi_memset.S.obj</name>
      </input_file>
      <input_file id="fl-10e">
         <path>C:\ti\ccs2040\ccs\tools\compiler\ti-cgt-armllvm_4.0.4.LTS\lib\armv6m-ti-none-eabi\</path>
         <kind>archive</kind>
         <file>libclang_rt.builtins.a</file>
         <name>aeabi_uidivmod.S.obj</name>
      </input_file>
      <input_file id="fl-10f">
         <path>C:\ti\ccs2040\ccs\tools\compiler\ti-cgt-armllvm_4.0.4.LTS\lib\armv6m-ti-none-eabi\</path>
         <kind>archive</kind>
         <file>libclang_rt.builtins.a</file>
         <name>aeabi_uldivmod.S.obj</name>
      </input_file>
      <input_file id="fl-110">
         <path>C:\ti\ccs2040\ccs\tools\compiler\ti-cgt-armllvm_4.0.4.LTS\lib\armv6m-ti-none-eabi\</path>
         <kind>archive</kind>
         <file>libclang_rt.builtins.a</file>
         <name>udivmoddi4.S.obj</name>
      </input_file>
      <input_file id="fl-111">
         <path>C:\ti\ccs2040\ccs\tools\compiler\ti-cgt-armllvm_4.0.4.LTS\lib\armv6m-ti-none-eabi\</path>
         <kind>archive</kind>
         <file>libclang_rt.builtins.a</file>
         <name>ashldi3.S.obj</name>
      </input_file>
      <input_file id="fl-112">
         <path>C:\ti\ccs2040\ccs\tools\compiler\ti-cgt-armllvm_4.0.4.LTS\lib\armv6m-ti-none-eabi\</path>
         <kind>archive</kind>
         <file>libclang_rt.builtins.a</file>
         <name>comparedf2.c.obj</name>
      </input_file>
      <input_file id="fl-113">
         <path>C:\ti\ccs2040\ccs\tools\compiler\ti-cgt-armllvm_4.0.4.LTS\lib\armv6m-ti-none-eabi\</path>
         <kind>archive</kind>
         <file>libclang_rt.builtins.a</file>
         <name>aeabi_div0.c.obj</name>
      </input_file>
      <input_file id="fl-114">
         <path>C:\ti\ccs2040\ccs\tools\compiler\ti-cgt-armllvm_4.0.4.LTS\lib\armv6m-ti-none-eabi\c\</path>
         <kind>archive</kind>
         <file>libc.a</file>
         <name>getdevice.c.obj</name>
      </input_file>
      <input_file id="fl-115">
         <path>C:\ti\ccs2040\ccs\tools\compiler\ti-cgt-armllvm_4.0.4.LTS\lib\armv6m-ti-none-eabi\c\</path>
         <kind>archive</kind>
         <file>libc.a</file>
         <name>memcpy16.S.obj</name>
      </input_file>
      <input_file id="fl-116">
         <path>C:\ti\ccs2040\ccs\tools\compiler\ti-cgt-armllvm_4.0.4.LTS\lib\armv6m-ti-none-eabi\c\</path>
         <kind>archive</kind>
         <file>libc.a</file>
         <name>memset16.S.obj</name>
      </input_file>
      <input_file id="fl-117">
         <path>C:\ti\ccs2040\ccs\tools\compiler\ti-cgt-armllvm_4.0.4.LTS\lib\armv6m-ti-none-eabi\c\</path>
         <kind>archive</kind>
         <file>libc.a</file>
         <name>strcmp-armv6m.S.obj</name>
      </input_file>
   </input_file_list>
   <object_component_list>
      <object_component id="oc-18">
         <name>.intvecs</name>
         <load_address>0x0</load_address>
         <readonly>true</readonly>
         <run_address>0x0</run_address>
         <size>0xc0</size>
         <alignment>0x4</alignment>
         <input_file_ref idref="fl-f"/>
      </object_component>
      <object_component id="oc-a6">
         <name>.text._Z17ST7735_DrawBitmapssPKtss</name>
         <load_address>0xc0</load_address>
         <readonly>true</readonly>
         <executable>true</executable>
         <run_address>0xc0</run_address>
         <size>0x210</size>
         <alignment>0x4</alignment>
         <input_file_ref idref="fl-7"/>
      </object_component>
      <object_component id="oc-e7">
         <name>.text._Z15Clock_Init80MHzi</name>
         <load_address>0x2d0</load_address>
         <readonly>true</readonly>
         <executable>true</executable>
         <run_address>0x2d0</run_address>
         <size>0x1b4</size>
         <alignment>0x4</alignment>
         <input_file_ref idref="fl-1"/>
      </object_component>
      <object_component id="oc-124">
         <name>.text._Z16ST7735_DrawCharSsscssh</name>
         <load_address>0x484</load_address>
         <readonly>true</readonly>
         <executable>true</executable>
         <run_address>0x484</run_address>
         <size>0x1a0</size>
         <alignment>0x4</alignment>
         <input_file_ref idref="fl-7"/>
      </object_component>
      <object_component id="oc-a7">
         <name>.text._Z21SmallFont_OutVerticaljss</name>
         <load_address>0x624</load_address>
         <readonly>true</readonly>
         <executable>true</executable>
         <run_address>0x624</run_address>
         <size>0x180</size>
         <alignment>0x4</alignment>
         <input_file_ref idref="fl-9"/>
      </object_component>
      <object_component id="oc-84">
         <name>.text.main</name>
         <load_address>0x7a4</load_address>
         <readonly>true</readonly>
         <executable>true</executable>
         <run_address>0x7a4</run_address>
         <size>0x174</size>
         <alignment>0x4</alignment>
         <input_file_ref idref="fl-4"/>
      </object_component>
      <object_component id="oc-152">
         <name>.text._openfile</name>
         <load_address>0x918</load_address>
         <readonly>true</readonly>
         <executable>true</executable>
         <run_address>0x918</run_address>
         <size>0x154</size>
         <alignment>0x4</alignment>
         <input_file_ref idref="fl-32"/>
      </object_component>
      <object_component id="oc-10a">
         <name>.text._Z15ST7735_FillRectsssst</name>
         <load_address>0xa6c</load_address>
         <readonly>true</readonly>
         <executable>true</executable>
         <run_address>0xa6c</run_address>
         <size>0x118</size>
         <alignment>0x4</alignment>
         <input_file_ref idref="fl-7"/>
      </object_component>
      <object_component id="oc-1bc">
         <name>.text.aligned_alloc</name>
         <load_address>0xb84</load_address>
         <readonly>true</readonly>
         <executable>true</executable>
         <run_address>0xb84</run_address>
         <size>0x114</size>
         <alignment>0x4</alignment>
         <input_file_ref idref="fl-39"/>
      </object_component>
      <object_component id="oc-17b">
         <name>.text._Z8SPI_Initv</name>
         <load_address>0xc98</load_address>
         <readonly>true</readonly>
         <executable>true</executable>
         <run_address>0xc98</run_address>
         <size>0xf8</size>
         <alignment>0x4</alignment>
         <input_file_ref idref="fl-6"/>
      </object_component>
      <object_component id="oc-ec">
         <name>.text.add_device</name>
         <load_address>0xd90</load_address>
         <readonly>true</readonly>
         <executable>true</executable>
         <run_address>0xd90</run_address>
         <size>0xec</size>
         <alignment>0x4</alignment>
         <input_file_ref idref="fl-f7"/>
      </object_component>
      <object_component id="oc-15b">
         <name>.text.free</name>
         <load_address>0xe7c</load_address>
         <readonly>true</readonly>
         <executable>true</executable>
         <run_address>0xe7c</run_address>
         <size>0xe8</size>
         <alignment>0x4</alignment>
         <input_file_ref idref="fl-39"/>
      </object_component>
      <object_component id="oc-f7">
         <name>.text.setvbuf</name>
         <load_address>0xf64</load_address>
         <readonly>true</readonly>
         <executable>true</executable>
         <run_address>0xf64</run_address>
         <size>0xe0</size>
         <alignment>0x4</alignment>
         <input_file_ref idref="fl-33"/>
      </object_component>
      <object_component id="oc-121">
         <name>.text._Z14ST7735_OutCharc</name>
         <load_address>0x1044</load_address>
         <readonly>true</readonly>
         <executable>true</executable>
         <run_address>0x1044</run_address>
         <size>0xd0</size>
         <alignment>0x4</alignment>
         <input_file_ref idref="fl-7"/>
      </object_component>
      <object_component id="oc-13c">
         <name>.text._ZL11commandListPKh</name>
         <load_address>0x1114</load_address>
         <readonly>true</readonly>
         <executable>true</executable>
         <run_address>0x1114</run_address>
         <size>0xa2</size>
         <alignment>0x2</alignment>
         <input_file_ref idref="fl-7"/>
      </object_component>
      <object_component id="oc-38">
         <name>.text.SysTick_Handler</name>
         <load_address>0x11b6</load_address>
         <readonly>true</readonly>
         <executable>true</executable>
         <run_address>0x11b6</run_address>
         <size>0x2</size>
         <alignment>0x2</alignment>
         <input_file_ref idref="fl-a"/>
      </object_component>
      <object_component id="oc-a0">
         <name>.text._Z17ST7735_InitPrintf10initRFlags</name>
         <load_address>0x11b8</load_address>
         <readonly>true</readonly>
         <executable>true</executable>
         <run_address>0x11b8</run_address>
         <size>0xa0</size>
         <alignment>0x4</alignment>
         <input_file_ref idref="fl-7"/>
      </object_component>
      <object_component id="oc-1a4">
         <name>.text.open</name>
         <load_address>0x1258</load_address>
         <readonly>true</readonly>
         <executable>true</executable>
         <run_address>0x1258</run_address>
         <size>0xa0</size>
         <alignment>0x4</alignment>
         <input_file_ref idref="fl-f4"/>
      </object_component>
      <object_component id="oc-eb">
         <name>.text._Z12ST7735_InitR10initRFlags</name>
         <load_address>0x12f8</load_address>
         <readonly>true</readonly>
         <executable>true</executable>
         <run_address>0x12f8</run_address>
         <size>0x98</size>
         <alignment>0x4</alignment>
         <input_file_ref idref="fl-7"/>
      </object_component>
      <object_component id="oc-10d">
         <name>.text._ZL13setAddrWindowhhhh</name>
         <load_address>0x1390</load_address>
         <readonly>true</readonly>
         <executable>true</executable>
         <run_address>0x1390</run_address>
         <size>0x88</size>
         <alignment>0x4</alignment>
         <input_file_ref idref="fl-7"/>
      </object_component>
      <object_component id="oc-69">
         <name>.text._GLOBAL__sub_I_Lab9HMain.cpp</name>
         <load_address>0x1418</load_address>
         <readonly>true</readonly>
         <executable>true</executable>
         <run_address>0x1418</run_address>
         <size>0x8</size>
         <alignment>0x2</alignment>
         <input_file_ref idref="fl-4"/>
      </object_component>
      <object_component id="oc-17c">
         <name>.text:strcmp</name>
         <load_address>0x1420</load_address>
         <readonly>true</readonly>
         <executable>true</executable>
         <run_address>0x1420</run_address>
         <size>0x88</size>
         <alignment>0x10</alignment>
         <input_file_ref idref="fl-117"/>
      </object_component>
      <object_component id="oc-b3">
         <name>.text._Z14ST7735_OutUDecj</name>
         <load_address>0x14a8</load_address>
         <readonly>true</readonly>
         <executable>true</executable>
         <run_address>0x14a8</run_address>
         <size>0x84</size>
         <alignment>0x4</alignment>
         <input_file_ref idref="fl-7"/>
      </object_component>
      <object_component id="oc-123">
         <name>.text._Z17ST7735_DrawStringttPcs</name>
         <load_address>0x152c</load_address>
         <readonly>true</readonly>
         <executable>true</executable>
         <run_address>0x152c</run_address>
         <size>0x84</size>
         <alignment>0x2</alignment>
         <input_file_ref idref="fl-7"/>
      </object_component>
      <object_component id="oc-9b">
         <name>.text._Z14LaunchPad_Initv</name>
         <load_address>0x15b0</load_address>
         <readonly>true</readonly>
         <executable>true</executable>
         <run_address>0x15b0</run_address>
         <size>0x7c</size>
         <alignment>0x4</alignment>
         <input_file_ref idref="fl-5"/>
      </object_component>
      <object_component id="oc-155">
         <name>.text.__TI_closefile</name>
         <load_address>0x162c</load_address>
         <readonly>true</readonly>
         <executable>true</executable>
         <run_address>0x162c</run_address>
         <size>0x7c</size>
         <alignment>0x4</alignment>
         <input_file_ref idref="fl-43"/>
      </object_component>
      <object_component id="oc-1c">
         <name>.text:decompress:lzss</name>
         <load_address>0x16a8</load_address>
         <readonly>true</readonly>
         <executable>true</executable>
         <run_address>0x16a8</run_address>
         <size>0x7c</size>
         <alignment>0x4</alignment>
         <input_file_ref idref="fl-41"/>
      </object_component>
      <object_component id="oc-16e">
         <name>.text._Z16ST7735_DrawPixelsst</name>
         <load_address>0x1724</load_address>
         <readonly>true</readonly>
         <executable>true</executable>
         <run_address>0x1724</run_address>
         <size>0x70</size>
         <alignment>0x4</alignment>
         <input_file_ref idref="fl-7"/>
      </object_component>
      <object_component id="oc-192">
         <name>.text.HOSTlseek</name>
         <load_address>0x1794</load_address>
         <readonly>true</readonly>
         <executable>true</executable>
         <run_address>0x1794</run_address>
         <size>0x6c</size>
         <alignment>0x4</alignment>
         <input_file_ref idref="fl-fa"/>
      </object_component>
      <object_component id="oc-19a">
         <name>.text.HOSTrename</name>
         <load_address>0x1800</load_address>
         <readonly>true</readonly>
         <executable>true</executable>
         <run_address>0x1800</run_address>
         <size>0x6c</size>
         <alignment>0x4</alignment>
         <input_file_ref idref="fl-fd"/>
      </object_component>
      <object_component id="oc-1e2">
         <name>.text.getdevice</name>
         <load_address>0x186c</load_address>
         <readonly>true</readonly>
         <executable>true</executable>
         <run_address>0x186c</run_address>
         <size>0x6c</size>
         <alignment>0x4</alignment>
         <input_file_ref idref="fl-114"/>
      </object_component>
      <object_component id="oc-1f9">
         <name>.text.split</name>
         <load_address>0x18d8</load_address>
         <readonly>true</readonly>
         <executable>true</executable>
         <run_address>0x18d8</run_address>
         <size>0x64</size>
         <alignment>0x4</alignment>
         <input_file_ref idref="fl-39"/>
      </object_component>
      <object_component id="oc-182">
         <name>.text.HOSTopen</name>
         <load_address>0x193c</load_address>
         <readonly>true</readonly>
         <executable>true</executable>
         <run_address>0x193c</run_address>
         <size>0x60</size>
         <alignment>0x4</alignment>
         <input_file_ref idref="fl-fb"/>
      </object_component>
      <object_component id="oc-18a">
         <name>.text.HOSTread</name>
         <load_address>0x199c</load_address>
         <readonly>true</readonly>
         <executable>true</executable>
         <run_address>0x199c</run_address>
         <size>0x58</size>
         <alignment>0x4</alignment>
         <input_file_ref idref="fl-fc"/>
      </object_component>
      <object_component id="oc-18e">
         <name>.text.HOSTwrite</name>
         <load_address>0x19f4</load_address>
         <readonly>true</readonly>
         <executable>true</executable>
         <run_address>0x19f4</run_address>
         <size>0x58</size>
         <alignment>0x4</alignment>
         <input_file_ref idref="fl-ff"/>
      </object_component>
      <object_component id="oc-122">
         <name>.text._Z11fillmessagej</name>
         <load_address>0x1a4c</load_address>
         <readonly>true</readonly>
         <executable>true</executable>
         <run_address>0x1a4c</run_address>
         <size>0x54</size>
         <alignment>0x4</alignment>
         <input_file_ref idref="fl-7"/>
      </object_component>
      <object_component id="oc-ce">
         <name>.text:__TI_auto_init_nobinit</name>
         <load_address>0x1aa0</load_address>
         <readonly>true</readonly>
         <executable>true</executable>
         <run_address>0x1aa0</run_address>
         <size>0x54</size>
         <alignment>0x4</alignment>
         <input_file_ref idref="fl-3c"/>
      </object_component>
      <object_component id="oc-1a8">
         <name>.text.__TI_doflush</name>
         <load_address>0x1af4</load_address>
         <readonly>true</readonly>
         <executable>true</executable>
         <run_address>0x1af4</run_address>
         <size>0x52</size>
         <alignment>0x2</alignment>
         <input_file_ref idref="fl-44"/>
      </object_component>
      <object_component id="oc-167">
         <name>.text.__aeabi_idiv0</name>
         <load_address>0x1b46</load_address>
         <readonly>true</readonly>
         <executable>true</executable>
         <run_address>0x1b46</run_address>
         <size>0x2</size>
         <alignment>0x2</alignment>
         <input_file_ref idref="fl-113"/>
      </object_component>
      <object_component id="oc-1ae">
         <name>.text.close</name>
         <load_address>0x1b48</load_address>
         <readonly>true</readonly>
         <executable>true</executable>
         <run_address>0x1b48</run_address>
         <size>0x50</size>
         <alignment>0x4</alignment>
         <input_file_ref idref="fl-f6"/>
      </object_component>
      <object_component id="oc-186">
         <name>.text.HOSTclose</name>
         <load_address>0x1b98</load_address>
         <readonly>true</readonly>
         <executable>true</executable>
         <run_address>0x1b98</run_address>
         <size>0x48</size>
         <alignment>0x4</alignment>
         <input_file_ref idref="fl-f9"/>
      </object_component>
      <object_component id="oc-196">
         <name>.text.HOSTunlink</name>
         <load_address>0x1be0</load_address>
         <readonly>true</readonly>
         <executable>true</executable>
         <run_address>0x1be0</run_address>
         <size>0x48</size>
         <alignment>0x4</alignment>
         <input_file_ref idref="fl-fe"/>
      </object_component>
      <object_component id="oc-13d">
         <name>.text._Z14SPI_OutCommandc</name>
         <load_address>0x1c28</load_address>
         <readonly>true</readonly>
         <executable>true</executable>
         <run_address>0x1c28</run_address>
         <size>0x48</size>
         <alignment>0x4</alignment>
         <input_file_ref idref="fl-6"/>
      </object_component>
      <object_component id="oc-3d">
         <name>.text.TIMG7_IRQHandler</name>
         <load_address>0x1c70</load_address>
         <readonly>true</readonly>
         <executable>true</executable>
         <run_address>0x1c70</run_address>
         <size>0x40</size>
         <alignment>0x4</alignment>
         <input_file_ref idref="fl-c"/>
      </object_component>
      <object_component id="oc-1c2">
         <name>.text._Z9SPI_Resetv</name>
         <load_address>0x1cb0</load_address>
         <readonly>true</readonly>
         <executable>true</executable>
         <run_address>0x1cb0</run_address>
         <size>0x40</size>
         <alignment>0x4</alignment>
         <input_file_ref idref="fl-6"/>
      </object_component>
      <object_component id="oc-113">
         <name>.text.__aeabi_uidivmod</name>
         <load_address>0x1cf0</load_address>
         <readonly>true</readonly>
         <executable>true</executable>
         <run_address>0x1cf0</run_address>
         <size>0x40</size>
         <alignment>0x4</alignment>
         <input_file_ref idref="fl-10e"/>
      </object_component>
      <object_component id="oc-151">
         <name>.text._search_fp</name>
         <load_address>0x1d30</load_address>
         <readonly>true</readonly>
         <executable>true</executable>
         <run_address>0x1d30</run_address>
         <size>0x40</size>
         <alignment>0x4</alignment>
         <input_file_ref idref="fl-32"/>
      </object_component>
      <object_component id="oc-10e">
         <name>.text._Z11SPI_OutDatac</name>
         <load_address>0x1d70</load_address>
         <readonly>true</readonly>
         <executable>true</executable>
         <run_address>0x1d70</run_address>
         <size>0x38</size>
         <alignment>0x4</alignment>
         <input_file_ref idref="fl-6"/>
      </object_component>
      <object_component id="oc-e8">
         <name>.text._Z15ActivatePortA_Bv</name>
         <load_address>0x1da8</load_address>
         <readonly>true</readonly>
         <executable>true</executable>
         <run_address>0x1da8</run_address>
         <size>0x38</size>
         <alignment>0x4</alignment>
         <input_file_ref idref="fl-5"/>
      </object_component>
      <object_component id="oc-fe">
         <name>.text._Z12ST7735_writeiPKcj</name>
         <load_address>0x1de0</load_address>
         <readonly>true</readonly>
         <executable>true</executable>
         <run_address>0x1de0</run_address>
         <size>0x34</size>
         <alignment>0x2</alignment>
         <input_file_ref idref="fl-7"/>
      </object_component>
      <object_component id="oc-ac">
         <name>.text._Z14Clock_Delay1msj</name>
         <load_address>0x1e14</load_address>
         <readonly>true</readonly>
         <executable>true</executable>
         <run_address>0x1e14</run_address>
         <size>0x34</size>
         <alignment>0x4</alignment>
         <input_file_ref idref="fl-1"/>
      </object_component>
      <object_component id="oc-b1">
         <name>.text._Z16ST7735_SetCursorjj</name>
         <load_address>0x1e48</load_address>
         <readonly>true</readonly>
         <executable>true</executable>
         <run_address>0x1e48</run_address>
         <size>0x34</size>
         <alignment>0x4</alignment>
         <input_file_ref idref="fl-7"/>
      </object_component>
      <object_component id="oc-15e">
         <name>.text.__TI_cleanup</name>
         <load_address>0x1e7c</load_address>
         <readonly>true</readonly>
         <executable>true</executable>
         <run_address>0x1e7c</run_address>
         <size>0x34</size>
         <alignment>0x4</alignment>
         <input_file_ref idref="fl-32"/>
      </object_component>
      <object_component id="oc-1ca">
         <name>.text.__TI_readmsg</name>
         <load_address>0x1eb0</load_address>
         <readonly>true</readonly>
         <executable>true</executable>
         <run_address>0x1eb0</run_address>
         <size>0x34</size>
         <alignment>0x4</alignment>
         <input_file_ref idref="fl-100"/>
      </object_component>
      <object_component id="oc-1c4">
         <name>.text.__TI_writemsg</name>
         <load_address>0x1ee4</load_address>
         <readonly>true</readonly>
         <executable>true</executable>
         <run_address>0x1ee4</run_address>
         <size>0x34</size>
         <alignment>0x4</alignment>
         <input_file_ref idref="fl-100"/>
      </object_component>
      <object_component id="oc-c6">
         <name>.text.exit</name>
         <load_address>0x1f18</load_address>
         <readonly>true</readonly>
         <executable>true</executable>
         <run_address>0x1f18</run_address>
         <size>0x34</size>
         <alignment>0x4</alignment>
         <input_file_ref idref="fl-35"/>
      </object_component>
      <object_component id="oc-145">
         <name>.text.finddevice</name>
         <load_address>0x1f4c</load_address>
         <readonly>true</readonly>
         <executable>true</executable>
         <run_address>0x1f4c</run_address>
         <size>0x34</size>
         <alignment>0x4</alignment>
         <input_file_ref idref="fl-114"/>
      </object_component>
      <object_component id="oc-f6">
         <name>.text.freopen</name>
         <load_address>0x1f80</load_address>
         <readonly>true</readonly>
         <executable>true</executable>
         <run_address>0x1f80</run_address>
         <size>0x34</size>
         <alignment>0x4</alignment>
         <input_file_ref idref="fl-32"/>
      </object_component>
      <object_component id="oc-13b">
         <name>.text._ZL10commonInitPKh</name>
         <load_address>0x1fb4</load_address>
         <readonly>true</readonly>
         <executable>true</executable>
         <run_address>0x1fb4</run_address>
         <size>0x30</size>
         <alignment>0x4</alignment>
         <input_file_ref idref="fl-7"/>
      </object_component>
      <object_component id="oc-f0">
         <name>.text.fopen</name>
         <load_address>0x1fe4</load_address>
         <readonly>true</readonly>
         <executable>true</executable>
         <run_address>0x1fe4</run_address>
         <size>0x30</size>
         <alignment>0x4</alignment>
         <input_file_ref idref="fl-32"/>
      </object_component>
      <object_component id="oc-a5">
         <name>.text._Z17ST7735_FillScreent</name>
         <load_address>0x2014</load_address>
         <readonly>true</readonly>
         <executable>true</executable>
         <run_address>0x2014</run_address>
         <size>0x2c</size>
         <alignment>0x4</alignment>
         <input_file_ref idref="fl-7"/>
      </object_component>
      <object_component id="oc-1f1">
         <name>.text.unlink</name>
         <load_address>0x2040</load_address>
         <readonly>true</readonly>
         <executable>true</executable>
         <run_address>0x2040</run_address>
         <size>0x2c</size>
         <alignment>0x4</alignment>
         <input_file_ref idref="fl-f8"/>
      </object_component>
      <object_component id="oc-42">
         <name>.text.TIMG12_IRQHandler</name>
         <load_address>0x206c</load_address>
         <readonly>true</readonly>
         <executable>true</executable>
         <run_address>0x206c</run_address>
         <size>0x28</size>
         <alignment>0x4</alignment>
         <input_file_ref idref="fl-4"/>
      </object_component>
      <object_component id="oc-1bb">
         <name>.text.free_list_insert</name>
         <load_address>0x2094</load_address>
         <readonly>true</readonly>
         <executable>true</executable>
         <run_address>0x2094</run_address>
         <size>0x28</size>
         <alignment>0x4</alignment>
         <input_file_ref idref="fl-39"/>
      </object_component>
      <object_component id="oc-1e8">
         <name>.text.write</name>
         <load_address>0x20bc</load_address>
         <readonly>true</readonly>
         <executable>true</executable>
         <run_address>0x20bc</run_address>
         <size>0x28</size>
         <alignment>0x4</alignment>
         <input_file_ref idref="fl-f1"/>
      </object_component>
      <object_component id="oc-62">
         <name>.text:_c_int00_noargs</name>
         <load_address>0x20e4</load_address>
         <readonly>true</readonly>
         <executable>true</executable>
         <run_address>0x20e4</run_address>
         <size>0x28</size>
         <alignment>0x4</alignment>
         <input_file_ref idref="fl-3a"/>
      </object_component>
      <object_component id="oc-b2">
         <name>.text._Z16ST7735_OutStringPc</name>
         <load_address>0x210c</load_address>
         <readonly>true</readonly>
         <executable>true</executable>
         <run_address>0x210c</run_address>
         <size>0x26</size>
         <alignment>0x2</alignment>
         <input_file_ref idref="fl-7"/>
      </object_component>
      <object_component id="oc-1c0">
         <name>.text._ZL9pushColort</name>
         <load_address>0x2132</load_address>
         <readonly>true</readonly>
         <executable>true</executable>
         <run_address>0x2132</run_address>
         <size>0x1e</size>
         <alignment>0x2</alignment>
         <input_file_ref idref="fl-7"/>
      </object_component>
      <object_component id="oc-36">
         <name>.text.Default_Handler</name>
         <load_address>0x2150</load_address>
         <readonly>true</readonly>
         <executable>true</executable>
         <run_address>0x2150</run_address>
         <size>0x1c</size>
         <alignment>0x4</alignment>
         <input_file_ref idref="fl-f"/>
      </object_component>
      <object_component id="oc-37">
         <name>.text.HardFault_Handler</name>
         <load_address>0x216c</load_address>
         <readonly>true</readonly>
         <executable>true</executable>
         <run_address>0x216c</run_address>
         <size>0x1c</size>
         <alignment>0x4</alignment>
         <input_file_ref idref="fl-f"/>
      </object_component>
      <object_component id="oc-1b9">
         <name>.text.free_list_remove</name>
         <load_address>0x2188</load_address>
         <readonly>true</readonly>
         <executable>true</executable>
         <run_address>0x2188</run_address>
         <size>0x1c</size>
         <alignment>0x4</alignment>
         <input_file_ref idref="fl-39"/>
      </object_component>
      <object_component id="oc-8f">
         <name>.text.__cxx_global_var_init</name>
         <load_address>0x21a4</load_address>
         <readonly>true</readonly>
         <executable>true</executable>
         <run_address>0x21a4</run_address>
         <size>0x18</size>
         <alignment>0x4</alignment>
         <input_file_ref idref="fl-4"/>
      </object_component>
      <object_component id="oc-101">
         <name>.text._Z11ST7735_openPKcji</name>
         <load_address>0x21bc</load_address>
         <readonly>true</readonly>
         <executable>true</executable>
         <run_address>0x21bc</run_address>
         <size>0x16</size>
         <alignment>0x2</alignment>
         <input_file_ref idref="fl-7"/>
      </object_component>
      <object_component id="oc-ff">
         <name>.text._Z11ST7735_readiPcj</name>
         <load_address>0x21d2</load_address>
         <readonly>true</readonly>
         <executable>true</executable>
         <run_address>0x21d2</run_address>
         <size>0x16</size>
         <alignment>0x2</alignment>
         <input_file_ref idref="fl-7"/>
      </object_component>
      <object_component id="oc-da">
         <name>.text._ZN8SlidePotC2Ejj</name>
         <load_address>0x21e8</load_address>
         <readonly>true</readonly>
         <executable>true</executable>
         <run_address>0x21e8</run_address>
         <size>0x16</size>
         <alignment>0x2</alignment>
         <input_file_ref idref="fl-8"/>
      </object_component>
      <object_component id="oc-59">
         <name>.text:decompress:ZI:__TI_zero_init_nomemset</name>
         <load_address>0x21fe</load_address>
         <readonly>true</readonly>
         <executable>true</executable>
         <run_address>0x21fe</run_address>
         <size>0x16</size>
         <alignment>0x2</alignment>
         <input_file_ref idref="fl-3f"/>
      </object_component>
      <object_component id="oc-90">
         <name>.text:TI_memcpy_small</name>
         <load_address>0x2214</load_address>
         <readonly>true</readonly>
         <executable>true</executable>
         <run_address>0x2214</run_address>
         <size>0x12</size>
         <alignment>0x1</alignment>
         <input_file_ref idref="fl-115"/>
      </object_component>
      <object_component id="oc-20">
         <name>.text:decompress:none</name>
         <load_address>0x2226</load_address>
         <readonly>true</readonly>
         <executable>true</executable>
         <run_address>0x2226</run_address>
         <size>0x12</size>
         <alignment>0x2</alignment>
         <input_file_ref idref="fl-40"/>
      </object_component>
      <object_component id="oc-11b">
         <name>.text._Z11Clock_Delayj</name>
         <load_address>0x2238</load_address>
         <readonly>true</readonly>
         <executable>true</executable>
         <run_address>0x2238</run_address>
         <size>0x10</size>
         <alignment>0x2</alignment>
         <input_file_ref idref="fl-1"/>
      </object_component>
      <object_component id="oc-1ba">
         <name>.text.OUTLINED_FUNCTION_0</name>
         <load_address>0x2248</load_address>
         <readonly>true</readonly>
         <executable>true</executable>
         <run_address>0x2248</run_address>
         <size>0xe</size>
         <alignment>0x2</alignment>
         <input_file_ref idref="fl-39"/>
      </object_component>
      <object_component id="oc-fd">
         <name>.text._Z12ST7735_lseekili</name>
         <load_address>0x2256</load_address>
         <readonly>true</readonly>
         <executable>true</executable>
         <run_address>0x2256</run_address>
         <size>0xe</size>
         <alignment>0x2</alignment>
         <input_file_ref idref="fl-7"/>
      </object_component>
      <object_component id="oc-1de">
         <name>.text.strcpy</name>
         <load_address>0x2264</load_address>
         <readonly>true</readonly>
         <executable>true</executable>
         <run_address>0x2264</run_address>
         <size>0xe</size>
         <alignment>0x2</alignment>
         <input_file_ref idref="fl-fd"/>
      </object_component>
      <object_component id="oc-1df">
         <name>.text.strlen</name>
         <load_address>0x2272</load_address>
         <readonly>true</readonly>
         <executable>true</executable>
         <run_address>0x2272</run_address>
         <size>0xe</size>
         <alignment>0x2</alignment>
         <input_file_ref idref="fl-fd"/>
      </object_component>
      <object_component id="oc-e1">
         <name>.text:TI_memset_small</name>
         <load_address>0x2280</load_address>
         <readonly>true</readonly>
         <executable>true</executable>
         <run_address>0x2280</run_address>
         <size>0xe</size>
         <alignment>0x1</alignment>
         <input_file_ref idref="fl-116"/>
      </object_component>
      <object_component id="oc-172">
         <name>.text._nop</name>
         <load_address>0x228e</load_address>
         <readonly>true</readonly>
         <executable>true</executable>
         <run_address>0x228e</run_address>
         <size>0x2</size>
         <alignment>0x2</alignment>
         <input_file_ref idref="fl-36"/>
      </object_component>
      <object_component id="oc-1c1">
         <name>.text._Z10Clock_Freqv</name>
         <load_address>0x2290</load_address>
         <readonly>true</readonly>
         <executable>true</executable>
         <run_address>0x2290</run_address>
         <size>0xc</size>
         <alignment>0x4</alignment>
         <input_file_ref idref="fl-1"/>
      </object_component>
      <object_component id="oc-fb">
         <name>.text._Z13ST7735_renamePKcS0_</name>
         <load_address>0x229c</load_address>
         <readonly>true</readonly>
         <executable>true</executable>
         <run_address>0x229c</run_address>
         <size>0xc</size>
         <alignment>0x2</alignment>
         <input_file_ref idref="fl-7"/>
      </object_component>
      <object_component id="oc-7b">
         <name>.text.__aeabi_memclr</name>
         <load_address>0x22a8</load_address>
         <readonly>true</readonly>
         <executable>true</executable>
         <run_address>0x22a8</run_address>
         <size>0xc</size>
         <alignment>0x4</alignment>
         <input_file_ref idref="fl-10d"/>
      </object_component>
      <object_component id="oc-15d">
         <name>.text.malloc</name>
         <load_address>0x22b4</load_address>
         <readonly>true</readonly>
         <executable>true</executable>
         <run_address>0x22b4</run_address>
         <size>0xc</size>
         <alignment>0x2</alignment>
         <input_file_ref idref="fl-39"/>
      </object_component>
      <object_component id="oc-102">
         <name>.text._Z12ST7735_closei</name>
         <load_address>0x22c0</load_address>
         <readonly>true</readonly>
         <executable>true</executable>
         <run_address>0x22c0</run_address>
         <size>0xa</size>
         <alignment>0x2</alignment>
         <input_file_ref idref="fl-7"/>
      </object_component>
      <object_component id="oc-fc">
         <name>.text._Z13ST7735_unlinkPKc</name>
         <load_address>0x22ca</load_address>
         <readonly>true</readonly>
         <executable>true</executable>
         <run_address>0x22ca</run_address>
         <size>0xa</size>
         <alignment>0x2</alignment>
         <input_file_ref idref="fl-7"/>
      </object_component>
      <object_component id="oc-9a">
         <name>.text._Z8PLL_Initv</name>
         <load_address>0x22d4</load_address>
         <readonly>true</readonly>
         <executable>true</executable>
         <run_address>0x22d4</run_address>
         <size>0xa</size>
         <alignment>0x2</alignment>
         <input_file_ref idref="fl-4"/>
      </object_component>
      <object_component id="oc-52">
         <name>.text.__aeabi_memcpy</name>
         <load_address>0x22e0</load_address>
         <readonly>true</readonly>
         <executable>true</executable>
         <run_address>0x22e0</run_address>
         <size>0x8</size>
         <alignment>0x4</alignment>
         <input_file_ref idref="fl-10c"/>
      </object_component>
      <object_component id="oc-1b2">
         <name>.text.remove</name>
         <load_address>0x22e8</load_address>
         <readonly>true</readonly>
         <executable>true</executable>
         <run_address>0x22e8</run_address>
         <size>0x8</size>
         <alignment>0x2</alignment>
         <input_file_ref idref="fl-f3"/>
      </object_component>
      <object_component id="oc-c1">
         <name>.text:abort</name>
         <load_address>0x22f0</load_address>
         <readonly>true</readonly>
         <executable>true</executable>
         <run_address>0x22f0</run_address>
         <size>0x6</size>
         <alignment>0x2</alignment>
         <input_file_ref idref="fl-35"/>
      </object_component>
      <object_component id="oc-128">
         <name>.text.HOSTexit</name>
         <load_address>0x22f6</load_address>
         <readonly>true</readonly>
         <executable>true</executable>
         <run_address>0x22f6</run_address>
         <size>0x4</size>
         <alignment>0x2</alignment>
         <input_file_ref idref="fl-f0"/>
      </object_component>
      <object_component id="oc-32">
         <name>.text.Reset_Handler</name>
         <load_address>0x22fa</load_address>
         <readonly>true</readonly>
         <executable>true</executable>
         <run_address>0x22fa</run_address>
         <size>0x4</size>
         <alignment>0x2</alignment>
         <input_file_ref idref="fl-f"/>
      </object_component>
      <object_component id="oc-80">
         <name>.text._system_pre_init</name>
         <load_address>0x22fe</load_address>
         <readonly>true</readonly>
         <executable>true</executable>
         <run_address>0x22fe</run_address>
         <size>0x4</size>
         <alignment>0x2</alignment>
         <input_file_ref idref="fl-3d"/>
      </object_component>
      <object_component id="oc-245">
         <name>.cinit..data.load</name>
         <load_address>0x36f0</load_address>
         <readonly>true</readonly>
         <run_address>0x36f0</run_address>
         <size>0x6e</size>
         <alignment>0x1</alignment>
      </object_component>
      <object_component id="oc-243">
         <name>__TI_handler_table</name>
         <load_address>0x3760</load_address>
         <readonly>true</readonly>
         <run_address>0x3760</run_address>
         <size>0xc</size>
         <alignment>0x4</alignment>
      </object_component>
      <object_component id="oc-246">
         <name>.cinit..bss.load</name>
         <load_address>0x376c</load_address>
         <readonly>true</readonly>
         <run_address>0x376c</run_address>
         <size>0x8</size>
         <alignment>0x4</alignment>
      </object_component>
      <object_component id="oc-244">
         <name>__TI_cinit_table</name>
         <load_address>0x3774</load_address>
         <readonly>true</readonly>
         <run_address>0x3774</run_address>
         <size>0x10</size>
         <alignment>0x4</alignment>
      </object_component>
      <object_component id="oc-16f">
         <name>.rodata._ZL4Font</name>
         <load_address>0x2310</load_address>
         <readonly>true</readonly>
         <run_address>0x2310</run_address>
         <size>0x4fb</size>
         <alignment>0x1</alignment>
         <input_file_ref idref="fl-7"/>
      </object_component>
      <object_component id="oc-118">
         <name>.rodata._ZL17SmallFontVertical</name>
         <load_address>0x280c</load_address>
         <readonly>true</readonly>
         <run_address>0x280c</run_address>
         <size>0x258</size>
         <alignment>0x2</alignment>
         <input_file_ref idref="fl-9"/>
      </object_component>
      <object_component id="oc-b9">
         <name>.rodata._ZL18SmallEnemy10pointA</name>
         <load_address>0x2a64</load_address>
         <readonly>true</readonly>
         <run_address>0x2a64</run_address>
         <size>0x140</size>
         <alignment>0x2</alignment>
         <input_file_ref idref="fl-4"/>
      </object_component>
      <object_component id="oc-ba">
         <name>.rodata._ZL18SmallEnemy10pointB</name>
         <load_address>0x2ba4</load_address>
         <readonly>true</readonly>
         <run_address>0x2ba4</run_address>
         <size>0x140</size>
         <alignment>0x2</alignment>
         <input_file_ref idref="fl-4"/>
      </object_component>
      <object_component id="oc-bb">
         <name>.rodata._ZL18SmallEnemy20pointA</name>
         <load_address>0x2ce4</load_address>
         <readonly>true</readonly>
         <run_address>0x2ce4</run_address>
         <size>0x140</size>
         <alignment>0x2</alignment>
         <input_file_ref idref="fl-4"/>
      </object_component>
      <object_component id="oc-bc">
         <name>.rodata._ZL18SmallEnemy20pointB</name>
         <load_address>0x2e24</load_address>
         <readonly>true</readonly>
         <run_address>0x2e24</run_address>
         <size>0x140</size>
         <alignment>0x2</alignment>
         <input_file_ref idref="fl-4"/>
      </object_component>
      <object_component id="oc-bd">
         <name>.rodata._ZL18SmallEnemy30pointA</name>
         <load_address>0x2f64</load_address>
         <readonly>true</readonly>
         <run_address>0x2f64</run_address>
         <size>0x140</size>
         <alignment>0x2</alignment>
         <input_file_ref idref="fl-4"/>
      </object_component>
      <object_component id="oc-b4">
         <name>.rodata._ZL11PlayerShip0</name>
         <load_address>0x30a4</load_address>
         <readonly>true</readonly>
         <run_address>0x30a4</run_address>
         <size>0x120</size>
         <alignment>0x2</alignment>
         <input_file_ref idref="fl-4"/>
      </object_component>
      <object_component id="oc-b6">
         <name>.rodata._ZL11PlayerShip1</name>
         <load_address>0x31c4</load_address>
         <readonly>true</readonly>
         <run_address>0x31c4</run_address>
         <size>0x120</size>
         <alignment>0x2</alignment>
         <input_file_ref idref="fl-4"/>
      </object_component>
      <object_component id="oc-b7">
         <name>.rodata._ZL11PlayerShip2</name>
         <load_address>0x32e4</load_address>
         <readonly>true</readonly>
         <run_address>0x32e4</run_address>
         <size>0x120</size>
         <alignment>0x2</alignment>
         <input_file_ref idref="fl-4"/>
      </object_component>
      <object_component id="oc-b8">
         <name>.rodata._ZL11PlayerShip3</name>
         <load_address>0x3404</load_address>
         <readonly>true</readonly>
         <run_address>0x3404</run_address>
         <size>0x120</size>
         <alignment>0x2</alignment>
         <input_file_ref idref="fl-4"/>
      </object_component>
      <object_component id="oc-b5">
         <name>.rodata._ZL7Bunker0</name>
         <load_address>0x3524</load_address>
         <readonly>true</readonly>
         <run_address>0x3524</run_address>
         <size>0xb4</size>
         <alignment>0x2</alignment>
         <input_file_ref idref="fl-4"/>
      </object_component>
      <object_component id="oc-117">
         <name>.rodata._ZL6dblank</name>
         <load_address>0x35d8</load_address>
         <readonly>true</readonly>
         <run_address>0x35d8</run_address>
         <size>0x3c</size>
         <alignment>0x2</alignment>
         <input_file_ref idref="fl-9"/>
      </object_component>
      <object_component id="oc-13e">
         <name>.rodata._ZL5Rcmd1</name>
         <load_address>0x3614</load_address>
         <readonly>true</readonly>
         <run_address>0x3614</run_address>
         <size>0x3b</size>
         <alignment>0x1</alignment>
         <input_file_ref idref="fl-7"/>
      </object_component>
      <object_component id="oc-143">
         <name>.rodata._ZL5Rcmd3</name>
         <load_address>0x364f</load_address>
         <readonly>true</readonly>
         <run_address>0x364f</run_address>
         <size>0x2b</size>
         <alignment>0x1</alignment>
         <input_file_ref idref="fl-7"/>
      </object_component>
      <object_component id="oc-16d">
         <name>.rodata.str1.14736978382213673245.1</name>
         <load_address>0x367a</load_address>
         <readonly>true</readonly>
         <run_address>0x367a</run_address>
         <size>0x16</size>
         <alignment>0x1</alignment>
         <input_file_ref idref="fl-7"/>
      </object_component>
      <object_component id="oc-140">
         <name>.rodata._ZL10Rcmd2green</name>
         <load_address>0x3690</load_address>
         <readonly>true</readonly>
         <run_address>0x3690</run_address>
         <size>0xd</size>
         <alignment>0x1</alignment>
         <input_file_ref idref="fl-7"/>
      </object_component>
      <object_component id="oc-13f">
         <name>.rodata._ZL8Rcmd2red</name>
         <load_address>0x369d</load_address>
         <readonly>true</readonly>
         <run_address>0x369d</run_address>
         <size>0xd</size>
         <alignment>0x1</alignment>
         <input_file_ref idref="fl-7"/>
      </object_component>
      <object_component id="oc-c0">
         <name>.rodata.str1.20398113083109969.1</name>
         <load_address>0x36aa</load_address>
         <readonly>true</readonly>
         <run_address>0x36aa</run_address>
         <size>0xb</size>
         <alignment>0x1</alignment>
         <input_file_ref idref="fl-4"/>
      </object_component>
      <object_component id="oc-bf">
         <name>.rodata.str1.11799588374900605218.1</name>
         <load_address>0x36b5</load_address>
         <readonly>true</readonly>
         <run_address>0x36b5</run_address>
         <size>0xa</size>
         <alignment>0x1</alignment>
         <input_file_ref idref="fl-4"/>
      </object_component>
      <object_component id="oc-be">
         <name>.rodata.str1.17941944938679876980.1</name>
         <load_address>0x36bf</load_address>
         <readonly>true</readonly>
         <run_address>0x36bf</run_address>
         <size>0xa</size>
         <alignment>0x1</alignment>
         <input_file_ref idref="fl-4"/>
      </object_component>
      <object_component id="oc-107">
         <name>.rodata.str1.7209918599617305731.1</name>
         <load_address>0x36c9</load_address>
         <readonly>true</readonly>
         <run_address>0x36c9</run_address>
         <size>0x8</size>
         <alignment>0x1</alignment>
         <input_file_ref idref="fl-7"/>
      </object_component>
      <object_component id="oc-103">
         <name>.rodata.str1.10208736415454880443.1</name>
         <load_address>0x36d1</load_address>
         <readonly>true</readonly>
         <run_address>0x36d1</run_address>
         <size>0x7</size>
         <alignment>0x1</alignment>
         <input_file_ref idref="fl-7"/>
      </object_component>
      <object_component id="oc-100">
         <name>.rodata.str1.8723687351022562626.1</name>
         <load_address>0x36d8</load_address>
         <readonly>true</readonly>
         <run_address>0x36d8</run_address>
         <size>0x7</size>
         <alignment>0x1</alignment>
         <input_file_ref idref="fl-7"/>
      </object_component>
      <object_component id="oc-104">
         <name>.rodata.str1.18358205720993799461.1</name>
         <load_address>0x36df</load_address>
         <readonly>true</readonly>
         <run_address>0x36df</run_address>
         <size>0x2</size>
         <alignment>0x1</alignment>
         <input_file_ref idref="fl-7"/>
      </object_component>
      <object_component id="oc-2f">
         <name>.init_array</name>
         <load_address>0x36e8</load_address>
         <readonly>true</readonly>
         <run_address>0x36e8</run_address>
         <size>0x4</size>
         <alignment>0x4</alignment>
         <input_file_ref idref="fl-4"/>
      </object_component>
      <object_component id="oc-247">
         <name>SHT$$INIT_ARRAY$$Limit</name>
         <load_address>0x36ec</load_address>
         <readonly>true</readonly>
         <run_address>0x36ec</run_address>
         <size>0x0</size>
         <alignment>0x0</alignment>
      </object_component>
      <object_component id="oc-20d">
         <name>.binit</name>
         <load_address>0x0</load_address>
         <readonly>true</readonly>
         <run_address>0x0</run_address>
         <size>0x0</size>
         <alignment>0x4</alignment>
      </object_component>
      <object_component id="oc-11c">
         <name>.data.BusFreq</name>
         <load_address>0x202003d4</load_address>
         <readwrite>true</readwrite>
         <run_address>0x202003d4</run_address>
         <size>0x4</size>
         <alignment>0x4</alignment>
         <input_file_ref idref="fl-1"/>
      </object_component>
      <object_component id="oc-df">
         <name>.data.Sensor</name>
         <load_address>0x202003b8</load_address>
         <readwrite>true</readwrite>
         <run_address>0x202003b8</run_address>
         <size>0x14</size>
         <alignment>0x4</alignment>
         <input_file_ref idref="fl-4"/>
      </object_component>
      <object_component id="oc-11f">
         <name>.data.StX</name>
         <load_address>0x202003d8</load_address>
         <readwrite>true</readwrite>
         <run_address>0x202003d8</run_address>
         <size>0x4</size>
         <alignment>0x4</alignment>
         <input_file_ref idref="fl-7"/>
      </object_component>
      <object_component id="oc-120">
         <name>.data.StY</name>
         <load_address>0x202003dc</load_address>
         <readwrite>true</readwrite>
         <run_address>0x202003dc</run_address>
         <size>0x4</size>
         <alignment>0x4</alignment>
         <input_file_ref idref="fl-7"/>
      </object_component>
      <object_component id="oc-127">
         <name>.data.StTextColor</name>
         <load_address>0x202003ec</load_address>
         <readwrite>true</readwrite>
         <run_address>0x202003ec</run_address>
         <size>0x2</size>
         <alignment>0x2</alignment>
         <input_file_ref idref="fl-7"/>
      </object_component>
      <object_component id="oc-10b">
         <name>.data._ZL6_width</name>
         <load_address>0x202003ee</load_address>
         <readwrite>true</readwrite>
         <run_address>0x202003ee</run_address>
         <size>0x2</size>
         <alignment>0x2</alignment>
         <input_file_ref idref="fl-7"/>
      </object_component>
      <object_component id="oc-10c">
         <name>.data._ZL7_height</name>
         <load_address>0x202003f0</load_address>
         <readwrite>true</readwrite>
         <run_address>0x202003f0</run_address>
         <size>0x2</size>
         <alignment>0x2</alignment>
         <input_file_ref idref="fl-7"/>
      </object_component>
      <object_component id="oc-130">
         <name>.data..L_MergedGlobals</name>
         <load_address>0x202003cc</load_address>
         <readwrite>true</readwrite>
         <run_address>0x202003cc</run_address>
         <size>0x8</size>
         <alignment>0x4</alignment>
         <input_file_ref idref="fl-35"/>
      </object_component>
      <object_component id="oc-12e">
         <name>.data._lock</name>
         <load_address>0x202003e4</load_address>
         <readwrite>true</readwrite>
         <run_address>0x202003e4</run_address>
         <size>0x4</size>
         <alignment>0x4</alignment>
         <input_file_ref idref="fl-36"/>
      </object_component>
      <object_component id="oc-131">
         <name>.data._unlock</name>
         <load_address>0x202003e8</load_address>
         <readwrite>true</readwrite>
         <run_address>0x202003e8</run_address>
         <size>0x4</size>
         <alignment>0x4</alignment>
         <input_file_ref idref="fl-36"/>
      </object_component>
      <object_component id="oc-105">
         <name>.data._ftable</name>
         <load_address>0x20200200</load_address>
         <readwrite>true</readwrite>
         <run_address>0x20200200</run_address>
         <size>0xf0</size>
         <alignment>0x4</alignment>
         <input_file_ref idref="fl-38"/>
      </object_component>
      <object_component id="oc-1a3">
         <name>.data.__TI_ft_end</name>
         <load_address>0x202003e0</load_address>
         <readwrite>true</readwrite>
         <run_address>0x202003e0</run_address>
         <size>0x4</size>
         <alignment>0x4</alignment>
         <input_file_ref idref="fl-38"/>
      </object_component>
      <object_component id="oc-1fa">
         <name>.data.memory_is_initialized</name>
         <load_address>0x202003f8</load_address>
         <readwrite>true</readwrite>
         <run_address>0x202003f8</run_address>
         <size>0x1</size>
         <alignment>0x4</alignment>
         <input_file_ref idref="fl-39"/>
      </object_component>
      <object_component id="oc-14c">
         <name>.data._device</name>
         <load_address>0x202002f0</load_address>
         <readwrite>true</readwrite>
         <run_address>0x202002f0</run_address>
         <size>0x78</size>
         <alignment>0x4</alignment>
         <input_file_ref idref="fl-f2"/>
      </object_component>
      <object_component id="oc-1e4">
         <name>.data._stream</name>
         <load_address>0x20200368</load_address>
         <readwrite>true</readwrite>
         <run_address>0x20200368</run_address>
         <size>0x50</size>
         <alignment>0x4</alignment>
         <input_file_ref idref="fl-f2"/>
      </object_component>
      <object_component id="oc-1e3">
         <name>.data.open.stream_init</name>
         <load_address>0x202003fc</load_address>
         <readwrite>true</readwrite>
         <run_address>0x202003fc</run_address>
         <size>0x1</size>
         <alignment>0x4</alignment>
         <input_file_ref idref="fl-f4"/>
      </object_component>
      <object_component id="oc-14b">
         <name>.data.add_device.device_init</name>
         <load_address>0x202003f4</load_address>
         <readwrite>true</readwrite>
         <run_address>0x202003f4</run_address>
         <size>0x1</size>
         <alignment>0x4</alignment>
         <input_file_ref idref="fl-f7"/>
      </object_component>
      <object_component id="oc-141">
         <name>.bss._ZL8ColStart</name>
         <uninitialized>true</uninitialized>
         <readwrite>true</readwrite>
         <run_address>0x202005e4</run_address>
         <size>0x1</size>
         <alignment>0x1</alignment>
         <input_file_ref idref="fl-7"/>
      </object_component>
      <object_component id="oc-142">
         <name>.bss._ZL8RowStart</name>
         <uninitialized>true</uninitialized>
         <readwrite>true</readwrite>
         <run_address>0x202005e5</run_address>
         <size>0x1</size>
         <alignment>0x1</alignment>
         <input_file_ref idref="fl-7"/>
      </object_component>
      <object_component id="oc-144">
         <name>.bss._ZL8TabColor</name>
         <uninitialized>true</uninitialized>
         <readwrite>true</readwrite>
         <run_address>0x202005e6</run_address>
         <size>0x1</size>
         <alignment>0x1</alignment>
         <input_file_ref idref="fl-7"/>
      </object_component>
      <object_component id="oc-126">
         <name>.bss.Message</name>
         <uninitialized>true</uninitialized>
         <readwrite>true</readwrite>
         <run_address>0x202005c0</run_address>
         <size>0xc</size>
         <alignment>0x1</alignment>
         <input_file_ref idref="fl-7"/>
      </object_component>
      <object_component id="oc-125">
         <name>.bss.Messageindex</name>
         <uninitialized>true</uninitialized>
         <readwrite>true</readwrite>
         <run_address>0x202005d4</run_address>
         <size>0x4</size>
         <alignment>0x4</alignment>
         <input_file_ref idref="fl-7"/>
      </object_component>
      <object_component id="oc-72">
         <name>.bss.TExaSLogic</name>
         <uninitialized>true</uninitialized>
         <readwrite>true</readwrite>
         <run_address>0x202005d8</run_address>
         <size>0x4</size>
         <alignment>0x4</alignment>
         <input_file_ref idref="fl-c"/>
      </object_component>
      <object_component id="oc-71">
         <name>.bss.TExaSadc</name>
         <uninitialized>true</uninitialized>
         <readwrite>true</readwrite>
         <run_address>0x202005dc</run_address>
         <size>0x4</size>
         <alignment>0x4</alignment>
         <input_file_ref idref="fl-c"/>
      </object_component>
      <object_component id="oc-1b6">
         <name>.bss.__TI_tmpnams</name>
         <uninitialized>true</uninitialized>
         <readwrite>true</readwrite>
         <run_address>0x20200520</run_address>
         <size>0xa0</size>
         <alignment>0x1</alignment>
         <input_file_ref idref="fl-38"/>
      </object_component>
      <object_component id="oc-1f8">
         <name>.bss.sys_free</name>
         <uninitialized>true</uninitialized>
         <readwrite>true</readwrite>
         <run_address>0x202005e0</run_address>
         <size>0x4</size>
         <alignment>0x4</alignment>
         <input_file_ref idref="fl-39"/>
      </object_component>
      <object_component id="oc-1cb">
         <name>.bss.parmbuf</name>
         <uninitialized>true</uninitialized>
         <readwrite>true</readwrite>
         <run_address>0x202005cc</run_address>
         <size>0x8</size>
         <alignment>0x1</alignment>
         <input_file_ref idref="fl-fb"/>
      </object_component>
      <object_component id="oc-1fb">
         <name>.bss:_CIOBUF_</name>
         <uninitialized>true</uninitialized>
         <readwrite>true</readwrite>
         <run_address>0x20200400</run_address>
         <size>0x120</size>
         <alignment>0x4</alignment>
         <input_file_ref idref="fl-100"/>
      </object_component>
      <object_component id="oc-30">
         <name>.sysmem</name>
         <uninitialized>true</uninitialized>
[...]
      </symbol>
      <symbol id="sm-10c">
         <name>_Z16ST7735_DrawCharSsscssh</name>
         <value>0x485</value>
         <object_component_ref idref="oc-124"/>
      </symbol>
      <symbol id="sm-10d">
         <name>_Z17ST7735_DrawStringttPcs</name>
         <value>0x152d</value>
         <object_component_ref idref="oc-123"/>
      </symbol>
      <symbol id="sm-10e">
         <name>_Z11fillmessagej</name>
         <value>0x1a4d</value>
         <object_component_ref idref="oc-122"/>
      </symbol>
      <symbol id="sm-10f">
         <name>Messageindex</name>
         <value>0x202005d4</value>
         <object_component_ref idref="oc-125"/>
      </symbol>
      <symbol id="sm-110">
         <name>Message</name>
         <value>0x202005c0</value>
         <object_component_ref idref="oc-126"/>
      </symbol>
      <symbol id="sm-111">
         <name>_Z14ST7735_OutUDecj</name>
         <value>0x14a9</value>
         <object_component_ref idref="oc-b3"/>
      </symbol>
      <symbol id="sm-112">
         <name>_Z14ST7735_OutCharc</name>
         <value>0x1045</value>
         <object_component_ref idref="oc-121"/>
      </symbol>
      <symbol id="sm-113">
         <name>_Z16ST7735_OutStringPc</name>
         <value>0x210d</value>
         <object_component_ref idref="oc-b2"/>
      </symbol>
      <symbol id="sm-114">
         <name>_Z11ST7735_openPKcji</name>
         <value>0x21bd</value>
         <object_component_ref idref="oc-101"/>
      </symbol>
      <symbol id="sm-115">
         <name>_Z12ST7735_closei</name>
         <value>0x22c1</value>
         <object_component_ref idref="oc-102"/>
      </symbol>
      <symbol id="sm-116">
         <name>_Z11ST7735_readiPcj</name>
         <value>0x21d3</value>
         <object_component_ref idref="oc-ff"/>
      </symbol>
      <symbol id="sm-117">
         <name>_Z12ST7735_writeiPKcj</name>
         <value>0x1de1</value>
         <object_component_ref idref="oc-fe"/>
      </symbol>
      <symbol id="sm-118">
         <name>_Z12ST7735_lseekili</name>
         <value>0x2257</value>
         <object_component_ref idref="oc-fd"/>
      </symbol>
      <symbol id="sm-119">
         <name>_Z13ST7735_unlinkPKc</name>
         <value>0x22cb</value>
         <object_component_ref idref="oc-fc"/>
      </symbol>
      <symbol id="sm-11a">
         <name>_Z13ST7735_renamePKcS0_</name>
         <value>0x229d</value>
         <object_component_ref idref="oc-fb"/>
      </symbol>
      <symbol id="sm-11b">
         <name>_Z17ST7735_InitPrintf10initRFlags</name>
         <value>0x11b9</value>
         <object_component_ref idref="oc-a0"/>
      </symbol>
      <symbol id="sm-124">
         <name>_ZN8SlidePotC2Ejj</name>
         <value>0x21e9</value>
         <object_component_ref idref="oc-da"/>
      </symbol>
      <symbol id="sm-125">
         <name>_ZN8SlidePotC1Ejj</name>
         <value>0x21e9</value>
         <object_component_ref idref="oc-da"/>
      </symbol>
      <symbol id="sm-133">
         <name>_Z21SmallFont_OutVerticaljss</name>
         <value>0x625</value>
         <object_component_ref idref="oc-a7"/>
      </symbol>
      <symbol id="sm-13c">
         <name>SysTick_Handler</name>
         <value>0x11b7</value>
         <object_component_ref idref="oc-38"/>
      </symbol>
      <symbol id="sm-147">
         <name>TIMG7_IRQHandler</name>
         <value>0x1c71</value>
         <object_component_ref idref="oc-3d"/>
      </symbol>
      <symbol id="sm-148">
         <name>TExaSadc</name>
         <value>0x202005dc</value>
         <object_component_ref idref="oc-71"/>
      </symbol>
      <symbol id="sm-149">
         <name>TExaSLogic</name>
         <value>0x202005d8</value>
         <object_component_ref idref="oc-72"/>
      </symbol>
      <symbol id="sm-15c">
         <name>Default_Handler</name>
         <value>0x2151</value>
         <object_component_ref idref="oc-36"/>
      </symbol>
      <symbol id="sm-15d">
         <name>Reset_Handler</name>
         <value>0x22fb</value>
         <object_component_ref idref="oc-32"/>
      </symbol>
      <symbol id="sm-15e">
         <name>HardFault_Handler</name>
         <value>0x216d</value>
         <object_component_ref idref="oc-37"/>
      </symbol>
      <symbol id="sm-15f">
         <name>interruptVectors</name>
         <value>0x0</value>
         <object_component_ref idref="oc-18"/>
      </symbol>
      <symbol id="sm-160">
         <name>NMI_Handler</name>
         <value>0x2151</value>
         <object_component_ref idref="oc-36"/>
      </symbol>
      <symbol id="sm-161">
         <name>SVC_Handler</name>
         <value>0x2151</value>
         <object_component_ref idref="oc-36"/>
      </symbol>
      <symbol id="sm-162">
         <name>PendSV_Handler</name>
         <value>0x2151</value>
         <object_component_ref idref="oc-36"/>
      </symbol>
      <symbol id="sm-163">
         <name>GROUP0_IRQHandler</name>
         <value>0x2151</value>
         <object_component_ref idref="oc-36"/>
      </symbol>
      <symbol id="sm-164">
         <name>GROUP1_IRQHandler</name>
         <value>0x2151</value>
         <object_component_ref idref="oc-36"/>
      </symbol>
      <symbol id="sm-165">
         <name>TIMG8_IRQHandler</name>
         <value>0x2151</value>
         <object_component_ref idref="oc-36"/>
      </symbol>
      <symbol id="sm-166">
         <name>UART3_IRQHandler</name>
         <value>0x2151</value>
         <object_component_ref idref="oc-36"/>
      </symbol>
      <symbol id="sm-167">
         <name>ADC0_IRQHandler</name>
         <value>0x2151</value>
         <object_component_ref idref="oc-36"/>
      </symbol>
      <symbol id="sm-168">
         <name>ADC1_IRQHandler</name>
         <value>0x2151</value>
         <object_component_ref idref="oc-36"/>
      </symbol>
      <symbol id="sm-169">
         <name>CANFD0_IRQHandler</name>
         <value>0x2151</value>
         <object_component_ref idref="oc-36"/>
      </symbol>
      <symbol id="sm-16a">
         <name>DAC0_IRQHandler</name>
         <value>0x2151</value>
         <object_component_ref idref="oc-36"/>
      </symbol>
      <symbol id="sm-16b">
         <name>SPI0_IRQHandler</name>
         <value>0x2151</value>
         <object_component_ref idref="oc-36"/>
      </symbol>
      <symbol id="sm-16c">
         <name>SPI1_IRQHandler</name>
         <value>0x2151</value>
         <object_component_ref idref="oc-36"/>
      </symbol>
      <symbol id="sm-16d">
         <name>UART1_IRQHandler</name>
         <value>0x2151</value>
         <object_component_ref idref="oc-36"/>
      </symbol>
      <symbol id="sm-16e">
         <name>UART2_IRQHandler</name>
         <value>0x2151</value>
         <object_component_ref idref="oc-36"/>
      </symbol>
      <symbol id="sm-16f">
         <name>UART0_IRQHandler</name>
         <value>0x2151</value>
         <object_component_ref idref="oc-36"/>
      </symbol>
      <symbol id="sm-170">
         <name>TIMG0_IRQHandler</name>
         <value>0x2151</value>
         <object_component_ref idref="oc-36"/>
      </symbol>
      <symbol id="sm-171">
         <name>TIMG6_IRQHandler</name>
         <value>0x2151</value>
         <object_component_ref idref="oc-36"/>
      </symbol>
      <symbol id="sm-172">
         <name>TIMA0_IRQHandler</name>
         <value>0x2151</value>
         <object_component_ref idref="oc-36"/>
      </symbol>
      <symbol id="sm-173">
         <name>TIMA1_IRQHandler</name>
         <value>0x2151</value>
         <object_component_ref idref="oc-36"/>
      </symbol>
      <symbol id="sm-174">
         <name>I2C0_IRQHandler</name>
         <value>0x2151</value>
         <object_component_ref idref="oc-36"/>
      </symbol>
      <symbol id="sm-175">
         <name>I2C1_IRQHandler</name>
         <value>0x2151</value>
         <object_component_ref idref="oc-36"/>
      </symbol>
      <symbol id="sm-176">
         <name>AES_IRQHandler</name>
         <value>0x2151</value>
         <object_component_ref idref="oc-36"/>
      </symbol>
      <symbol id="sm-177">
         <name>RTC_IRQHandler</name>
         <value>0x2151</value>
         <object_component_ref idref="oc-36"/>
      </symbol>
      <symbol id="sm-178">
         <name>DMA_IRQHandler</name>
         <value>0x2151</value>
         <object_component_ref idref="oc-36"/>
      </symbol>
      <symbol id="sm-179">
         <name>__TI_ATRegion0_src_addr</name>
         <value>0x0</value>
      </symbol>
      <symbol id="sm-17a">
         <name>__TI_ATRegion0_trg_addr</name>
         <value>0x0</value>
      </symbol>
      <symbol id="sm-17b">
         <name>__TI_ATRegion0_region_sz</name>
         <value>0x0</value>
      </symbol>
      <symbol id="sm-17c">
         <name>__TI_ATRegion1_src_addr</name>
         <value>0x0</value>
      </symbol>
      <symbol id="sm-17d">
         <name>__TI_ATRegion1_trg_addr</name>
         <value>0x0</value>
      </symbol>
      <symbol id="sm-17e">
         <name>__TI_ATRegion1_region_sz</name>
         <value>0x0</value>
      </symbol>
      <symbol id="sm-17f">
         <name>__TI_ATRegion2_src_addr</name>
         <value>0x0</value>
      </symbol>
      <symbol id="sm-180">
         <name>__TI_ATRegion2_trg_addr</name>
         <value>0x0</value>
      </symbol>
      <symbol id="sm-181">
         <name>__TI_ATRegion2_region_sz</name>
         <value>0x0</value>
      </symbol>
      <symbol id="sm-19a">
         <name>fopen</name>
         <value>0x1fe5</value>
         <object_component_ref idref="oc-f0"/>
      </symbol>
      <symbol id="sm-19b">
         <name>__TI_cleanup</name>
         <value>0x1e7d</value>
         <object_component_ref idref="oc-15e"/>
      </symbol>
      <symbol id="sm-19c">
         <name>freopen</name>
         <value>0x1f81</value>
         <object_component_ref idref="oc-f6"/>
      </symbol>
      <symbol id="sm-1a6">
         <name>setvbuf</name>
         <value>0xf65</value>
         <object_component_ref idref="oc-f7"/>
      </symbol>
      <symbol id="sm-1b5">
         <name>abort</name>
         <value>0x22f1</value>
         <object_component_ref idref="oc-c1"/>
      </symbol>
      <symbol id="sm-1b6">
         <name>__TI_cleanup_ptr</name>
         <value>0x202003cc</value>
         <object_component_ref idref="oc-130"/>
      </symbol>
      <symbol id="sm-1b7">
         <name>__TI_dtors_ptr</name>
         <value>0x202003d0</value>
         <object_component_ref idref="oc-130"/>
      </symbol>
      <symbol id="sm-1b8">
         <name>exit</name>
         <value>0x1f19</value>
         <object_component_ref idref="oc-c6"/>
      </symbol>
      <symbol id="sm-1c1">
         <name>_nop</name>
         <value>0x228f</value>
         <object_component_ref idref="oc-172"/>
      </symbol>
      <symbol id="sm-1c2">
         <name>_lock</name>
         <value>0x202003e4</value>
         <object_component_ref idref="oc-12e"/>
      </symbol>
      <symbol id="sm-1c3">
         <name>_unlock</name>
         <value>0x202003e8</value>
         <object_component_ref idref="oc-131"/>
      </symbol>
      <symbol id="sm-1c9">
         <name>_ftable</name>
         <value>0x20200200</value>
         <object_component_ref idref="oc-105"/>
      </symbol>
      <symbol id="sm-1ca">
         <name>__TI_ft_end</name>
         <value>0x202003e0</value>
         <object_component_ref idref="oc-1a3"/>
      </symbol>
      <symbol id="sm-1cb">
         <name>__TI_tmpnams</name>
         <value>0x20200520</value>
         <object_component_ref idref="oc-1b6"/>
      </symbol>
      <symbol id="sm-1ee">
         <name>malloc</name>
         <value>0x22b5</value>
         <object_component_ref idref="oc-15d"/>
      </symbol>
      <symbol id="sm-1ef">
         <name>aligned_alloc</name>
         <value>0xb85</value>
         <object_component_ref idref="oc-1bc"/>
      </symbol>
      <symbol id="sm-1f0">
         <name>free</name>
         <value>0xe7d</value>
         <object_component_ref idref="oc-15b"/>
      </symbol>
      <symbol id="sm-1f1">
         <name>_sys_memory</name>
         <value>0x20200000</value>
         <object_component_ref idref="oc-30"/>
      </symbol>
      <symbol id="sm-1f2">
         <name>memalign</name>
         <value>0xb85</value>
         <object_component_ref idref="oc-1bc"/>
      </symbol>
      <symbol id="sm-1fd">
         <name>_c_int00_noargs</name>
         <value>0x20e5</value>
         <object_component_ref idref="oc-62"/>
      </symbol>
      <symbol id="sm-1fe">
         <name>__stack</name>
         <value>0x20207e00</value>
         <object_component_ref idref="oc-1a"/>
      </symbol>
      <symbol id="sm-20a">
         <name>__TI_auto_init_nobinit</name>
         <value>0x1aa1</value>
         <object_component_ref idref="oc-ce"/>
      </symbol>
      <symbol id="sm-212">
         <name>_system_pre_init</name>
         <value>0x22ff</value>
         <object_component_ref idref="oc-80"/>
      </symbol>
      <symbol id="sm-21d">
         <name>__TI_zero_init_nomemset</name>
         <value>0x21ff</value>
         <object_component_ref idref="oc-59"/>
      </symbol>
      <symbol id="sm-226">
         <name>__TI_decompress_none</name>
         <value>0x2227</value>
         <object_component_ref idref="oc-20"/>
      </symbol>
      <symbol id="sm-231">
         <name>__TI_decompress_lzss</name>
         <value>0x16a9</value>
         <object_component_ref idref="oc-1c"/>
      </symbol>
      <symbol id="sm-23d">
         <name>__TI_closefile</name>
         <value>0x162d</value>
         <object_component_ref idref="oc-155"/>
      </symbol>
      <symbol id="sm-247">
         <name>__TI_doflush</name>
         <value>0x1af5</value>
         <object_component_ref idref="oc-1a8"/>
      </symbol>
      <symbol id="sm-25a">
         <name>HOSTexit</name>
         <value>0x22f7</value>
         <object_component_ref idref="oc-128"/>
      </symbol>
      <symbol id="sm-25b">
         <name>C$$EXIT</name>
         <value>0x22f6</value>
         <object_component_ref idref="oc-128"/>
      </symbol>
      <symbol id="sm-265">
         <name>write</name>
         <value>0x20bd</value>
         <object_component_ref idref="oc-1e8"/>
      </symbol>
      <symbol id="sm-26a">
         <name>_device</name>
         <value>0x202002f0</value>
         <object_component_ref idref="oc-14c"/>
      </symbol>
      <symbol id="sm-26b">
         <name>_stream</name>
         <value>0x20200368</value>
         <object_component_ref idref="oc-1e4"/>
      </symbol>
      <symbol id="sm-274">
         <name>remove</name>
         <value>0x22e9</value>
         <object_component_ref idref="oc-1b2"/>
      </symbol>
      <symbol id="sm-280">
         <name>open</name>
         <value>0x1259</value>
         <object_component_ref idref="oc-1a4"/>
      </symbol>
      <symbol id="sm-28b">
         <name>close</name>
         <value>0x1b49</value>
         <object_component_ref idref="oc-1ae"/>
      </symbol>
      <symbol id="sm-297">
         <name>add_device</name>
         <value>0xd91</value>
         <object_component_ref idref="oc-ec"/>
      </symbol>
      <symbol id="sm-2a1">
         <name>unlink</name>
         <value>0x2041</value>
         <object_component_ref idref="oc-1f1"/>
      </symbol>
      <symbol id="sm-2ab">
         <name>HOSTclose</name>
         <value>0x1b99</value>
         <object_component_ref idref="oc-186"/>
      </symbol>
      <symbol id="sm-2b5">
         <name>HOSTlseek</name>
         <value>0x1795</value>
         <object_component_ref idref="oc-192"/>
      </symbol>
      <symbol id="sm-2bf">
         <name>HOSTopen</name>
         <value>0x193d</value>
         <object_component_ref idref="oc-182"/>
      </symbol>
      <symbol id="sm-2c0">
         <name>parmbuf</name>
         <value>0x202005cc</value>
         <object_component_ref idref="oc-1cb"/>
      </symbol>
      <symbol id="sm-2ca">
         <name>HOSTread</name>
         <value>0x199d</value>
         <object_component_ref idref="oc-18a"/>
      </symbol>
      <symbol id="sm-2db">
         <name>HOSTrename</name>
         <value>0x1801</value>
         <object_component_ref idref="oc-19a"/>
      </symbol>
      <symbol id="sm-2e5">
         <name>HOSTunlink</name>
         <value>0x1be1</value>
         <object_component_ref idref="oc-196"/>
      </symbol>
      <symbol id="sm-2ef">
         <name>HOSTwrite</name>
         <value>0x19f5</value>
         <object_component_ref idref="oc-18e"/>
      </symbol>
      <symbol id="sm-2fd">
         <name>C$$IO$$</name>
         <value>0x1f11</value>
         <object_component_ref idref="oc-1c4"/>
      </symbol>
      <symbol id="sm-2fe">
         <name>__TI_writemsg</name>
         <value>0x1ee5</value>
         <object_component_ref idref="oc-1c4"/>
      </symbol>
      <symbol id="sm-2ff">
         <name>__CIOBUF_</name>
         <value>0x20200400</value>
         <object_component_ref idref="oc-1fb"/>
      </symbol>
      <symbol id="sm-300">
         <name>__TI_readmsg</name>
         <value>0x1eb1</value>
         <object_component_ref idref="oc-1ca"/>
      </symbol>
      <symbol id="sm-301">
         <name>_CIOBUF_</name>
         <value>0x20200400</value>
         <object_component_ref idref="oc-1fb"/>
      </symbol>
      <symbol id="sm-307">
         <name>__aeabi_memcpy</name>
         <value>0x22e1</value>
         <object_component_ref idref="oc-52"/>
      </symbol>
      <symbol id="sm-308">
         <name>__aeabi_memcpy4</name>
         <value>0x22e1</value>
         <object_component_ref idref="oc-52"/>
      </symbol>
      <symbol id="sm-309">
         <name>__aeabi_memcpy8</name>
         <value>0x22e1</value>
         <object_component_ref idref="oc-52"/>
      </symbol>
      <symbol id="sm-310">
         <name>__aeabi_memclr</name>
         <value>0x22a9</value>
         <object_component_ref idref="oc-7b"/>
      </symbol>
      <symbol id="sm-311">
         <name>__aeabi_memclr4</name>
         <value>0x22a9</value>
         <object_component_ref idref="oc-7b"/>
      </symbol>
      <symbol id="sm-312">
         <name>__aeabi_memclr8</name>
         <value>0x22a9</value>
         <object_component_ref idref="oc-7b"/>
      </symbol>
      <symbol id="sm-318">
         <name>__aeabi_uidiv</name>
         <value>0x1cf1</value>
         <object_component_ref idref="oc-113"/>
      </symbol>
      <symbol id="sm-319">
         <name>__aeabi_uidivmod</name>
         <value>0x1cf1</value>
         <object_component_ref idref="oc-113"/>
      </symbol>
      <symbol id="sm-324">
         <name>__aeabi_idiv0</name>
         <value>0x1b47</value>
         <object_component_ref idref="oc-167"/>
      </symbol>
      <symbol id="sm-332">
         <name>finddevice</name>
         <value>0x1f4d</value>
         <object_component_ref idref="oc-145"/>
      </symbol>
      <symbol id="sm-333">
         <name>getdevice</name>
         <value>0x186d</value>
         <object_component_ref idref="oc-1e2"/>
      </symbol>
      <symbol id="sm-33c">
         <name>TI_memcpy_small</name>
         <value>0x2215</value>
         <object_component_ref idref="oc-90"/>
      </symbol>
      <symbol id="sm-345">
         <name>TI_memset_small</name>
         <value>0x2281</value>
         <object_component_ref idref="oc-e1"/>
      </symbol>
      <symbol id="sm-34d">
         <name>strcmp</name>
         <value>0x1421</value>
         <object_component_ref idref="oc-17c"/>
      </symbol>
      <symbol id="sm-34e">
         <name>__TI_static_base__</name>
         <value>0x0</value>
      </symbol>
      <symbol id="sm-351">
         <name>__mpu_init</name>
         <value>0x0</value>
      </symbol>
      <symbol id="sm-352">
         <name>_system_post_cinit</name>
         <value>0x0</value>
      </symbol>
   </symbol_table>
   <title>Link successful</title>
</link_info>
